Archive member included to satisfy reference by file (symbol)

d:/software/10 2020-q4-major/bin/../lib/gcc/arm-none-eabi/10.2.1/thumb/v7e-m/nofp\libgcc.a(_arm_muldf3.o)
                              CMakeFiles/CtrledCar.elf.dir/user/user.c.obj (__aeabi_dmul)
d:/software/10 2020-q4-major/bin/../lib/gcc/arm-none-eabi/10.2.1/thumb/v7e-m/nofp\libgcc.a(_arm_mulsf3.o)
                              CMakeFiles/CtrledCar.elf.dir/user/user.c.obj (__aeabi_fmul)
d:/software/10 2020-q4-major/bin/../lib/gcc/arm-none-eabi/10.2.1/thumb/v7e-m/nofp\libgcc.a(_arm_addsubdf3.o)
                              CMakeFiles/CtrledCar.elf.dir/user/user.c.obj (__aeabi_dsub)
d:/software/10 2020-q4-major/bin/../lib/gcc/arm-none-eabi/10.2.1/thumb/v7e-m/nofp\libgcc.a(_arm_muldivdf3.o)
                              CMakeFiles/CtrledCar.elf.dir/user/user.c.obj (__aeabi_ddiv)
d:/software/10 2020-q4-major/bin/../lib/gcc/arm-none-eabi/10.2.1/thumb/v7e-m/nofp\libgcc.a(_arm_cmpdf2.o)
                              CMakeFiles/CtrledCar.elf.dir/user/user.c.obj (__aeabi_dcmplt)
d:/software/10 2020-q4-major/bin/../lib/gcc/arm-none-eabi/10.2.1/thumb/v7e-m/nofp\libgcc.a(_arm_fixunsdfsi.o)
                              CMakeFiles/CtrledCar.elf.dir/user/user.c.obj (__aeabi_d2uiz)
d:/software/10 2020-q4-major/bin/../lib/gcc/arm-none-eabi/10.2.1/thumb/v7e-m/nofp\libgcc.a(_arm_truncdfsf2.o)
                              CMakeFiles/CtrledCar.elf.dir/user/user.c.obj (__aeabi_d2f)
d:/software/10 2020-q4-major/bin/../lib/gcc/arm-none-eabi/10.2.1/thumb/v7e-m/nofp\libgcc.a(_arm_addsubsf3.o)
                              CMakeFiles/CtrledCar.elf.dir/user/timepiece.c.obj (__aeabi_fadd)
d:/software/10 2020-q4-major/bin/../lib/gcc/arm-none-eabi/10.2.1/thumb/v7e-m/nofp\libgcc.a(_arm_muldivsf3.o)
                              CMakeFiles/CtrledCar.elf.dir/user/user.c.obj (__aeabi_fdiv)
d:/software/10 2020-q4-major/bin/../lib/gcc/arm-none-eabi/10.2.1/thumb/v7e-m/nofp\libgcc.a(_arm_cmpsf2.o)
                              CMakeFiles/CtrledCar.elf.dir/user/user.c.obj (__aeabi_fcmplt)
d:/software/10 2020-q4-major/bin/../lib/gcc/arm-none-eabi/10.2.1/thumb/v7e-m/nofp\libgcc.a(_arm_fixunssfsi.o)
                              CMakeFiles/CtrledCar.elf.dir/user/timepiece.c.obj (__aeabi_f2uiz)
d:/software/10 2020-q4-major/bin/../lib/gcc/arm-none-eabi/10.2.1/thumb/v7e-m/nofp\libgcc.a(_aeabi_uldivmod.o)
                              CMakeFiles/CtrledCar.elf.dir/Drivers/STM32F4xx_HAL_Driver/Src/stm32f4xx_hal_rcc.c.obj (__aeabi_uldivmod)
d:/software/10 2020-q4-major/bin/../lib/gcc/arm-none-eabi/10.2.1/thumb/v7e-m/nofp\libgcc.a(_udivmoddi4.o)
                              d:/software/10 2020-q4-major/bin/../lib/gcc/arm-none-eabi/10.2.1/thumb/v7e-m/nofp\libgcc.a(_aeabi_uldivmod.o) (__udivmoddi4)
d:/software/10 2020-q4-major/bin/../lib/gcc/arm-none-eabi/10.2.1/thumb/v7e-m/nofp\libgcc.a(_dvmd_tls.o)
                              d:/software/10 2020-q4-major/bin/../lib/gcc/arm-none-eabi/10.2.1/thumb/v7e-m/nofp\libgcc.a(_aeabi_uldivmod.o) (__aeabi_ldiv0)
d:/software/10 2020-q4-major/bin/../lib/gcc/arm-none-eabi/10.2.1/../../../../arm-none-eabi/lib/thumb/v7e-m/nofp\libg.a(lib_a-errno.o)
                              CMakeFiles/CtrledCar.elf.dir/Core/Src/syscalls.c.obj (__errno)
d:/software/10 2020-q4-major/bin/../lib/gcc/arm-none-eabi/10.2.1/../../../../arm-none-eabi/lib/thumb/v7e-m/nofp\libg.a(lib_a-exit.o)
                              d:/software/10 2020-q4-major/bin/../lib/gcc/arm-none-eabi/10.2.1/../../../../arm-none-eabi/lib/thumb/v7e-m/nofp/crt0.o (exit)
d:/software/10 2020-q4-major/bin/../lib/gcc/arm-none-eabi/10.2.1/../../../../arm-none-eabi/lib/thumb/v7e-m/nofp\libg.a(lib_a-impure.o)
                              d:/software/10 2020-q4-major/bin/../lib/gcc/arm-none-eabi/10.2.1/../../../../arm-none-eabi/lib/thumb/v7e-m/nofp\libg.a(lib_a-exit.o) (_global_impure_ptr)
d:/software/10 2020-q4-major/bin/../lib/gcc/arm-none-eabi/10.2.1/../../../../arm-none-eabi/lib/thumb/v7e-m/nofp\libg.a(lib_a-init.o)
                              d:/software/10 2020-q4-major/bin/../lib/gcc/arm-none-eabi/10.2.1/../../../../arm-none-eabi/lib/thumb/v7e-m/nofp/crt0.o (__libc_init_array)
d:/software/10 2020-q4-major/bin/../lib/gcc/arm-none-eabi/10.2.1/../../../../arm-none-eabi/lib/thumb/v7e-m/nofp\libg.a(lib_a-memset.o)
                              d:/software/10 2020-q4-major/bin/../lib/gcc/arm-none-eabi/10.2.1/../../../../arm-none-eabi/lib/thumb/v7e-m/nofp/crt0.o (memset)
d:/software/10 2020-q4-major/bin/../lib/gcc/arm-none-eabi/10.2.1/../../../../arm-none-eabi/lib/thumb/v7e-m/nofp\libg.a(lib_a-vsnprintf.o)
                              CMakeFiles/CtrledCar.elf.dir/Debug/Debug.c.obj (vsnprintf)
d:/software/10 2020-q4-major/bin/../lib/gcc/arm-none-eabi/10.2.1/../../../../arm-none-eabi/lib/thumb/v7e-m/nofp\libg.a(lib_a-__call_atexit.o)
[...]
Memory Configuration

Name             Origin             Length             Attributes
RAM              0x20000000         0x00010000         xrw
FLASH            0x08000000         0x00040000         xr
*default*        0x00000000         0xffffffff

Linker script and memory map

LOAD d:/software/10 2020-q4-major/bin/../lib/gcc/arm-none-eabi/10.2.1/thumb/v7e-m/nofp/crti.o
LOAD d:/software/10 2020-q4-major/bin/../lib/gcc/arm-none-eabi/10.2.1/thumb/v7e-m/nofp/crtbegin.o
LOAD d:/software/10 2020-q4-major/bin/../lib/gcc/arm-none-eabi/10.2.1/../../../../arm-none-eabi/lib/thumb/v7e-m/nofp/crt0.o
LOAD CMakeFiles/CtrledCar.elf.dir/Core/Src/gpio.c.obj
LOAD CMakeFiles/CtrledCar.elf.dir/Core/Src/main.c.obj
LOAD CMakeFiles/CtrledCar.elf.dir/Core/Src/stm32f4xx_hal_msp.c.obj
LOAD CMakeFiles/CtrledCar.elf.dir/Core/Src/stm32f4xx_it.c.obj
LOAD CMakeFiles/CtrledCar.elf.dir/Core/Src/syscalls.c.obj
LOAD CMakeFiles/CtrledCar.elf.dir/Core/Src/sysmem.c.obj
LOAD CMakeFiles/CtrledCar.elf.dir/Core/Src/system_stm32f4xx.c.obj
LOAD CMakeFiles/CtrledCar.elf.dir/Core/Src/tim.c.obj
LOAD CMakeFiles/CtrledCar.elf.dir/Core/Src/usart.c.obj
LOAD CMakeFiles/CtrledCar.elf.dir/Core/Startup/startup_stm32f401ccux.s.obj
LOAD CMakeFiles/CtrledCar.elf.dir/Debug/Debug.c.obj
LOAD CMakeFiles/CtrledCar.elf.dir/Drivers/STM32F4xx_HAL_Driver/Src/stm32f4xx_hal.c.obj
LOAD CMakeFiles/CtrledCar.elf.dir/Drivers/STM32F4xx_HAL_Driver/Src/stm32f4xx_hal_cortex.c.obj
LOAD CMakeFiles/CtrledCar.elf.dir/Drivers/STM32F4xx_HAL_Driver/Src/stm32f4xx_hal_dma.c.obj
LOAD CMakeFiles/CtrledCar.elf.dir/Drivers/STM32F4xx_HAL_Driver/Src/stm32f4xx_hal_dma_ex.c.obj
LOAD CMakeFiles/CtrledCar.elf.dir/Drivers/STM32F4xx_HAL_Driver/Src/stm32f4xx_hal_exti.c.obj
LOAD CMakeFiles/CtrledCar.elf.dir/Drivers/STM32F4xx_HAL_Driver/Src/stm32f4xx_hal_flash.c.obj
LOAD CMakeFiles/CtrledCar.elf.dir/Drivers/STM32F4xx_HAL_Driver/Src/stm32f4xx_hal_flash_ex.c.obj
LOAD CMakeFiles/CtrledCar.elf.dir/Drivers/STM32F4xx_HAL_Driver/Src/stm32f4xx_hal_flash_ramfunc.c.obj
LOAD CMakeFiles/CtrledCar.elf.dir/Drivers/STM32F4xx_HAL_Driver/Src/stm32f4xx_hal_gpio.c.obj
LOAD CMakeFiles/CtrledCar.elf.dir/Drivers/STM32F4xx_HAL_Driver/Src/stm32f4xx_hal_pwr.c.obj
LOAD CMakeFiles/CtrledCar.elf.dir/Drivers/STM32F4xx_HAL_Driver/Src/stm32f4xx_hal_pwr_ex.c.obj
LOAD CMakeFiles/CtrledCar.elf.dir/Drivers/STM32F4xx_HAL_Driver/Src/stm32f4xx_hal_rcc.c.obj
LOAD CMakeFiles/CtrledCar.elf.dir/Drivers/STM32F4xx_HAL_Driver/Src/stm32f4xx_hal_rcc_ex.c.obj
LOAD CMakeFiles/CtrledCar.elf.dir/Drivers/STM32F4xx_HAL_Driver/Src/stm32f4xx_hal_tim.c.obj
LOAD CMakeFiles/CtrledCar.elf.dir/Drivers/STM32F4xx_HAL_Driver/Src/stm32f4xx_hal_tim_ex.c.obj
LOAD CMakeFiles/CtrledCar.elf.dir/Drivers/STM32F4xx_HAL_Driver/Src/stm32f4xx_hal_uart.c.obj
LOAD CMakeFiles/CtrledCar.elf.dir/user/timepiece.c.obj
LOAD CMakeFiles/CtrledCar.elf.dir/user/user.c.obj
START GROUP
LOAD d:/software/10 2020-q4-major/bin/../lib/gcc/arm-none-eabi/10.2.1/thumb/v7e-m/nofp\libgcc.a
LOAD d:/software/10 2020-q4-major/bin/../lib/gcc/arm-none-eabi/10.2.1/../../../../arm-none-eabi/lib/thumb/v7e-m/nofp\libg.a
LOAD d:/software/10 2020-q4-major/bin/../lib/gcc/arm-none-eabi/10.2.1/../../../../arm-none-eabi/lib/thumb/v7e-m/nofp\libc.a
END GROUP
LOAD d:/software/10 2020-q4-major/bin/../lib/gcc/arm-none-eabi/10.2.1/thumb/v7e-m/nofp/crtend.o
LOAD d:/software/10 2020-q4-major/bin/../lib/gcc/arm-none-eabi/10.2.1/thumb/v7e-m/nofp/crtn.o
                0x20010000                _estack = (ORIGIN (RAM) + LENGTH (RAM))
                0x00000200                _Min_Heap_Size = 0x200
                0x00000400                _Min_Stack_Size = 0x400

.isr_vector     0x08000000      0x194
                0x08000000                . = ALIGN (0x4)
 *(.isr_vector)
 .isr_vector    0x08000000      0x194 CMakeFiles/CtrledCar.elf.dir/Core/Startup/startup_stm32f401ccux.s.obj
                0x08000000                g_pfnVectors
                0x08000194                . = ALIGN (0x4)

.text           0x08000198     0x41e8
                0x08000198                . = ALIGN (0x4)
 *(.text)
 .text          0x08000198       0x40 d:/software/10 2020-q4-major/bin/../lib/gcc/arm-none-eabi/10.2.1/thumb/v7e-m/nofp/crtbegin.o
 .text          0x080001d8      0x378 d:/software/10 2020-q4-major/bin/../lib/gcc/arm-none-eabi/10.2.1/thumb/v7e-m/nofp\libgcc.a(_arm_addsubdf3.o)
                0x080001d8                __aeabi_drsub
                0x080001e0                __aeabi_dsub
                0x080001e0                __subdf3
                0x080001e4                __aeabi_dadd
                0x080001e4                __adddf3
                0x0800045c                __floatunsidf
                0x0800045c                __aeabi_ui2d
                0x0800047c                __floatsidf
                0x0800047c                __aeabi_i2d
                0x080004a0                __aeabi_f2d
                0x080004a0                __extendsfdf2
                0x080004e4                __floatundidf
                0x080004e4                __aeabi_ul2d
                0x080004f4                __floatdidf
                0x080004f4                __aeabi_l2d
 .text          0x08000550      0x424 d:/software/10 2020-q4-major/bin/../lib/gcc/arm-none-eabi/10.2.1/thumb/v7e-m/nofp\libgcc.a(_arm_muldivdf3.o)
                0x08000550                __aeabi_dmul
                0x08000550                __muldf3
                0x080007a4                __divdf3
                0x080007a4                __aeabi_ddiv
 .text          0x08000974       0x40 d:/software/10 2020-q4-major/bin/../lib/gcc/arm-none-eabi/10.2.1/thumb/v7e-m/nofp\libgcc.a(_arm_fixunsdfsi.o)
                0x08000974                __aeabi_d2uiz
                0x08000974                __fixunsdfsi
 .text          0x080009b4       0xa0 d:/software/10 2020-q4-major/bin/../lib/gcc/arm-none-eabi/10.2.1/thumb/v7e-m/nofp\libgcc.a(_arm_truncdfsf2.o)
                0x080009b4                __truncdfsf2
                0x080009b4                __aeabi_d2f
 .text          0x08000a54      0x21c d:/software/10 2020-q4-major/bin/../lib/gcc/arm-none-eabi/10.2.1/thumb/v7e-m/nofp\libgcc.a(_arm_addsubsf3.o)
                0x08000a54                __aeabi_frsub
                0x08000a5c                __subsf3
                0x08000a5c                __aeabi_fsub
                0x08000a60                __aeabi_fadd
                0x08000a60                __addsf3
                0x08000bc0                __aeabi_ui2f
                0x08000bc0                __floatunsisf
                0x08000bc8                __aeabi_i2f
                0x08000bc8                __floatsisf
                0x08000be4                __aeabi_ul2f
                0x08000be4                __floatundisf
                0x08000bf4                __aeabi_l2f
                0x08000bf4                __floatdisf
 .text          0x08000c70      0x2a0 d:/software/10 2020-q4-major/bin/../lib/gcc/arm-none-eabi/10.2.1/thumb/v7e-m/nofp\libgcc.a(_arm_muldivsf3.o)
                0x08000c70                __mulsf3
                0x08000c70                __aeabi_fmul
                0x08000dd8                __aeabi_fdiv
                0x08000dd8                __divsf3
 .text          0x08000f10       0xec d:/software/10 2020-q4-major/bin/../lib/gcc/arm-none-eabi/10.2.1/thumb/v7e-m/nofp\libgcc.a(_arm_cmpsf2.o)
                0x08000f10                __gesf2
                0x08000f10                __gtsf2
                0x08000f18                __lesf2
                0x08000f18                __ltsf2
                0x08000f20                __nesf2
                0x08000f20                __eqsf2
                0x08000f20                __cmpsf2
                0x08000f80                __aeabi_cfrcmple
                0x08000f88                __aeabi_cfcmpeq
                0x08000f88                __aeabi_cfcmple
                0x08000f98                __aeabi_fcmpeq
                0x08000fac                __aeabi_fcmplt
                0x08000fc0                __aeabi_fcmple
                0x08000fd4                __aeabi_fcmpge
                0x08000fe8                __aeabi_fcmpgt
 .text          0x08000ffc       0x40 d:/software/10 2020-q4-major/bin/../lib/gcc/arm-none-eabi/10.2.1/thumb/v7e-m/nofp\libgcc.a(_arm_fixunssfsi.o)
                0x08000ffc                __fixunssfsi
                0x08000ffc                __aeabi_f2uiz
 .text          0x0800103c       0x30 d:/software/10 2020-q4-major/bin/../lib/gcc/arm-none-eabi/10.2.1/thumb/v7e-m/nofp\libgcc.a(_aeabi_uldivmod.o)
                0x0800103c                __aeabi_uldivmod
 .text          0x0800106c      0x2d0 d:/software/10 2020-q4-major/bin/../lib/gcc/arm-none-eabi/10.2.1/thumb/v7e-m/nofp\libgcc.a(_udivmoddi4.o)
                0x0800106c                __udivmoddi4
 .text          0x0800133c        0x4 d:/software/10 2020-q4-major/bin/../lib/gcc/arm-none-eabi/10.2.1/thumb/v7e-m/nofp\libgcc.a(_dvmd_tls.o)
                0x0800133c                __aeabi_idiv0
                0x0800133c                __aeabi_ldiv0
 *(.text*)
 .text.MX_GPIO_Init
                0x08001340       0xc4 CMakeFiles/CtrledCar.elf.dir/Core/Src/gpio.c.obj
                0x08001340                MX_GPIO_Init
 .text.Error_Handler
                0x08001404        0x4 CMakeFiles/CtrledCar.elf.dir/Core/Src/main.c.obj
                0x08001404                Error_Handler
 .text.SystemClock_Config
                0x08001408       0xa8 CMakeFiles/CtrledCar.elf.dir/Core/Src/main.c.obj
                0x08001408                SystemClock_Config
 .text.main     0x080014b0      0x3e8 CMakeFiles/CtrledCar.elf.dir/Core/Src/main.c.obj
                0x080014b0                main
 .text.HAL_MspInit
                0x08001898       0x38 CMakeFiles/CtrledCar.elf.dir/Core/Src/stm32f4xx_hal_msp.c.obj
                0x08001898                HAL_MspInit
 .text.NMI_Handler
                0x080018d0        0x2 CMakeFiles/CtrledCar.elf.dir/Core/Src/stm32f4xx_it.c.obj
                0x080018d0                NMI_Handler
 .text.HardFault_Handler
                0x080018d2        0x2 CMakeFiles/CtrledCar.elf.dir/Core/Src/stm32f4xx_it.c.obj
                0x080018d2                HardFault_Handler
 .text.MemManage_Handler
                0x080018d4        0x2 CMakeFiles/CtrledCar.elf.dir/Core/Src/stm32f4xx_it.c.obj
                0x080018d4                MemManage_Handler
 .text.BusFault_Handler
                0x080018d6        0x2 CMakeFiles/CtrledCar.elf.dir/Core/Src/stm32f4xx_it.c.obj
                0x080018d6                BusFault_Handler
 .text.UsageFault_Handler
                0x080018d8        0x2 CMakeFiles/CtrledCar.elf.dir/Core/Src/stm32f4xx_it.c.obj
                0x080018d8                UsageFault_Handler
 .text.SVC_Handler
                0x080018da        0x2 CMakeFiles/CtrledCar.elf.dir/Core/Src/stm32f4xx_it.c.obj
                0x080018da                SVC_Handler
 .text.DebugMon_Handler
                0x080018dc        0x2 CMakeFiles/CtrledCar.elf.dir/Core/Src/stm32f4xx_it.c.obj
                0x080018dc                DebugMon_Handler
 .text.PendSV_Handler
                0x080018de        0x2 CMakeFiles/CtrledCar.elf.dir/Core/Src/stm32f4xx_it.c.obj
                0x080018de                PendSV_Handler
 .text.SysTick_Handler
                0x080018e0        0x8 CMakeFiles/CtrledCar.elf.dir/Core/Src/stm32f4xx_it.c.obj
                0x080018e0                SysTick_Handler
 .text.TIM3_IRQHandler
                0x080018e8       0x10 CMakeFiles/CtrledCar.elf.dir/Core/Src/stm32f4xx_it.c.obj
                0x080018e8                TIM3_IRQHandler
 .text.USART1_IRQHandler
                0x080018f8       0x10 CMakeFiles/CtrledCar.elf.dir/Core/Src/stm32f4xx_it.c.obj
                0x080018f8                USART1_IRQHandler
 .text.USART2_IRQHandler
                0x08001908       0x10 CMakeFiles/CtrledCar.elf.dir/Core/Src/stm32f4xx_it.c.obj
                0x08001908                USART2_IRQHandler
 .text.SystemInit
                0x08001918        0x2 CMakeFiles/CtrledCar.elf.dir/Core/Src/system_stm32f4xx.c.obj
                0x08001918                SystemInit
 *fill*         0x0800191a        0x2 
 .text.MX_TIM2_Init
                0x0800191c       0x60 CMakeFiles/CtrledCar.elf.dir/Core/Src/tim.c.obj
                0x0800191c                MX_TIM2_Init
 .text.MX_TIM3_Init
                0x0800197c       0x70 CMakeFiles/CtrledCar.elf.dir/Core/Src/tim.c.obj
                0x0800197c                MX_TIM3_Init
 .text.MX_TIM5_Init
                0x080019ec       0x64 CMakeFiles/CtrledCar.elf.dir/Core/Src/tim.c.obj
                0x080019ec                MX_TIM5_Init
 .text.HAL_TIM_Base_MspInit
                0x08001a50       0x68 CMakeFiles/CtrledCar.elf.dir/Core/Src/tim.c.obj
                0x08001a50                HAL_TIM_Base_MspInit
 .text.HAL_TIM_Encoder_MspInit
                0x08001ab8       0xe0 CMakeFiles/CtrledCar.elf.dir/Core/Src/tim.c.obj
                0x08001ab8                HAL_TIM_Encoder_MspInit
 .text.HAL_TIM_MspPostInit
                0x08001b98       0x5c CMakeFiles/CtrledCar.elf.dir/Core/Src/tim.c.obj
                0x08001b98                HAL_TIM_MspPostInit
 .text.MX_TIM1_Init
                0x08001bf4       0xf8 CMakeFiles/CtrledCar.elf.dir/Core/Src/tim.c.obj
                0x08001bf4                MX_TIM1_Init
 .text.MX_USART1_UART_Init
                0x08001cec       0x34 CMakeFiles/CtrledCar.elf.dir/Core/Src/usart.c.obj
                0x08001cec                MX_USART1_UART_Init
 .text.MX_USART2_UART_Init
                0x08001d20       0x34 CMakeFiles/CtrledCar.elf.dir/Core/Src/usart.c.obj
                0x08001d20                MX_USART2_UART_Init
 .text.HAL_UART_MspInit
                0x08001d54      0x10c CMakeFiles/CtrledCar.elf.dir/Core/Src/usart.c.obj
                0x08001d54                HAL_UART_MspInit
 .text.Reset_Handler
                0x08001e60       0x50 CMakeFiles/CtrledCar.elf.dir/Core/Startup/startup_stm32f401ccux.s.obj
                0x08001e60                Reset_Handler
 .text.Default_Handler
                0x08001eb0        0x2 CMakeFiles/CtrledCar.elf.dir/Core/Startup/startup_stm32f401ccux.s.obj
                0x08001eb0                RTC_Alarm_IRQHandler
                0x08001eb0                EXTI2_IRQHandler
                0x08001eb0                SPI4_IRQHandler
                0x08001eb0                TIM1_CC_IRQHandler
                0x08001eb0                DMA2_Stream5_IRQHandler
                0x08001eb0                DMA1_Stream5_IRQHandler
                0x08001eb0                PVD_IRQHandler
                0x08001eb0                SDIO_IRQHandler
                0x08001eb0                TAMP_STAMP_IRQHandler
                0x08001eb0                EXTI3_IRQHandler
                0x08001eb0                TIM1_UP_TIM10_IRQHandler
                0x08001eb0                I2C3_ER_IRQHandler
                0x08001eb0                EXTI0_IRQHandler
                0x08001eb0                I2C2_EV_IRQHandler
                0x08001eb0                DMA1_Stream2_IRQHandler
                0x08001eb0                FPU_IRQHandler
                0x08001eb0                DMA2_Stream2_IRQHandler
                0x08001eb0                SPI1_IRQHandler
                0x08001eb0                TIM1_BRK_TIM9_IRQHandler
                0x08001eb0                DMA2_Stream3_IRQHandler
                0x08001eb0                USART6_IRQHandler
                0x08001eb0                DMA2_Stream0_IRQHandler
                0x08001eb0                TIM4_IRQHandler
                0x08001eb0                I2C1_EV_IRQHandler
                0x08001eb0                DMA1_Stream6_IRQHandler
                0x08001eb0                DMA1_Stream1_IRQHandler
                0x08001eb0                RCC_IRQHandler
                0x08001eb0                Default_Handler
                0x08001eb0                EXTI15_10_IRQHandler
                0x08001eb0                ADC_IRQHandler
                0x08001eb0                DMA1_Stream7_IRQHandler
                0x08001eb0                TIM5_IRQHandler
                0x08001eb0                DMA2_Stream7_IRQHandler
                0x08001eb0                I2C3_EV_IRQHandler
                0x08001eb0                EXTI9_5_IRQHandler
                0x08001eb0                RTC_WKUP_IRQHandler
                0x08001eb0                SPI2_IRQHandler
                0x08001eb0                DMA1_Stream0_IRQHandler
                0x08001eb0                EXTI4_IRQHandler
                0x08001eb0                WWDG_IRQHandler
                0x08001eb0                TIM2_IRQHandler
                0x08001eb0                OTG_FS_WKUP_IRQHandler
                0x08001eb0                TIM1_TRG_COM_TIM11_IRQHandler
                0x08001eb0                EXTI1_IRQHandler
                0x08001eb0                I2C2_ER_IRQHandler
                0x08001eb0                DMA2_Stream1_IRQHandler
                0x08001eb0                FLASH_IRQHandler
                0x08001eb0                DMA2_Stream4_IRQHandler
                0x08001eb0                OTG_FS_IRQHandler
                0x08001eb0                SPI3_IRQHandler
                0x08001eb0                DMA1_Stream4_IRQHandler
                0x08001eb0                I2C1_ER_IRQHandler
                0x08001eb0                DMA2_Stream6_IRQHandler
                0x08001eb0                DMA1_Stream3_IRQHandler
 *fill*         0x08001eb2        0x2 
 .text.HAL_InitTick
                0x08001eb4       0x4c CMakeFiles/CtrledCar.elf.dir/Drivers/STM32F4xx_HAL_Driver/Src/stm32f4xx_hal.c.obj
                0x08001eb4                HAL_InitTick
 .text.HAL_Init
                0x08001f00       0x34 CMakeFiles/CtrledCar.elf.dir/Drivers/STM32F4xx_HAL_Driver/Src/stm32f4xx_hal.c.obj
                0x08001f00                HAL_Init
 .text.HAL_IncTick
                0x08001f34       0x18 CMakeFiles/CtrledCar.elf.dir/Drivers/STM32F4xx_HAL_Driver/Src/stm32f4xx_hal.c.obj
                0x08001f34                HAL_IncTick
 .text.HAL_GetTick
                0x08001f4c        0xc CMakeFiles/CtrledCar.elf.dir/Drivers/STM32F4xx_HAL_Driver/Src/stm32f4xx_hal.c.obj
                0x08001f4c                HAL_GetTick
 .text.HAL_Delay
                0x08001f58       0x28 CMakeFiles/CtrledCar.elf.dir/Drivers/STM32F4xx_HAL_Driver/Src/stm32f4xx_hal.c.obj
                0x08001f58                HAL_Delay
 .text.HAL_NVIC_SetPriorityGrouping
                0x08001f80       0x24 CMakeFiles/CtrledCar.elf.dir/Drivers/STM32F4xx_HAL_Driver/Src/stm32f4xx_hal_cortex.c.obj
                0x08001f80                HAL_NVIC_SetPriorityGrouping
 .text.HAL_NVIC_SetPriority
                0x08001fa4       0x70 CMakeFiles/CtrledCar.elf.dir/Drivers/STM32F4xx_HAL_Driver/Src/stm32f4xx_hal_cortex.c.obj
                0x08001fa4                HAL_NVIC_SetPriority
 .text.HAL_NVIC_EnableIRQ
                0x08002014       0x1c CMakeFiles/CtrledCar.elf.dir/Drivers/STM32F4xx_HAL_Driver/Src/stm32f4xx_hal_cortex.c.obj
                0x08002014                HAL_NVIC_EnableIRQ
 .text.HAL_SYSTICK_Config
                0x08002030       0x28 CMakeFiles/CtrledCar.elf.dir/Drivers/STM32F4xx_HAL_Driver/Src/stm32f4xx_hal_cortex.c.obj
                0x08002030                HAL_SYSTICK_Config
 .text.HAL_DMA_Abort
                0x08002058       0x94 CMakeFiles/CtrledCar.elf.dir/Drivers/STM32F4xx_HAL_Driver/Src/stm32f4xx_hal_dma.c.obj
                0x08002058                HAL_DMA_Abort
 .text.HAL_DMA_Abort_IT
                0x080020ec       0x26 CMakeFiles/CtrledCar.elf.dir/Drivers/STM32F4xx_HAL_Driver/Src/stm32f4xx_hal_dma.c.obj
                0x080020ec                HAL_DMA_Abort_IT
 *fill*         0x08002112        0x2 
 .text.HAL_GPIO_Init
                0x08002114      0x1c0 CMakeFiles/CtrledCar.elf.dir/Drivers/STM32F4xx_HAL_Driver/Src/stm32f4xx_hal_gpio.c.obj
                0x08002114                HAL_GPIO_Init
 .text.HAL_GPIO_ReadPin
                0x080022d4        0xe CMakeFiles/CtrledCar.elf.dir/Drivers/STM32F4xx_HAL_Driver/Src/stm32f4xx_hal_gpio.c.obj
                0x080022d4                HAL_GPIO_ReadPin
 .text.HAL_GPIO_WritePin
                0x080022e2        0xc CMakeFiles/CtrledCar.elf.dir/Drivers/STM32F4xx_HAL_Driver/Src/stm32f4xx_hal_gpio.c.obj
                0x080022e2                HAL_GPIO_WritePin
 *fill*         0x080022ee        0x2 
 .text.HAL_RCC_OscConfig
                0x080022f0      0x3f8 CMakeFiles/CtrledCar.elf.dir/Drivers/STM32F4xx_HAL_Driver/Src/stm32f4xx_hal_rcc.c.obj
                0x080022f0                HAL_RCC_OscConfig
 .text.HAL_RCC_GetSysClockFreq
                0x080026e8       0xa4 CMakeFiles/CtrledCar.elf.dir/Drivers/STM32F4xx_HAL_Driver/Src/stm32f4xx_hal_rcc.c.obj
                0x080026e8                HAL_RCC_GetSysClockFreq
 .text.HAL_RCC_ClockConfig
                0x0800278c      0x160 CMakeFiles/CtrledCar.elf.dir/Drivers/STM32F4xx_HAL_Driver/Src/stm32f4xx_hal_rcc.c.obj
                0x0800278c                HAL_RCC_ClockConfig
 .text.HAL_RCC_GetHCLKFreq
                0x080028ec        0xc CMakeFiles/CtrledCar.elf.dir/Drivers/STM32F4xx_HAL_Driver/Src/stm32f4xx_hal_rcc.c.obj
                0x080028ec                HAL_RCC_GetHCLKFreq
 .text.HAL_RCC_GetPCLK1Freq
                0x080028f8       0x20 CMakeFiles/CtrledCar.elf.dir/Drivers/STM32F4xx_HAL_Driver/Src/stm32f4xx_hal_rcc.c.obj
                0x080028f8                HAL_RCC_GetPCLK1Freq
 .text.HAL_RCC_GetPCLK2Freq
                0x08002918       0x20 CMakeFiles/CtrledCar.elf.dir/Drivers/STM32F4xx_HAL_Driver/Src/stm32f4xx_hal_rcc.c.obj
                0x08002918                HAL_RCC_GetPCLK2Freq
 .text.TIM_OC1_SetConfig
                0x08002938       0x5c CMakeFiles/CtrledCar.elf.dir/Drivers/STM32F4xx_HAL_Driver/Src/stm32f4xx_hal_tim.c.obj
 .text.TIM_OC3_SetConfig
                0x08002994       0x64 CMakeFiles/CtrledCar.elf.dir/Drivers/STM32F4xx_HAL_Driver/Src/stm32f4xx_hal_tim.c.obj
 .text.TIM_OC4_SetConfig
                0x080029f8       0x48 CMakeFiles/CtrledCar.elf.dir/Drivers/STM32F4xx_HAL_Driver/Src/stm32f4xx_hal_tim.c.obj
 .text.TIM_TI1_ConfigInputStage
                0x08002a40       0x24 CMakeFiles/CtrledCar.elf.dir/Drivers/STM32F4xx_HAL_Driver/Src/stm32f4xx_hal_tim.c.obj
 .text.TIM_TI2_ConfigInputStage
                0x08002a64       0x26 CMakeFiles/CtrledCar.elf.dir/Drivers/STM32F4xx_HAL_Driver/Src/stm32f4xx_hal_tim.c.obj
 .text.TIM_ITRx_SetConfig
                0x08002a8a       0x10 CMakeFiles/CtrledCar.elf.dir/Drivers/STM32F4xx_HAL_Driver/Src/stm32f4xx_hal_tim.c.obj
 *fill*         0x08002a9a        0x2 
 .text.HAL_TIM_Base_Start_IT
                0x08002a9c       0x78 CMakeFiles/CtrledCar.elf.dir/Drivers/STM32F4xx_HAL_Driver/Src/stm32f4xx_hal_tim.c.obj
                0x08002a9c                HAL_TIM_Base_Start_IT
 .text.HAL_TIM_PWM_MspInit
                0x08002b14        0x2 CMakeFiles/CtrledCar.elf.dir/Drivers/STM32F4xx_HAL_Driver/Src/stm32f4xx_hal_tim.c.obj
                0x08002b14                HAL_TIM_PWM_MspInit
 .text.HAL_TIM_OC_DelayElapsedCallback
                0x08002b16        0x2 CMakeFiles/CtrledCar.elf.dir/Drivers/STM32F4xx_HAL_Driver/Src/stm32f4xx_hal_tim.c.obj
                0x08002b16                HAL_TIM_OC_DelayElapsedCallback
 .text.HAL_TIM_IC_CaptureCallback
                0x08002b18        0x2 CMakeFiles/CtrledCar.elf.dir/Drivers/STM32F4xx_HAL_Driver/Src/stm32f4xx_hal_tim.c.obj
                0x08002b18                HAL_TIM_IC_CaptureCallback
 .text.HAL_TIM_PWM_PulseFinishedCallback
                0x08002b1a        0x2 CMakeFiles/CtrledCar.elf.dir/Drivers/STM32F4xx_HAL_Driver/Src/stm32f4xx_hal_tim.c.obj
                0x08002b1a                HAL_TIM_PWM_PulseFinishedCallback
 .text.HAL_TIM_TriggerCallback
                0x08002b1c        0x2 CMakeFiles/CtrledCar.elf.dir/Drivers/STM32F4xx_HAL_Driver/Src/stm32f4xx_hal_tim.c.obj
                0x08002b1c                HAL_TIM_TriggerCallback
 .text.HAL_TIM_IRQHandler
                0x08002b1e      0x17a CMakeFiles/CtrledCar.elf.dir/Drivers/STM32F4xx_HAL_Driver/Src/stm32f4xx_hal_tim.c.obj
                0x08002b1e                HAL_TIM_IRQHandler
 .text.TIM_Base_SetConfig
                0x08002c98       0x9c CMakeFiles/CtrledCar.elf.dir/Drivers/STM32F4xx_HAL_Driver/Src/stm32f4xx_hal_tim.c.obj
                0x08002c98                TIM_Base_SetConfig
 .text.HAL_TIM_Base_Init
                0x08002d34       0x58 CMakeFiles/CtrledCar.elf.dir/Drivers/STM32F4xx_HAL_Driver/Src/stm32f4xx_hal_tim.c.obj
                0x08002d34                HAL_TIM_Base_Init
 .text.HAL_TIM_PWM_Init
                0x08002d8c       0x58 CMakeFiles/CtrledCar.elf.dir/Drivers/STM32F4xx_HAL_Driver/Src/stm32f4xx_hal_tim.c.obj
                0x08002d8c                HAL_TIM_PWM_Init
 .text.HAL_TIM_Encoder_Init
                0x08002de4       0xb8 CMakeFiles/CtrledCar.elf.dir/Drivers/STM32F4xx_HAL_Driver/Src/stm32f4xx_hal_tim.c.obj
                0x08002de4                HAL_TIM_Encoder_Init
 .text.TIM_OC2_SetConfig
                0x08002e9c       0x64 CMakeFiles/CtrledCar.elf.dir/Drivers/STM32F4xx_HAL_Driver/Src/stm32f4xx_hal_tim.c.obj
                0x08002e9c                TIM_OC2_SetConfig
 .text.HAL_TIM_PWM_ConfigChannel
                0x08002f00       0xdc CMakeFiles/CtrledCar.elf.dir/Drivers/STM32F4xx_HAL_Driver/Src/stm32f4xx_hal_tim.c.obj
                0x08002f00                HAL_TIM_PWM_ConfigChannel
 .text.TIM_ETR_SetConfig
                0x08002fdc       0x18 CMakeFiles/CtrledCar.elf.dir/Drivers/STM32F4xx_HAL_Driver/Src/stm32f4xx_hal_tim.c.obj
                0x08002fdc                TIM_ETR_SetConfig
 .text.HAL_TIM_ConfigClockSource
                0x08002ff4       0xfe CMakeFiles/CtrledCar.elf.dir/Drivers/STM32F4xx_HAL_Driver/Src/stm32f4xx_hal_tim.c.obj
                0x08002ff4                HAL_TIM_ConfigClockSource
 .text.TIM_CCxChannelCmd
                0x080030f2       0x1e CMakeFiles/CtrledCar.elf.dir/Drivers/STM32F4xx_HAL_Driver/Src/stm32f4xx_hal_tim.c.obj
                0x080030f2                TIM_CCxChannelCmd
 .text.HAL_TIM_PWM_Start
                0x08003110       0xf0 CMakeFiles/CtrledCar.elf.dir/Drivers/STM32F4xx_HAL_Driver/Src/stm32f4xx_hal_tim.c.obj
                0x08003110                HAL_TIM_PWM_Start
 .text.HAL_TIM_Encoder_Start
                0x08003200       0xcc CMakeFiles/CtrledCar.elf.dir/Drivers/STM32F4xx_HAL_Driver/Src/stm32f4xx_hal_tim.c.obj
                0x08003200                HAL_TIM_Encoder_Start
 .text.HAL_TIMEx_MasterConfigSynchronization
                0x080032cc       0x7c CMakeFiles/CtrledCar.elf.dir/Drivers/STM32F4xx_HAL_Driver/Src/stm32f4xx_hal_tim_ex.c.obj
                0x080032cc                HAL_TIMEx_MasterConfigSynchronization
 .text.HAL_TIMEx_ConfigBreakDeadTime
                0x08003348       0x52 CMakeFiles/CtrledCar.elf.dir/Drivers/STM32F4xx_HAL_Driver/Src/stm32f4xx_hal_tim_ex.c.obj
                0x08003348                HAL_TIMEx_ConfigBreakDeadTime
 .text.HAL_TIMEx_CommutCallback
                0x0800339a        0x2 CMakeFiles/CtrledCar.elf.dir/Drivers/STM32F4xx_HAL_Driver/Src/stm32f4xx_hal_tim_ex.c.obj
                0x0800339a                HAL_TIMEx_CommutCallback
 .text.HAL_TIMEx_BreakCallback
                0x0800339c        0x2 CMakeFiles/CtrledCar.elf.dir/Drivers/STM32F4xx_HAL_Driver/Src/stm32f4xx_hal_tim_ex.c.obj
                0x0800339c                HAL_TIMEx_BreakCallback
 .text.UART_EndRxTransfer
                0x0800339e       0x5c CMakeFiles/CtrledCar.elf.dir/Drivers/STM32F4xx_HAL_Driver/Src/stm32f4xx_hal_uart.c.obj
 .text.UART_Transmit_IT
                0x080033fa       0x60 CMakeFiles/CtrledCar.elf.dir/Drivers/STM32F4xx_HAL_Driver/Src/stm32f4xx_hal_uart.c.obj
 *fill*         0x0800345a        0x2 
 .text.UART_SetConfig
                0x0800345c      0x110 CMakeFiles/CtrledCar.elf.dir/Drivers/STM32F4xx_HAL_Driver/Src/stm32f4xx_hal_uart.c.obj
 .text.HAL_UART_Init
                0x0800356c       0x5e CMakeFiles/CtrledCar.elf.dir/Drivers/STM32F4xx_HAL_Driver/Src/stm32f4xx_hal_uart.c.obj
                0x0800356c                HAL_UART_Init
 .text.HAL_UART_TxCpltCallback
                0x080035ca        0x2 CMakeFiles/CtrledCar.elf.dir/Drivers/STM32F4xx_HAL_Driver/Src/stm32f4xx_hal_uart.c.obj
                0x080035ca                HAL_UART_TxCpltCallback
 .text.UART_EndTransmit_IT
                0x080035cc       0x1a CMakeFiles/CtrledCar.elf.dir/Drivers/STM32F4xx_HAL_Driver/Src/stm32f4xx_hal_uart.c.obj
 .text.HAL_UART_ErrorCallback
                0x080035e6        0x2 CMakeFiles/CtrledCar.elf.dir/Drivers/STM32F4xx_HAL_Driver/Src/stm32f4xx_hal_uart.c.obj
                0x080035e6                HAL_UART_ErrorCallback
 .text.UART_DMAAbortOnError
                0x080035e8       0x10 CMakeFiles/CtrledCar.elf.dir/Drivers/STM32F4xx_HAL_Driver/Src/stm32f4xx_hal_uart.c.obj
 .text.HAL_UARTEx_RxEventCallback
                0x080035f8        0x2 CMakeFiles/CtrledCar.elf.dir/Drivers/STM32F4xx_HAL_Driver/Src/stm32f4xx_hal_uart.c.obj
                0x080035f8                HAL_UARTEx_RxEventCallback
 .text.UART_Receive_IT
                0x080035fa       0xe2 CMakeFiles/CtrledCar.elf.dir/Drivers/STM32F4xx_HAL_Driver/Src/stm32f4xx_hal_uart.c.obj
 .text.HAL_UART_IRQHandler
                0x080036dc      0x280 CMakeFiles/CtrledCar.elf.dir/Drivers/STM32F4xx_HAL_Driver/Src/stm32f4xx_hal_uart.c.obj
                0x080036dc                HAL_UART_IRQHandler
 .text.UART_Start_Receive_IT
                0x0800395c       0x36 CMakeFiles/CtrledCar.elf.dir/Drivers/STM32F4xx_HAL_Driver/Src/stm32f4xx_hal_uart.c.obj
                0x0800395c                UART_Start_Receive_IT
 .text.HAL_UART_Receive_IT
                0x08003992       0x38 CMakeFiles/CtrledCar.elf.dir/Drivers/STM32F4xx_HAL_Driver/Src/stm32f4xx_hal_uart.c.obj
                0x08003992                HAL_UART_Receive_IT
 *fill*         0x080039ca        0x2 
 .text.SetInterruptPeriod
                0x080039cc        0xc CMakeFiles/CtrledCar.elf.dir/user/timepiece.c.obj
                0x080039cc                SetInterruptPeriod
 .text.TaskDicision
                0x080039d8       0x4c CMakeFiles/CtrledCar.elf.dir/user/timepiece.c.obj
                0x080039d8                TaskDicision
 .text.TaskRegister_Single
                0x08003a24       0x10 CMakeFiles/CtrledCar.elf.dir/user/timepiece.c.obj
                0x08003a24                TaskRegister_Single
 .text.TaskRegister_List
                0x08003a34       0x1e CMakeFiles/CtrledCar.elf.dir/user/timepiece.c.obj
                0x08003a34                TaskRegister_List
 *fill*         0x08003a52        0x2 
 .text.Get_DottedLine
                0x08003a54       0x14 CMakeFiles/CtrledCar.elf.dir/user/user.c.obj
                0x08003a54                Get_DottedLine
 .text.CalibrationDelay
                0x08003a68       0x14 CMakeFiles/CtrledCar.elf.dir/user/user.c.obj
                0x08003a68                CalibrationDelay
 .text.Set_Speed
                0x08003a7c       0x24 CMakeFiles/CtrledCar.elf.dir/user/user.c.obj
                0x08003a7c                Set_Speed
 .text.ForceTurn
                0x08003aa0       0x9c CMakeFiles/CtrledCar.elf.dir/user/user.c.obj
                0x08003aa0                ForceTurn
 .text.LED_ON   0x08003b3c       0x64 CMakeFiles/CtrledCar.elf.dir/user/user.c.obj
                0x08003b3c                LED_ON
 .text.PID_Realize
                0x08003ba0       0x8a CMakeFiles/CtrledCar.elf.dir/user/user.c.obj
                0x08003ba0                PID_Realize
 .text.PID_Init
                0x08003c2a       0x1e CMakeFiles/CtrledCar.elf.dir/user/user.c.obj
                0x08003c2a                PID_Init
 .text.Get_MedicineState
                0x08003c48       0x14 CMakeFiles/CtrledCar.elf.dir/user/user.c.obj
                0x08003c48                Get_MedicineState
 .text.HAL_UART_RxCpltCallback
                0x08003c5c      0x274 CMakeFiles/CtrledCar.elf.dir/user/user.c.obj
                0x08003c5c                HAL_UART_RxCpltCallback
 .text.HAL_TIM_PeriodElapsedCallback
                0x08003ed0       0x18 CMakeFiles/CtrledCar.elf.dir/user/user.c.obj
                0x08003ed0                HAL_TIM_PeriodElapsedCallback
 .text.LimitingOut
                0x08003ee8       0x22 CMakeFiles/CtrledCar.elf.dir/user/user.c.obj
                0x08003ee8                LimitingOut
 *fill*         0x08003f0a        0x2 
 .text.PWM_Handle
                0x08003f0c       0xd0 CMakeFiles/CtrledCar.elf.dir/user/user.c.obj
                0x08003f0c                PWM_Handle
 .text.TaskPIDControlHandler
                0x08003fdc      0x110 CMakeFiles/CtrledCar.elf.dir/user/user.c.obj
                0x08003fdc                TaskPIDControlHandler
 .text.TaskStateDetectHandler
                0x080040ec       0x3c CMakeFiles/CtrledCar.elf.dir/user/user.c.obj
                0x080040ec                TaskStateDetectHandler
 .text.TaskLogOutputHandler
                0x08004128        0x2 CMakeFiles/CtrledCar.elf.dir/user/user.c.obj
                0x08004128                TaskLogOutputHandler
 *fill*         0x0800412a        0x2 
 .text.TaskCrossDelayHandler
                0x0800412c       0x70 CMakeFiles/CtrledCar.elf.dir/user/user.c.obj
                0x0800412c                TaskCrossDelayHandler
 .text.__libc_init_array
                0x0800419c       0x48 d:/software/10 2020-q4-major/bin/../lib/gcc/arm-none-eabi/10.2.1/../../../../arm-none-eabi/lib/thumb/v7e-m/nofp\libg.a(lib_a-init.o)
                0x0800419c                __libc_init_array
 .text.memset   0x080041e4       0xa4 d:/software/10 2020-q4-major/bin/../lib/gcc/arm-none-eabi/10.2.1/../../../../arm-none-eabi/lib/thumb/v7e-m/nofp\libg.a(lib_a-memset.o)
                0x080041e4                memset
 .text.startup.register_fini
                0x08004288       0x14 d:/software/10 2020-q4-major/bin/../lib/gcc/arm-none-eabi/10.2.1/../../../../arm-none-eabi/lib/thumb/v7e-m/nofp\libg.a(lib_a-__call_atexit.o)
 .text.atexit   0x0800429c        0xc d:/software/10 2020-q4-major/bin/../lib/gcc/arm-none-eabi/10.2.1/../../../../arm-none-eabi/lib/thumb/v7e-m/nofp\libg.a(lib_a-atexit.o)
                0x0800429c                atexit
 .text.__libc_fini_array
                0x080042a8       0x2c d:/software/10 2020-q4-major/bin/../lib/gcc/arm-none-eabi/10.2.1/../../../../arm-none-eabi/lib/thumb/v7e-m/nofp\libg.a(lib_a-fini.o)
                0x080042a8                __libc_fini_array
 .text.__retarget_lock_acquire_recursive
                0x080042d4        0x4 d:/software/10 2020-q4-major/bin/../lib/gcc/arm-none-eabi/10.2.1/../../../../arm-none-eabi/lib/thumb/v7e-m/nofp\libg.a(lib_a-lock.o)
                0x080042d4                __retarget_lock_acquire_recursive
 .text.__retarget_lock_release_recursive
                0x080042d8        0x4 d:/software/10 2020-q4-major/bin/../lib/gcc/arm-none-eabi/10.2.1/../../../../arm-none-eabi/lib/thumb/v7e-m/nofp\libg.a(lib_a-lock.o)
                0x080042d8                __retarget_lock_release_recursive
 .text.__register_exitproc
                0x080042dc       0x8c d:/software/10 2020-q4-major/bin/../lib/gcc/arm-none-eabi/10.2.1/../../../../arm-none-eabi/lib/thumb/v7e-m/nofp\libg.a(lib_a-__atexit.o)
                0x080042dc                __register_exitproc
 *(.glue_7)
 .glue_7        0x08004368        0x0 linker stubs
 *(.glue_7t)
 .glue_7t       0x08004368        0x0 linker stubs
 *(.eh_frame)
 .eh_frame      0x08004368        0x0 d:/software/10 2020-q4-major/bin/../lib/gcc/arm-none-eabi/10.2.1/thumb/v7e-m/nofp/crtbegin.o
 *(.init)
 .init          0x08004368        0x4 d:/software/10 2020-q4-major/bin/../lib/gcc/arm-none-eabi/10.2.1/thumb/v7e-m/nofp/crti.o
                0x08004368                _init
 .init          0x0800436c        0x8 d:/software/10 2020-q4-major/bin/../lib/gcc/arm-none-eabi/10.2.1/thumb/v7e-m/nofp/crtn.o
 *(.fini)
 .fini          0x08004374        0x4 d:/software/10 2020-q4-major/bin/../lib/gcc/arm-none-eabi/10.2.1/thumb/v7e-m/nofp/crti.o
                0x08004374                _fini
 .fini          0x08004378        0x8 d:/software/10 2020-q4-major/bin/../lib/gcc/arm-none-eabi/10.2.1/thumb/v7e-m/nofp/crtn.o
                0x08004380                . = ALIGN (0x4)
                0x08004380                _etext = .

.vfp11_veneer   0x08004380        0x0
 .vfp11_veneer  0x08004380        0x0 linker stubs

.v4_bx          0x08004380        0x0
 .v4_bx         0x08004380        0x0 linker stubs

.iplt           0x08004380        0x0
 .iplt          0x08004380        0x0 d:/software/10 2020-q4-major/bin/../lib/gcc/arm-none-eabi/10.2.1/thumb/v7e-m/nofp/crtbegin.o

.rodata         0x08004380       0x1c
                0x08004380                . = ALIGN (0x4)
 *(.rodata)
 *(.rodata*)
 .rodata.AHBPrescTable
                0x08004380       0x10 CMakeFiles/CtrledCar.elf.dir/Core/Src/system_stm32f4xx.c.obj
                0x08004380                AHBPrescTable
 .rodata.APBPrescTable
                0x08004390        0x8 CMakeFiles/CtrledCar.elf.dir/Core/Src/system_stm32f4xx.c.obj
                0x08004390                APBPrescTable
 .rodata._global_impure_ptr
                0x08004398        0x4 d:/software/10 2020-q4-major/bin/../lib/gcc/arm-none-eabi/10.2.1/../../../../arm-none-eabi/lib/thumb/v7e-m/nofp\libg.a(lib_a-impure.o)
                0x08004398                _global_impure_ptr
                0x0800439c                . = ALIGN (0x4)

.ARM.extab      0x0800439c        0x0
                0x0800439c                . = ALIGN (0x4)
 *(.ARM.extab* .gnu.linkonce.armextab.*)
                0x0800439c                . = ALIGN (0x4)

.ARM            0x0800439c        0x8
                0x0800439c                . = ALIGN (0x4)
                0x0800439c                __exidx_start = .
 *(.ARM.exidx*)
 .ARM.exidx     0x0800439c        0x8 d:/software/10 2020-q4-major/bin/../lib/gcc/arm-none-eabi/10.2.1/thumb/v7e-m/nofp\libgcc.a(_udivmoddi4.o)
                0x080043a4                __exidx_end = .
                0x080043a4                . = ALIGN (0x4)

.rel.dyn        0x080043a4        0x0
 .rel.iplt      0x080043a4        0x0 d:/software/10 2020-q4-major/bin/../lib/gcc/arm-none-eabi/10.2.1/thumb/v7e-m/nofp/crtbegin.o

.preinit_array  0x080043a4        0x0
                0x080043a4                . = ALIGN (0x4)
                0x080043a4                PROVIDE (__preinit_array_start = .)
 *(.preinit_array*)
                0x080043a4                PROVIDE (__preinit_array_end = .)
                0x080043a4                . = ALIGN (0x4)

.init_array     0x080043a4        0x8
                0x080043a4                . = ALIGN (0x4)
                0x080043a4                PROVIDE (__init_array_start = .)
 *(SORT_BY_NAME(.init_array.*))
 .init_array.00000
                0x080043a4        0x4 d:/software/10 2020-q4-major/bin/../lib/gcc/arm-none-eabi/10.2.1/../../../../arm-none-eabi/lib/thumb/v7e-m/nofp\libg.a(lib_a-__call_atexit.o)
 *(.init_array*)
 .init_array    0x080043a8        0x4 d:/software/10 2020-q4-major/bin/../lib/gcc/arm-none-eabi/10.2.1/thumb/v7e-m/nofp/crtbegin.o
                0x080043ac                PROVIDE (__init_array_end = .)
                0x080043ac                . = ALIGN (0x4)

.fini_array     0x080043ac        0x4
                0x080043ac                . = ALIGN (0x4)
                0x080043ac                PROVIDE (__fini_array_start = .)
 *(SORT_BY_NAME(.fini_array.*))
 *(.fini_array*)
 .fini_array    0x080043ac        0x4 d:/software/10 2020-q4-major/bin/../lib/gcc/arm-none-eabi/10.2.1/thumb/v7e-m/nofp/crtbegin.o
                0x080043b0                PROVIDE (__fini_array_end = .)
                0x080043b0                . = ALIGN (0x4)
                0x080043b0                _sidata = LOADADDR (.data)

.data           0x20000000      0x46c load address 0x080043b0
                0x20000000                . = ALIGN (0x4)
                0x20000000                _sdata = .
 *(.data)
 *(.data*)
 .data.tasks    0x20000000       0x30 CMakeFiles/CtrledCar.elf.dir/Core/Src/main.c.obj
                0x20000000                tasks
 .data.SystemCoreClock
                0x20000030        0x4 CMakeFiles/CtrledCar.elf.dir/Core/Src/system_stm32f4xx.c.obj
                0x20000030                SystemCoreClock
 .data.uwTickFreq
                0x20000034        0x1 CMakeFiles/CtrledCar.elf.dir/Drivers/STM32F4xx_HAL_Driver/Src/stm32f4xx_hal.c.obj
                0x20000034                uwTickFreq
 *fill*         0x20000035        0x3 
 .data.uwTickPrio
                0x20000038        0x4 CMakeFiles/CtrledCar.elf.dir/Drivers/STM32F4xx_HAL_Driver/Src/stm32f4xx_hal.c.obj
                0x20000038                uwTickPrio
 .data.ITperiod
                0x2000003c        0x4 CMakeFiles/CtrledCar.elf.dir/user/timepiece.c.obj
 .data.impure_data
                0x20000040      0x428 d:/software/10 2020-q4-major/bin/../lib/gcc/arm-none-eabi/10.2.1/../../../../arm-none-eabi/lib/thumb/v7e-m/nofp\libg.a(lib_a-impure.o)
 .data.__atexit_recursive_mutex
                0x20000468        0x4 d:/software/10 2020-q4-major/bin/../lib/gcc/arm-none-eabi/10.2.1/../../../../arm-none-eabi/lib/thumb/v7e-m/nofp\libg.a(lib_a-__call_atexit.o)
                0x20000468                __atexit_recursive_mutex
 *(.RamFunc)
 *(.RamFunc*)
                0x2000046c                . = ALIGN (0x4)
                0x2000046c                _edata = .

.igot.plt       0x2000046c        0x0 load address 0x0800481c
 .igot.plt      0x2000046c        0x0 d:/software/10 2020-q4-major/bin/../lib/gcc/arm-none-eabi/10.2.1/thumb/v7e-m/nofp/crtbegin.o
                0x2000046c                . = ALIGN (0x4)

.bss            0x20000470      0x358 load address 0x0800481c
                0x20000470                _sbss = .
                0x20000470                __bss_start__ = _sbss
 *(.bss)
 .bss           0x20000470       0x1c d:/software/10 2020-q4-major/bin/../lib/gcc/arm-none-eabi/10.2.1/thumb/v7e-m/nofp/crtbegin.o
 *(.bss*)
 .bss.command   0x2000048c        0x1 CMakeFiles/CtrledCar.elf.dir/Core/Src/main.c.obj
                0x2000048c                command
 .bss.crossHistroy
                0x2000048d        0x1 CMakeFiles/CtrledCar.elf.dir/Core/Src/main.c.obj
                0x2000048d                crossHistroy
 .bss.data      0x2000048e        0x1 CMakeFiles/CtrledCar.elf.dir/Core/Src/main.c.obj
                0x2000048e                data
 *fill*         0x2000048f        0x1 
 .bss.htim1     0x20000490       0x48 CMakeFiles/CtrledCar.elf.dir/Core/Src/tim.c.obj
                0x20000490                htim1
 .bss.htim2     0x200004d8       0x48 CMakeFiles/CtrledCar.elf.dir/Core/Src/tim.c.obj
                0x200004d8                htim2
 .bss.htim3     0x20000520       0x48 CMakeFiles/CtrledCar.elf.dir/Core/Src/tim.c.obj
                0x20000520                htim3
 .bss.htim5     0x20000568       0x48 CMakeFiles/CtrledCar.elf.dir/Core/Src/tim.c.obj
                0x20000568                htim5
 .bss.huart1    0x200005b0       0x44 CMakeFiles/CtrledCar.elf.dir/Core/Src/usart.c.obj
                0x200005b0                huart1
 .bss.huart2    0x200005f4       0x44 CMakeFiles/CtrledCar.elf.dir/Core/Src/usart.c.obj
                0x200005f4                huart2
 .bss.uwTick    0x20000638        0x4 CMakeFiles/CtrledCar.elf.dir/Drivers/STM32F4xx_HAL_Driver/Src/stm32f4xx_hal.c.obj
                0x20000638                uwTick
 .bss.taskList  0x2000063c       0x28 CMakeFiles/CtrledCar.elf.dir/user/timepiece.c.obj
 *fill*         0x20000664        0x4 
 .bss.basicLeftSpd
                0x20000668        0x8 CMakeFiles/CtrledCar.elf.dir/user/user.c.obj
                0x20000668                basicLeftSpd
 .bss.basicRightSpd
                0x20000670        0x8 CMakeFiles/CtrledCar.elf.dir/user/user.c.obj
                0x20000670                basicRightSpd
 .bss.charflag.4
                0x20000678        0x1 CMakeFiles/CtrledCar.elf.dir/user/user.c.obj
 .bss.charflag.9
                0x20000679        0x1 CMakeFiles/CtrledCar.elf.dir/user/user.c.obj
 .bss.crossState
                0x2000067a        0x1 CMakeFiles/CtrledCar.elf.dir/user/user.c.obj
                0x2000067a                crossState
 .bss.dataFrame
                0x2000067b        0x1 CMakeFiles/CtrledCar.elf.dir/user/user.c.obj
                0x2000067b                dataFrame
 .bss.delayFlag1
                0x2000067c        0x1 CMakeFiles/CtrledCar.elf.dir/user/user.c.obj
                0x2000067c                delayFlag1
 .bss.delayPreFlag1
                0x2000067d        0x1 CMakeFiles/CtrledCar.elf.dir/user/user.c.obj
                0x2000067d                delayPreFlag1
 *fill*         0x2000067e        0x2 
 .bss.dir       0x20000680       0x58 CMakeFiles/CtrledCar.elf.dir/user/user.c.obj
                0x20000680                dir
 .bss.dottedFlag
                0x200006d8        0x1 CMakeFiles/CtrledCar.elf.dir/user/user.c.obj
                0x200006d8                dottedFlag
 .bss.forceTurn
                0x200006d9        0x1 CMakeFiles/CtrledCar.elf.dir/user/user.c.obj
                0x200006d9                forceTurn
 .bss.getCross  0x200006da        0x1 CMakeFiles/CtrledCar.elf.dir/user/user.c.obj
                0x200006da                getCross
 .bss.getT      0x200006db        0x1 CMakeFiles/CtrledCar.elf.dir/user/user.c.obj
                0x200006db                getT
 .bss.leftCntLoad.12
                0x200006dc        0x4 CMakeFiles/CtrledCar.elf.dir/user/user.c.obj
 .bss.leftspd   0x200006e0       0x58 CMakeFiles/CtrledCar.elf.dir/user/user.c.obj
                0x200006e0                leftspd
 .bss.mainState
                0x20000738        0x1 CMakeFiles/CtrledCar.elf.dir/user/user.c.obj
                0x20000738                mainState
 *fill*         0x20000739        0x3 
 .bss.negtiveflag.2
                0x2000073c        0x4 CMakeFiles/CtrledCar.elf.dir/user/user.c.obj
 .bss.negtiveflag.8
                0x20000740        0x4 CMakeFiles/CtrledCar.elf.dir/user/user.c.obj
 .bss.pointflag.1
                0x20000744        0x4 CMakeFiles/CtrledCar.elf.dir/user/user.c.obj
 .bss.pointflag.6
                0x20000748        0x4 CMakeFiles/CtrledCar.elf.dir/user/user.c.obj
 .bss.rightCntLoad.0
                0x2000074c        0x4 CMakeFiles/CtrledCar.elf.dir/user/user.c.obj
 .bss.rightCntLoad.11
                0x20000750        0x4 CMakeFiles/CtrledCar.elf.dir/user/user.c.obj
 *fill*         0x20000754        0x4 
 .bss.rightspd  0x20000758       0x58 CMakeFiles/CtrledCar.elf.dir/user/user.c.obj
                0x20000758                rightspd
 .bss.subState  0x200007b0        0x1 CMakeFiles/CtrledCar.elf.dir/user/user.c.obj
                0x200007b0                subState
 *fill*         0x200007b1        0x3 
 .bss.valint.3  0x200007b4        0x4 CMakeFiles/CtrledCar.elf.dir/user/user.c.obj
 .bss.valint.7  0x200007b8        0x4 CMakeFiles/CtrledCar.elf.dir/user/user.c.obj
 .bss.valpoint.10
                0x200007bc        0x4 CMakeFiles/CtrledCar.elf.dir/user/user.c.obj
 .bss.valpoint.5
                0x200007c0        0x4 CMakeFiles/CtrledCar.elf.dir/user/user.c.obj
 .bss.__lock___atexit_recursive_mutex
                0x200007c4        0x1 d:/software/10 2020-q4-major/bin/../lib/gcc/arm-none-eabi/10.2.1/../../../../arm-none-eabi/lib/thumb/v7e-m/nofp\libg.a(lib_a-lock.o)
                0x200007c4                __lock___atexit_recursive_mutex
 *(COMMON)
                0x200007c8                . = ALIGN (0x4)
 *fill*         0x200007c5        0x3 
                0x200007c8                _ebss = .
                0x200007c8                __bss_end__ = _ebss

._user_heap_stack
                0x200007c8      0x600 load address 0x0800481c
                0x200007c8                . = ALIGN (0x8)
                [!provide]                PROVIDE (end = .)
                0x200007c8                PROVIDE (_end = .)
                0x200009c8                . = (. + _Min_Heap_Size)
 *fill*         0x200007c8      0x200 
                0x20000dc8                . = (. + _Min_Stack_Size)
 *fill*         0x200009c8      0x400 
                0x20000dc8                . = ALIGN (0x8)

/DISCARD/
 libc.a(*)
 libm.a(*)
 libgcc.a(*)

.ARM.attributes
                0x00000000       0x2a
 *(.ARM.attributes)
 .ARM.attributes
                0x00000000       0x1e d:/software/10 2020-q4-major/bin/../lib/gcc/arm-none-eabi/10.2.1/thumb/v7e-m/nofp/crti.o
 .ARM.attributes
                0x0000001e       0x2e d:/software/10 2020-q4-major/bin/../lib/gcc/arm-none-eabi/10.2.1/thumb/v7e-m/nofp/crtbegin.o
 .ARM.attributes
                0x0000004c       0x2e CMakeFiles/CtrledCar.elf.dir/Core/Src/gpio.c.obj
 .ARM.attributes
                0x0000007a       0x2e CMakeFiles/CtrledCar.elf.dir/Core/Src/main.c.obj
 .ARM.attributes
                0x000000a8       0x2e CMakeFiles/CtrledCar.elf.dir/Core/Src/stm32f4xx_hal_msp.c.obj
 .ARM.attributes
                0x000000d6       0x2e CMakeFiles/CtrledCar.elf.dir/Core/Src/stm32f4xx_it.c.obj
 .ARM.attributes
                0x00000104       0x2e CMakeFiles/CtrledCar.elf.dir/Core/Src/system_stm32f4xx.c.obj
 .ARM.attributes
                0x00000132       0x2e CMakeFiles/CtrledCar.elf.dir/Core/Src/tim.c.obj
 .ARM.attributes
                0x00000160       0x2e CMakeFiles/CtrledCar.elf.dir/Core/Src/usart.c.obj
 .ARM.attributes
                0x0000018e       0x21 CMakeFiles/CtrledCar.elf.dir/Core/Startup/startup_stm32f401ccux.s.obj
 .ARM.attributes
                0x000001af       0x2e CMakeFiles/CtrledCar.elf.dir/Drivers/STM32F4xx_HAL_Driver/Src/stm32f4xx_hal.c.obj
 .ARM.attributes
                0x000001dd       0x2e CMakeFiles/CtrledCar.elf.dir/Drivers/STM32F4xx_HAL_Driver/Src/stm32f4xx_hal_cortex.c.obj
 .ARM.attributes
                0x0000020b       0x2e CMakeFiles/CtrledCar.elf.dir/Drivers/STM32F4xx_HAL_Driver/Src/stm32f4xx_hal_dma.c.obj
 .ARM.attributes
                0x00000239       0x2e CMakeFiles/CtrledCar.elf.dir/Drivers/STM32F4xx_HAL_Driver/Src/stm32f4xx_hal_gpio.c.obj
 .ARM.attributes
                0x00000267       0x2e CMakeFiles/CtrledCar.elf.dir/Drivers/STM32F4xx_HAL_Driver/Src/stm32f4xx_hal_rcc.c.obj
 .ARM.attributes
                0x00000295       0x2e CMakeFiles/CtrledCar.elf.dir/Drivers/STM32F4xx_HAL_Driver/Src/stm32f4xx_hal_tim.c.obj
 .ARM.attributes
                0x000002c3       0x2e CMakeFiles/CtrledCar.elf.dir/Drivers/STM32F4xx_HAL_Driver/Src/stm32f4xx_hal_tim_ex.c.obj
 .ARM.attributes
                0x000002f1       0x2e CMakeFiles/CtrledCar.elf.dir/Drivers/STM32F4xx_HAL_Driver/Src/stm32f4xx_hal_uart.c.obj
 .ARM.attributes
                0x0000031f       0x2e CMakeFiles/CtrledCar.elf.dir/user/timepiece.c.obj
 .ARM.attributes
                0x0000034d       0x2e CMakeFiles/CtrledCar.elf.dir/user/user.c.obj
 .ARM.attributes
                0x0000037b       0x1e d:/software/10 2020-q4-major/bin/../lib/gcc/arm-none-eabi/10.2.1/thumb/v7e-m/nofp\libgcc.a(_arm_addsubdf3.o)
 .ARM.attributes
                0x00000399       0x1e d:/software/10 2020-q4-major/bin/../lib/gcc/arm-none-eabi/10.2.1/thumb/v7e-m/nofp\libgcc.a(_arm_muldivdf3.o)
 .ARM.attributes
                0x000003b7       0x1e d:/software/10 2020-q4-major/bin/../lib/gcc/arm-none-eabi/10.2.1/thumb/v7e-m/nofp\libgcc.a(_arm_fixunsdfsi.o)
 .ARM.attributes
                0x000003d5       0x1e d:/software/10 2020-q4-major/bin/../lib/gcc/arm-none-eabi/10.2.1/thumb/v7e-m/nofp\libgcc.a(_arm_truncdfsf2.o)
 .ARM.attributes
                0x000003f3       0x1e d:/software/10 2020-q4-major/bin/../lib/gcc/arm-none-eabi/10.2.1/thumb/v7e-m/nofp\libgcc.a(_arm_addsubsf3.o)
 .ARM.attributes
                0x00000411       0x1e d:/software/10 2020-q4-major/bin/../lib/gcc/arm-none-eabi/10.2.1/thumb/v7e-m/nofp\libgcc.a(_arm_muldivsf3.o)
 .ARM.attributes
                0x0000042f       0x1e d:/software/10 2020-q4-major/bin/../lib/gcc/arm-none-eabi/10.2.1/thumb/v7e-m/nofp\libgcc.a(_arm_cmpsf2.o)
 .ARM.attributes
                0x0000044d       0x1e d:/software/10 2020-q4-major/bin/../lib/gcc/arm-none-eabi/10.2.1/thumb/v7e-m/nofp\libgcc.a(_arm_fixunssfsi.o)
 .ARM.attributes
                0x0000046b       0x1e d:/software/10 2020-q4-major/bin/../lib/gcc/arm-none-eabi/10.2.1/thumb/v7e-m/nofp\libgcc.a(_aeabi_uldivmod.o)
 .ARM.attributes
                0x00000489       0x2e d:/software/10 2020-q4-major/bin/../lib/gcc/arm-none-eabi/10.2.1/thumb/v7e-m/nofp\libgcc.a(_udivmoddi4.o)
 .ARM.attributes
                0x000004b7       0x1e d:/software/10 2020-q4-major/bin/../lib/gcc/arm-none-eabi/10.2.1/thumb/v7e-m/nofp\libgcc.a(_dvmd_tls.o)
 .ARM.attributes
                0x000004d5       0x2e d:/software/10 2020-q4-major/bin/../lib/gcc/arm-none-eabi/10.2.1/../../../../arm-none-eabi/lib/thumb/v7e-m/nofp\libg.a(lib_a-impure.o)
 .ARM.attributes
                0x00000503       0x2e d:/software/10 2020-q4-major/bin/../lib/gcc/arm-none-eabi/10.2.1/../../../../arm-none-eabi/lib/thumb/v7e-m/nofp\libg.a(lib_a-init.o)
 .ARM.attributes
                0x00000531       0x2e d:/software/10 2020-q4-major/bin/../lib/gcc/arm-none-eabi/10.2.1/../../../../arm-none-eabi/lib/thumb/v7e-m/nofp\libg.a(lib_a-memset.o)
 .ARM.attributes
                0x0000055f       0x2e d:/software/10 2020-q4-major/bin/../lib/gcc/arm-none-eabi/10.2.1/../../../../arm-none-eabi/lib/thumb/v7e-m/nofp\libg.a(lib_a-__call_atexit.o)
 .ARM.attributes
                0x0000058d       0x2e d:/software/10 2020-q4-major/bin/../lib/gcc/arm-none-eabi/10.2.1/../../../../arm-none-eabi/lib/thumb/v7e-m/nofp\libg.a(lib_a-atexit.o)
 .ARM.attributes
                0x000005bb       0x2e d:/software/10 2020-q4-major/bin/../lib/gcc/arm-none-eabi/10.2.1/../../../../arm-none-eabi/lib/thumb/v7e-m/nofp\libg.a(lib_a-fini.o)
 .ARM.attributes
                0x000005e9       0x2e d:/software/10 2020-q4-major/bin/../lib/gcc/arm-none-eabi/10.2.1/../../../../arm-none-eabi/lib/thumb/v7e-m/nofp\libg.a(lib_a-lock.o)
 .ARM.attributes
                0x00000617       0x2e d:/software/10 2020-q4-major/bin/../lib/gcc/arm-none-eabi/10.2.1/../../../../arm-none-eabi/lib/thumb/v7e-m/nofp\libg.a(lib_a-__atexit.o)
 .ARM.attributes
                0x00000645       0x1e d:/software/10 2020-q4-major/bin/../lib/gcc/arm-none-eabi/10.2.1/thumb/v7e-m/nofp/crtn.o
OUTPUT(CtrledCar.elf elf32-littlearm)
LOAD linker stubs
LOAD d:/software/10 2020-q4-major/bin/../lib/gcc/arm-none-eabi/10.2.1/../../../../arm-none-eabi/lib/thumb/v7e-m/nofp\libc.a
LOAD d:/software/10 2020-q4-major/bin/../lib/gcc/arm-none-eabi/10.2.1/../../../../arm-none-eabi/lib/thumb/v7e-m/nofp\libm.a
LOAD d:/software/10 2020-q4-major/bin/../lib/gcc/arm-none-eabi/10.2.1/thumb/v7e-m/nofp\libgcc.a

.debug_info     0x00000000    0x13838
 .debug_info    0x00000000      0x4f6 CMakeFiles/CtrledCar.elf.dir/Core/Src/gpio.c.obj
 .debug_info    0x000004f6     0x15c8 CMakeFiles/CtrledCar.elf.dir/Core/Src/main.c.obj
 .debug_info    0x00001abe      0x2d0 CMakeFiles/CtrledCar.elf.dir/Core/Src/stm32f4xx_hal_msp.c.obj
 .debug_info    0x00001d8e      0xa31 CMakeFiles/CtrledCar.elf.dir/Core/Src/stm32f4xx_it.c.obj
 .debug_info    0x000027bf      0x3a9 CMakeFiles/CtrledCar.elf.dir/Core/Src/system_stm32f4xx.c.obj
 .debug_info    0x00002b68     0x14a1 CMakeFiles/CtrledCar.elf.dir/Core/Src/tim.c.obj
 .debug_info    0x00004009      0xd47 CMakeFiles/CtrledCar.elf.dir/Core/Src/usart.c.obj
 .debug_info    0x00004d50       0x22 CMakeFiles/CtrledCar.elf.dir/Core/Startup/startup_stm32f401ccux.s.obj
 .debug_info    0x00004d72      0x97b CMakeFiles/CtrledCar.elf.dir/Drivers/STM32F4xx_HAL_Driver/Src/stm32f4xx_hal.c.obj
 .debug_info    0x000056ed     0x1002 CMakeFiles/CtrledCar.elf.dir/Drivers/STM32F4xx_HAL_Driver/Src/stm32f4xx_hal_cortex.c.obj
 .debug_info    0x000066ef      0xb37 CMakeFiles/CtrledCar.elf.dir/Drivers/STM32F4xx_HAL_Driver/Src/stm32f4xx_hal_dma.c.obj
 .debug_info    0x00007226      0x7d4 CMakeFiles/CtrledCar.elf.dir/Drivers/STM32F4xx_HAL_Driver/Src/stm32f4xx_hal_gpio.c.obj
 .debug_info    0x000079fa      0xb2a CMakeFiles/CtrledCar.elf.dir/Drivers/STM32F4xx_HAL_Driver/Src/stm32f4xx_hal_rcc.c.obj
 .debug_info    0x00008524     0x3d54 CMakeFiles/CtrledCar.elf.dir/Drivers/STM32F4xx_HAL_Driver/Src/stm32f4xx_hal_tim.c.obj
 .debug_info    0x0000c278     0x1ad6 CMakeFiles/CtrledCar.elf.dir/Drivers/STM32F4xx_HAL_Driver/Src/stm32f4xx_hal_tim_ex.c.obj
 .debug_info    0x0000dd4e     0x422b CMakeFiles/CtrledCar.elf.dir/Drivers/STM32F4xx_HAL_Driver/Src/stm32f4xx_hal_uart.c.obj
 .debug_info    0x00011f79      0x27b CMakeFiles/CtrledCar.elf.dir/user/timepiece.c.obj
 .debug_info    0x000121f4     0x1644 CMakeFiles/CtrledCar.elf.dir/user/user.c.obj

.debug_abbrev   0x00000000     0x23ee
 .debug_abbrev  0x00000000      0x14e CMakeFiles/CtrledCar.elf.dir/Core/Src/gpio.c.obj
 .debug_abbrev  0x0000014e      0x26c CMakeFiles/CtrledCar.elf.dir/Core/Src/main.c.obj
 .debug_abbrev  0x000003ba       0xd1 CMakeFiles/CtrledCar.elf.dir/Core/Src/stm32f4xx_hal_msp.c.obj
 .debug_abbrev  0x0000048b      0x1ae CMakeFiles/CtrledCar.elf.dir/Core/Src/stm32f4xx_it.c.obj
 .debug_abbrev  0x00000639      0x119 CMakeFiles/CtrledCar.elf.dir/Core/Src/system_stm32f4xx.c.obj
 .debug_abbrev  0x00000752      0x241 CMakeFiles/CtrledCar.elf.dir/Core/Src/tim.c.obj
 .debug_abbrev  0x00000993      0x1dc CMakeFiles/CtrledCar.elf.dir/Core/Src/usart.c.obj
 .debug_abbrev  0x00000b6f       0x12 CMakeFiles/CtrledCar.elf.dir/Core/Startup/startup_stm32f401ccux.s.obj
 .debug_abbrev  0x00000b81      0x237 CMakeFiles/CtrledCar.elf.dir/Drivers/STM32F4xx_HAL_Driver/Src/stm32f4xx_hal.c.obj
 .debug_abbrev  0x00000db8      0x36a CMakeFiles/CtrledCar.elf.dir/Drivers/STM32F4xx_HAL_Driver/Src/stm32f4xx_hal_cortex.c.obj
 .debug_abbrev  0x00001122      0x282 CMakeFiles/CtrledCar.elf.dir/Drivers/STM32F4xx_HAL_Driver/Src/stm32f4xx_hal_dma.c.obj
 .debug_abbrev  0x000013a4      0x1ef CMakeFiles/CtrledCar.elf.dir/Drivers/STM32F4xx_HAL_Driver/Src/stm32f4xx_hal_gpio.c.obj
 .debug_abbrev  0x00001593      0x28a CMakeFiles/CtrledCar.elf.dir/Drivers/STM32F4xx_HAL_Driver/Src/stm32f4xx_hal_rcc.c.obj
 .debug_abbrev  0x0000181d      0x23c CMakeFiles/CtrledCar.elf.dir/Drivers/STM32F4xx_HAL_Driver/Src/stm32f4xx_hal_tim.c.obj
 .debug_abbrev  0x00001a59      0x252 CMakeFiles/CtrledCar.elf.dir/Drivers/STM32F4xx_HAL_Driver/Src/stm32f4xx_hal_tim_ex.c.obj
 .debug_abbrev  0x00001cab      0x307 CMakeFiles/CtrledCar.elf.dir/Drivers/STM32F4xx_HAL_Driver/Src/stm32f4xx_hal_uart.c.obj
 .debug_abbrev  0x00001fb2      0x13c CMakeFiles/CtrledCar.elf.dir/user/timepiece.c.obj
 .debug_abbrev  0x000020ee      0x300 CMakeFiles/CtrledCar.elf.dir/user/user.c.obj

.debug_aranges  0x00000000      0xcf0
 .debug_aranges
                0x00000000       0x20 CMakeFiles/CtrledCar.elf.dir/Core/Src/gpio.c.obj
 .debug_aranges
                0x00000020       0x30 CMakeFiles/CtrledCar.elf.dir/Core/Src/main.c.obj
 .debug_aranges
                0x00000050       0x20 CMakeFiles/CtrledCar.elf.dir/Core/Src/stm32f4xx_hal_msp.c.obj
 .debug_aranges
                0x00000070       0x78 CMakeFiles/CtrledCar.elf.dir/Core/Src/stm32f4xx_it.c.obj
 .debug_aranges
                0x000000e8       0x28 CMakeFiles/CtrledCar.elf.dir/Core/Src/system_stm32f4xx.c.obj
 .debug_aranges
                0x00000110       0x60 CMakeFiles/CtrledCar.elf.dir/Core/Src/tim.c.obj
 .debug_aranges
                0x00000170       0x38 CMakeFiles/CtrledCar.elf.dir/Core/Src/usart.c.obj
 .debug_aranges
                0x000001a8       0x28 CMakeFiles/CtrledCar.elf.dir/Core/Startup/startup_stm32f401ccux.s.obj
 .debug_aranges
                0x000001d0       0xf0 CMakeFiles/CtrledCar.elf.dir/Drivers/STM32F4xx_HAL_Driver/Src/stm32f4xx_hal.c.obj
 .debug_aranges
                0x000002c0       0xa8 CMakeFiles/CtrledCar.elf.dir/Drivers/STM32F4xx_HAL_Driver/Src/stm32f4xx_hal_cortex.c.obj
 .debug_aranges
                0x00000368       0x90 CMakeFiles/CtrledCar.elf.dir/Drivers/STM32F4xx_HAL_Driver/Src/stm32f4xx_hal_dma.c.obj
 .debug_aranges
                0x000003f8       0x58 CMakeFiles/CtrledCar.elf.dir/Drivers/STM32F4xx_HAL_Driver/Src/stm32f4xx_hal_gpio.c.obj
 .debug_aranges
                0x00000450       0x88 CMakeFiles/CtrledCar.elf.dir/Drivers/STM32F4xx_HAL_Driver/Src/stm32f4xx_hal_rcc.c.obj
 .debug_aranges
                0x000004d8      0x3d0 CMakeFiles/CtrledCar.elf.dir/Drivers/STM32F4xx_HAL_Driver/Src/stm32f4xx_hal_tim.c.obj
 .debug_aranges
                0x000008a8      0x168 CMakeFiles/CtrledCar.elf.dir/Drivers/STM32F4xx_HAL_Driver/Src/stm32f4xx_hal_tim_ex.c.obj
 .debug_aranges
                0x00000a10      0x200 CMakeFiles/CtrledCar.elf.dir/Drivers/STM32F4xx_HAL_Driver/Src/stm32f4xx_hal_uart.c.obj
 .debug_aranges
                0x00000c10       0x38 CMakeFiles/CtrledCar.elf.dir/user/timepiece.c.obj
 .debug_aranges
                0x00000c48       0xa8 CMakeFiles/CtrledCar.elf.dir/user/user.c.obj

.debug_ranges   0x00000000      0xc80
 .debug_ranges  0x00000000       0x10 CMakeFiles/CtrledCar.elf.dir/Core/Src/gpio.c.obj
 .debug_ranges  0x00000010       0x20 CMakeFiles/CtrledCar.elf.dir/Core/Src/main.c.obj
 .debug_ranges  0x00000030       0x10 CMakeFiles/CtrledCar.elf.dir/Core/Src/stm32f4xx_hal_msp.c.obj
 .debug_ranges  0x00000040       0x68 CMakeFiles/CtrledCar.elf.dir/Core/Src/stm32f4xx_it.c.obj
 .debug_ranges  0x000000a8       0x18 CMakeFiles/CtrledCar.elf.dir/Core/Src/system_stm32f4xx.c.obj
 .debug_ranges  0x000000c0       0x50 CMakeFiles/CtrledCar.elf.dir/Core/Src/tim.c.obj
 .debug_ranges  0x00000110       0x28 CMakeFiles/CtrledCar.elf.dir/Core/Src/usart.c.obj
 .debug_ranges  0x00000138       0x20 CMakeFiles/CtrledCar.elf.dir/Core/Startup/startup_stm32f401ccux.s.obj
 .debug_ranges  0x00000158       0xe0 CMakeFiles/CtrledCar.elf.dir/Drivers/STM32F4xx_HAL_Driver/Src/stm32f4xx_hal.c.obj
 .debug_ranges  0x00000238       0xf8 CMakeFiles/CtrledCar.elf.dir/Drivers/STM32F4xx_HAL_Driver/Src/stm32f4xx_hal_cortex.c.obj
 .debug_ranges  0x00000330       0x80 CMakeFiles/CtrledCar.elf.dir/Drivers/STM32F4xx_HAL_Driver/Src/stm32f4xx_hal_dma.c.obj
 .debug_ranges  0x000003b0       0x48 CMakeFiles/CtrledCar.elf.dir/Drivers/STM32F4xx_HAL_Driver/Src/stm32f4xx_hal_gpio.c.obj
 .debug_ranges  0x000003f8       0x90 CMakeFiles/CtrledCar.elf.dir/Drivers/STM32F4xx_HAL_Driver/Src/stm32f4xx_hal_rcc.c.obj
 .debug_ranges  0x00000488      0x3c0 CMakeFiles/CtrledCar.elf.dir/Drivers/STM32F4xx_HAL_Driver/Src/stm32f4xx_hal_tim.c.obj
 .debug_ranges  0x00000848      0x158 CMakeFiles/CtrledCar.elf.dir/Drivers/STM32F4xx_HAL_Driver/Src/stm32f4xx_hal_tim_ex.c.obj
 .debug_ranges  0x000009a0      0x208 CMakeFiles/CtrledCar.elf.dir/Drivers/STM32F4xx_HAL_Driver/Src/stm32f4xx_hal_uart.c.obj
 .debug_ranges  0x00000ba8       0x28 CMakeFiles/CtrledCar.elf.dir/user/timepiece.c.obj
 .debug_ranges  0x00000bd0       0xb0 CMakeFiles/CtrledCar.elf.dir/user/user.c.obj

.debug_line     0x00000000    0x10203
 .debug_line    0x00000000      0x23e CMakeFiles/CtrledCar.elf.dir/Core/Src/gpio.c.obj
 .debug_line    0x0000023e      0x567 CMakeFiles/CtrledCar.elf.dir/Core/Src/main.c.obj
 .debug_line    0x000007a5      0x16f CMakeFiles/CtrledCar.elf.dir/Core/Src/stm32f4xx_hal_msp.c.obj
 .debug_line    0x00000914      0x3b5 CMakeFiles/CtrledCar.elf.dir/Core/Src/stm32f4xx_it.c.obj
 .debug_line    0x00000cc9      0x237 CMakeFiles/CtrledCar.elf.dir/Core/Src/system_stm32f4xx.c.obj
 .debug_line    0x00000f00      0x76f CMakeFiles/CtrledCar.elf.dir/Core/Src/tim.c.obj
 .debug_line    0x0000166f      0x426 CMakeFiles/CtrledCar.elf.dir/Core/Src/usart.c.obj
 .debug_line    0x00001a95       0xa5 CMakeFiles/CtrledCar.elf.dir/Core/Startup/startup_stm32f401ccux.s.obj
 .debug_line    0x00001b3a      0x5b9 CMakeFiles/CtrledCar.elf.dir/Drivers/STM32F4xx_HAL_Driver/Src/stm32f4xx_hal.c.obj
 .debug_line    0x000020f3      0x7cc CMakeFiles/CtrledCar.elf.dir/Drivers/STM32F4xx_HAL_Driver/Src/stm32f4xx_hal_cortex.c.obj
 .debug_line    0x000028bf      0xe61 CMakeFiles/CtrledCar.elf.dir/Drivers/STM32F4xx_HAL_Driver/Src/stm32f4xx_hal_dma.c.obj
 .debug_line    0x00003720      0x6f7 CMakeFiles/CtrledCar.elf.dir/Drivers/STM32F4xx_HAL_Driver/Src/stm32f4xx_hal_gpio.c.obj
 .debug_line    0x00003e17      0xb43 CMakeFiles/CtrledCar.elf.dir/Drivers/STM32F4xx_HAL_Driver/Src/stm32f4xx_hal_rcc.c.obj
 .debug_line    0x0000495a     0x49ee CMakeFiles/CtrledCar.elf.dir/Drivers/STM32F4xx_HAL_Driver/Src/stm32f4xx_hal_tim.c.obj
 .debug_line    0x00009348     0x1c9a CMakeFiles/CtrledCar.elf.dir/Drivers/STM32F4xx_HAL_Driver/Src/stm32f4xx_hal_tim_ex.c.obj
 .debug_line    0x0000afe2     0x462c CMakeFiles/CtrledCar.elf.dir/Drivers/STM32F4xx_HAL_Driver/Src/stm32f4xx_hal_uart.c.obj
 .debug_line    0x0000f60e      0x1fc CMakeFiles/CtrledCar.elf.dir/user/timepiece.c.obj
 .debug_line    0x0000f80a      0x9f9 CMakeFiles/CtrledCar.elf.dir/user/user.c.obj

.debug_str      0x00000000     0x40f4
 .debug_str     0x00000000      0x354 CMakeFiles/CtrledCar.elf.dir/Core/Src/gpio.c.obj
                                0x3aa (size before relaxing)
 .debug_str     0x00000354      0xa73 CMakeFiles/CtrledCar.elf.dir/Core/Src/main.c.obj
                                0xdf3 (size before relaxing)
 .debug_str     0x00000dc7       0x49 CMakeFiles/CtrledCar.elf.dir/Core/Src/stm32f4xx_hal_msp.c.obj
                                0x2f9 (size before relaxing)
 .debug_str     0x00000e10      0x12f CMakeFiles/CtrledCar.elf.dir/Core/Src/stm32f4xx_it.c.obj
                                0xa15 (size before relaxing)
 .debug_str     0x00000f3f       0xa4 CMakeFiles/CtrledCar.elf.dir/Core/Src/system_stm32f4xx.c.obj
                                0x35f (size before relaxing)
 .debug_str     0x00000fe3      0x776 CMakeFiles/CtrledCar.elf.dir/Core/Src/tim.c.obj
                               0x1090 (size before relaxing)
 .debug_str     0x00001759       0x6e CMakeFiles/CtrledCar.elf.dir/Core/Src/usart.c.obj
                                0xc1d (size before relaxing)
 .debug_str     0x000017c7       0x53 CMakeFiles/CtrledCar.elf.dir/Core/Startup/startup_stm32f401ccux.s.obj
                                 0x85 (size before relaxing)
 .debug_str     0x0000181a      0x374 CMakeFiles/CtrledCar.elf.dir/Drivers/STM32F4xx_HAL_Driver/Src/stm32f4xx_hal.c.obj
                                0xa36 (size before relaxing)
 .debug_str     0x00001b8e      0x49e CMakeFiles/CtrledCar.elf.dir/Drivers/STM32F4xx_HAL_Driver/Src/stm32f4xx_hal_cortex.c.obj
                                0xaf6 (size before relaxing)
 .debug_str     0x0000202c      0x331 CMakeFiles/CtrledCar.elf.dir/Drivers/STM32F4xx_HAL_Driver/Src/stm32f4xx_hal_dma.c.obj
                                0x7a2 (size before relaxing)
 .debug_str     0x0000235d      0x145 CMakeFiles/CtrledCar.elf.dir/Drivers/STM32F4xx_HAL_Driver/Src/stm32f4xx_hal_gpio.c.obj
                                0x51e (size before relaxing)
 .debug_str     0x000024a2      0x1c1 CMakeFiles/CtrledCar.elf.dir/Drivers/STM32F4xx_HAL_Driver/Src/stm32f4xx_hal_rcc.c.obj
                                0x744 (size before relaxing)
 .debug_str     0x00002663      0xccd CMakeFiles/CtrledCar.elf.dir/Drivers/STM32F4xx_HAL_Driver/Src/stm32f4xx_hal_tim.c.obj
                               0x16e5 (size before relaxing)
 .debug_str     0x00003330      0x48f CMakeFiles/CtrledCar.elf.dir/Drivers/STM32F4xx_HAL_Driver/Src/stm32f4xx_hal_tim_ex.c.obj
                                0xee6 (size before relaxing)
 .debug_str     0x000037bf      0x5f3 CMakeFiles/CtrledCar.elf.dir/Drivers/STM32F4xx_HAL_Driver/Src/stm32f4xx_hal_uart.c.obj
                                0xd85 (size before relaxing)
 .debug_str     0x00003db2       0xa4 CMakeFiles/CtrledCar.elf.dir/user/timepiece.c.obj
                                0x2bc (size before relaxing)
 .debug_str     0x00003e56      0x29e CMakeFiles/CtrledCar.elf.dir/user/user.c.obj
                                0xd48 (size before relaxing)

.comment        0x00000000       0x4d
 .comment       0x00000000       0x4d CMakeFiles/CtrledCar.elf.dir/Core/Src/gpio.c.obj
                                 0x4e (size before relaxing)
 .comment       0x0000004d       0x4e CMakeFiles/CtrledCar.elf.dir/Core/Src/main.c.obj
 .comment       0x0000004d       0x4e CMakeFiles/CtrledCar.elf.dir/Core/Src/stm32f4xx_hal_msp.c.obj
 .comment       0x0000004d       0x4e CMakeFiles/CtrledCar.elf.dir/Core/Src/stm32f4xx_it.c.obj
 .comment       0x0000004d       0x4e CMakeFiles/CtrledCar.elf.dir/Core/Src/system_stm32f4xx.c.obj
 .comment       0x0000004d       0x4e CMakeFiles/CtrledCar.elf.dir/Core/Src/tim.c.obj
 .comment       0x0000004d       0x4e CMakeFiles/CtrledCar.elf.dir/Core/Src/usart.c.obj
 .comment       0x0000004d       0x4e CMakeFiles/CtrledCar.elf.dir/Drivers/STM32F4xx_HAL_Driver/Src/stm32f4xx_hal.c.obj
 .comment       0x0000004d       0x4e CMakeFiles/CtrledCar.elf.dir/Drivers/STM32F4xx_HAL_Driver/Src/stm32f4xx_hal_cortex.c.obj
 .comment       0x0000004d       0x4e CMakeFiles/CtrledCar.elf.dir/Drivers/STM32F4xx_HAL_Driver/Src/stm32f4xx_hal_dma.c.obj
 .comment       0x0000004d       0x4e CMakeFiles/CtrledCar.elf.dir/Drivers/STM32F4xx_HAL_Driver/Src/stm32f4xx_hal_gpio.c.obj
 .comment       0x0000004d       0x4e CMakeFiles/CtrledCar.elf.dir/Drivers/STM32F4xx_HAL_Driver/Src/stm32f4xx_hal_rcc.c.obj
 .comment       0x0000004d       0x4e CMakeFiles/CtrledCar.elf.dir/Drivers/STM32F4xx_HAL_Driver/Src/stm32f4xx_hal_tim.c.obj
 .comment       0x0000004d       0x4e CMakeFiles/CtrledCar.elf.dir/Drivers/STM32F4xx_HAL_Driver/Src/stm32f4xx_hal_tim_ex.c.obj
 .comment       0x0000004d       0x4e CMakeFiles/CtrledCar.elf.dir/Drivers/STM32F4xx_HAL_Driver/Src/stm32f4xx_hal_uart.c.obj
 .comment       0x0000004d       0x4e CMakeFiles/CtrledCar.elf.dir/user/timepiece.c.obj
 .comment       0x0000004d       0x4e CMakeFiles/CtrledCar.elf.dir/user/user.c.obj

.debug_frame    0x00000000     0x26b0
 .debug_frame   0x00000000       0x34 CMakeFiles/CtrledCar.elf.dir/Core/Src/gpio.c.obj
 .debug_frame   0x00000034       0x5c CMakeFiles/CtrledCar.elf.dir/Core/Src/main.c.obj
 .debug_frame   0x00000090       0x28 CMakeFiles/CtrledCar.elf.dir/Core/Src/stm32f4xx_hal_msp.c.obj
 .debug_frame   0x000000b8       0xf0 CMakeFiles/CtrledCar.elf.dir/Core/Src/stm32f4xx_it.c.obj
 .debug_frame   0x000001a8       0x30 CMakeFiles/CtrledCar.elf.dir/Core/Src/system_stm32f4xx.c.obj
 .debug_frame   0x000001d8      0x128 CMakeFiles/CtrledCar.elf.dir/Core/Src/tim.c.obj
 .debug_frame   0x00000300       0x80 CMakeFiles/CtrledCar.elf.dir/Core/Src/usart.c.obj
 .debug_frame   0x00000380      0x1ec CMakeFiles/CtrledCar.elf.dir/Drivers/STM32F4xx_HAL_Driver/Src/stm32f4xx_hal.c.obj
 .debug_frame   0x0000056c      0x148 CMakeFiles/CtrledCar.elf.dir/Drivers/STM32F4xx_HAL_Driver/Src/stm32f4xx_hal_cortex.c.obj
 .debug_frame   0x000006b4      0x188 CMakeFiles/CtrledCar.elf.dir/Drivers/STM32F4xx_HAL_Driver/Src/stm32f4xx_hal_dma.c.obj
 .debug_frame   0x0000083c       0xd8 CMakeFiles/CtrledCar.elf.dir/Drivers/STM32F4xx_HAL_Driver/Src/stm32f4xx_hal_gpio.c.obj
 .debug_frame   0x00000914      0x16c CMakeFiles/CtrledCar.elf.dir/Drivers/STM32F4xx_HAL_Driver/Src/stm32f4xx_hal_rcc.c.obj
 .debug_frame   0x00000a80      0xb18 CMakeFiles/CtrledCar.elf.dir/Drivers/STM32F4xx_HAL_Driver/Src/stm32f4xx_hal_tim.c.obj
 .debug_frame   0x00001598      0x40c CMakeFiles/CtrledCar.elf.dir/Drivers/STM32F4xx_HAL_Driver/Src/stm32f4xx_hal_tim_ex.c.obj
 .debug_frame   0x000019a4      0x5cc CMakeFiles/CtrledCar.elf.dir/Drivers/STM32F4xx_HAL_Driver/Src/stm32f4xx_hal_uart.c.obj
 .debug_frame   0x00001f70       0x68 CMakeFiles/CtrledCar.elf.dir/user/timepiece.c.obj
 .debug_frame   0x00001fd8      0x1d8 CMakeFiles/CtrledCar.elf.dir/user/user.c.obj
 .debug_frame   0x000021b0       0xac d:/software/10 2020-q4-major/bin/../lib/gcc/arm-none-eabi/10.2.1/thumb/v7e-m/nofp\libgcc.a(_arm_addsubdf3.o)
 .debug_frame   0x0000225c       0x50 d:/software/10 2020-q4-major/bin/../lib/gcc/arm-none-eabi/10.2.1/thumb/v7e-m/nofp\libgcc.a(_arm_muldivdf3.o)
 .debug_frame   0x000022ac       0x24 d:/software/10 2020-q4-major/bin/../lib/gcc/arm-none-eabi/10.2.1/thumb/v7e-m/nofp\libgcc.a(_arm_fixunsdfsi.o)
 .debug_frame   0x000022d0       0x24 d:/software/10 2020-q4-major/bin/../lib/gcc/arm-none-eabi/10.2.1/thumb/v7e-m/nofp\libgcc.a(_arm_truncdfsf2.o)
 .debug_frame   0x000022f4       0x4c d:/software/10 2020-q4-major/bin/../lib/gcc/arm-none-eabi/10.2.1/thumb/v7e-m/nofp\libgcc.a(_arm_addsubsf3.o)
 .debug_frame   0x00002340       0x38 d:/software/10 2020-q4-major/bin/../lib/gcc/arm-none-eabi/10.2.1/thumb/v7e-m/nofp\libgcc.a(_arm_muldivsf3.o)
 .debug_frame   0x00002378       0xc8 d:/software/10 2020-q4-major/bin/../lib/gcc/arm-none-eabi/10.2.1/thumb/v7e-m/nofp\libgcc.a(_arm_cmpsf2.o)
 .debug_frame   0x00002440       0x24 d:/software/10 2020-q4-major/bin/../lib/gcc/arm-none-eabi/10.2.1/thumb/v7e-m/nofp\libgcc.a(_arm_fixunssfsi.o)
 .debug_frame   0x00002464       0x2c d:/software/10 2020-q4-major/bin/../lib/gcc/arm-none-eabi/10.2.1/thumb/v7e-m/nofp\libgcc.a(_aeabi_uldivmod.o)
 .debug_frame   0x00002490       0x34 d:/software/10 2020-q4-major/bin/../lib/gcc/arm-none-eabi/10.2.1/thumb/v7e-m/nofp\libgcc.a(_udivmoddi4.o)
 .debug_frame   0x000024c4       0x2c d:/software/10 2020-q4-major/bin/../lib/gcc/arm-none-eabi/10.2.1/../../../../arm-none-eabi/lib/thumb/v7e-m/nofp\libg.a(lib_a-init.o)
 .debug_frame   0x000024f0       0x2c d:/software/10 2020-q4-major/bin/../lib/gcc/arm-none-eabi/10.2.1/../../../../arm-none-eabi/lib/thumb/v7e-m/nofp\libg.a(lib_a-memset.o)
 .debug_frame   0x0000251c       0x5c d:/software/10 2020-q4-major/bin/../lib/gcc/arm-none-eabi/10.2.1/../../../../arm-none-eabi/lib/thumb/v7e-m/nofp\libg.a(lib_a-__call_atexit.o)
 .debug_frame   0x00002578       0x20 d:/software/10 2020-q4-major/bin/../lib/gcc/arm-none-eabi/10.2.1/../../../../arm-none-eabi/lib/thumb/v7e-m/nofp\libg.a(lib_a-atexit.o)
 .debug_frame   0x00002598       0x34 d:/software/10 2020-q4-major/bin/../lib/gcc/arm-none-eabi/10.2.1/../../../../arm-none-eabi/lib/thumb/v7e-m/nofp\libg.a(lib_a-fini.o)
 .debug_frame   0x000025cc       0xb0 d:/software/10 2020-q4-major/bin/../lib/gcc/arm-none-eabi/10.2.1/../../../../arm-none-eabi/lib/thumb/v7e-m/nofp\libg.a(lib_a-lock.o)
 .debug_frame   0x0000267c       0x34 d:/software/10 2020-q4-major/bin/../lib/gcc/arm-none-eabi/10.2.1/../../../../arm-none-eabi/lib/thumb/v7e-m/nofp\libg.a(lib_a-__atexit.o)

.debug_loc      0x00000000     0xdf54
 .debug_loc     0x00000000      0x158 CMakeFiles/CtrledCar.elf.dir/Core/Src/system_stm32f4xx.c.obj
 .debug_loc     0x00000158      0x184 CMakeFiles/CtrledCar.elf.dir/Core/Src/tim.c.obj
 .debug_loc     0x000002dc       0xbe CMakeFiles/CtrledCar.elf.dir/Core/Src/usart.c.obj
 .debug_loc     0x0000039a      0x141 CMakeFiles/CtrledCar.elf.dir/Drivers/STM32F4xx_HAL_Driver/Src/stm32f4xx_hal.c.obj
 .debug_loc     0x000004db      0x744 CMakeFiles/CtrledCar.elf.dir/Drivers/STM32F4xx_HAL_Driver/Src/stm32f4xx_hal_cortex.c.obj
 .debug_loc     0x00000c1f      0xbf9 CMakeFiles/CtrledCar.elf.dir/Drivers/STM32F4xx_HAL_Driver/Src/stm32f4xx_hal_dma.c.obj
 .debug_loc     0x00001818      0x520 CMakeFiles/CtrledCar.elf.dir/Drivers/STM32F4xx_HAL_Driver/Src/stm32f4xx_hal_gpio.c.obj
 .debug_loc     0x00001d38      0x58c CMakeFiles/CtrledCar.elf.dir/Drivers/STM32F4xx_HAL_Driver/Src/stm32f4xx_hal_rcc.c.obj
 .debug_loc     0x000022c4     0x5138 CMakeFiles/CtrledCar.elf.dir/Drivers/STM32F4xx_HAL_Driver/Src/stm32f4xx_hal_tim.c.obj
 .debug_loc     0x000073fc     0x1cd7 CMakeFiles/CtrledCar.elf.dir/Drivers/STM32F4xx_HAL_Driver/Src/stm32f4xx_hal_tim_ex.c.obj
 .debug_loc     0x000090d3     0x49eb CMakeFiles/CtrledCar.elf.dir/Drivers/STM32F4xx_HAL_Driver/Src/stm32f4xx_hal_uart.c.obj
 .debug_loc     0x0000dabe       0x8d CMakeFiles/CtrledCar.elf.dir/user/timepiece.c.obj
 .debug_loc     0x0000db4b      0x409 CMakeFiles/CtrledCar.elf.dir/user/user.c.obj
