Archive member included to satisfy reference by file (symbol)

d:/software/10 2020-q4-major/bin/../lib/gcc/arm-none-eabi/10.2.1/thumb/v7e-m/nofp\libgcc.a(_arm_muldf3.o)
                              CMakeFiles/CtrledCar.elf.dir/user/user.c.obj (__aeabi_dmul)
d:/software/10 2020-q4-major/bin/../lib/gcc/arm-none-eabi/10.2.1/thumb/v7e-m/nofp\libgcc.a(_arm_mulsf3.o)
                              CMakeFiles/CtrledCar.elf.dir/user/user.c.obj (__aeabi_fmul)
d:/software/10 2020-q4-major/bin/../lib/gcc/arm-none-eabi/10.2.1/thumb/v7e-m/nofp\libgcc.a(_arm_addsubdf3.o)
                              CMakeFiles/CtrledCar.elf.dir/user/user.c.obj (__aeabi_dsub)
d:/software/10 2020-q4-major/bin/../lib/gcc/arm-none-eabi/10.2.1/thumb/v7e-m/nofp\libgcc.a(_arm_muldivdf3.o)
                              CMakeFiles/CtrledCar.elf.dir/user/user.c.obj (__aeabi_ddiv)
d:/software/10 2020-q4-major/bin/../lib/gcc/arm-none-eabi/10.2.1/thumb/v7e-m/nofp\libgcc.a(_arm_cmpdf2.o)
                              CMakeFiles/CtrledCar.elf.dir/user/user.c.obj (__aeabi_dcmplt)
d:/software/10 2020-q4-major/bin/../lib/gcc/arm-none-eabi/10.2.1/thumb/v7e-m/nofp\libgcc.a(_arm_fixunsdfsi.o)
                              CMakeFiles/CtrledCar.elf.dir/user/user.c.obj (__aeabi_d2uiz)
d:/software/10 2020-q4-major/bin/../lib/gcc/arm-none-eabi/10.2.1/thumb/v7e-m/nofp\libgcc.a(_arm_truncdfsf2.o)
                              CMakeFiles/CtrledCar.elf.dir/user/user.c.obj (__aeabi_d2f)
d:/software/10 2020-q4-major/bin/../lib/gcc/arm-none-eabi/10.2.1/thumb/v7e-m/nofp\libgcc.a(_arm_addsubsf3.o)
                              CMakeFiles/CtrledCar.elf.dir/user/timepiece.c.obj (__aeabi_fadd)
d:/software/10 2020-q4-major/bin/../lib/gcc/arm-none-eabi/10.2.1/thumb/v7e-m/nofp\libgcc.a(_arm_muldivsf3.o)
                              CMakeFiles/CtrledCar.elf.dir/user/user.c.obj (__aeabi_fdiv)
d:/software/10 2020-q4-major/bin/../lib/gcc/arm-none-eabi/10.2.1/thumb/v7e-m/nofp\libgcc.a(_arm_cmpsf2.o)
                              CMakeFiles/CtrledCar.elf.dir/user/user.c.obj (__aeabi_fcmplt)
d:/software/10 2020-q4-major/bin/../lib/gcc/arm-none-eabi/10.2.1/thumb/v7e-m/nofp\libgcc.a(_arm_fixunssfsi.o)
                              CMakeFiles/CtrledCar.elf.dir/user/timepiece.c.obj (__aeabi_f2uiz)
d:/software/10 2020-q4-major/bin/../lib/gcc/arm-none-eabi/10.2.1/thumb/v7e-m/nofp\libgcc.a(_aeabi_uldivmod.o)
                              CMakeFiles/CtrledCar.elf.dir/Drivers/STM32F4xx_HAL_Driver/Src/stm32f4xx_hal_rcc.c.obj (__aeabi_uldivmod)
d:/software/10 2020-q4-major/bin/../lib/gcc/arm-none-eabi/10.2.1/thumb/v7e-m/nofp\libgcc.a(_udivmoddi4.o)
                              d:/software/10 2020-q4-major/bin/../lib/gcc/arm-none-eabi/10.2.1/thumb/v7e-m/nofp\libgcc.a(_aeabi_uldivmod.o) (__udivmoddi4)
d:/software/10 2020-q4-major/bin/../lib/gcc/arm-none-eabi/10.2.1/thumb/v7e-m/nofp\libgcc.a(_dvmd_tls.o)
                              d:/software/10 2020-q4-major/bin/../lib/gcc/arm-none-eabi/10.2.1/thumb/v7e-m/nofp\libgcc.a(_aeabi_uldivmod.o) (__aeabi_ldiv0)
d:/software/10 2020-q4-major/bin/../lib/gcc/arm-none-eabi/10.2.1/../../../../arm-none-eabi/lib/thumb/v7e-m/nofp\libg.a(lib_a-errno.o)
                              CMakeFiles/CtrledCar.elf.dir/Core/Src/syscalls.c.obj (__errno)
d:/software/10 2020-q4-major/bin/../lib/gcc/arm-none-eabi/10.2.1/../../../../arm-none-eabi/lib/thumb/v7e-m/nofp\libg.a(lib_a-exit.o)
                              d:/software/10 2020-q4-major/bin/../lib/gcc/arm-none-eabi/10.2.1/../../../../arm-none-eabi/lib/thumb/v7e-m/nofp/crt0.o (exit)
d:/software/10 2020-q4-major/bin/../lib/gcc/arm-none-eabi/10.2.1/../../../../arm-none-eabi/lib/thumb/v7e-m/nofp\libg.a(lib_a-impure.o)
                              d:/software/10 2020-q4-major/bin/../lib/gcc/arm-none-eabi/10.2.1/../../../../arm-none-eabi/lib/thumb/v7e-m/nofp\libg.a(lib_a-exit.o) (_global_impure_ptr)
d:/software/10 2020-q4-major/bin/../lib/gcc/arm-none-eabi/10.2.1/../../../../arm-none-eabi/lib/thumb/v7e-m/nofp\libg.a(lib_a-init.o)
                              d:/software/10 2020-q4-major/bin/../lib/gcc/arm-none-eabi/10.2.1/../../../../arm-none-eabi/lib/thumb/v7e-m/nofp/crt0.o (__libc_init_array)
d:/software/10 2020-q4-major/bin/../lib/gcc/arm-none-eabi/10.2.1/../../../../arm-none-eabi/lib/thumb/v7e-m/nofp\libg.a(lib_a-memset.o)
                              d:/software/10 2020-q4-major/bin/../lib/gcc/arm-none-eabi/10.2.1/../../../../arm-none-eabi/lib/thumb/v7e-m/nofp/crt0.o (memset)
d:/software/10 2020-q4-major/bin/../lib/gcc/arm-none-eabi/10.2.1/../../../../arm-none-eabi/lib/thumb/v7e-m/nofp\libg.a(lib_a-vsnprintf.o)
                              CMakeFiles/CtrledCar.elf.dir/Debug/Debug.c.obj (vsnprintf)
d:/software/10 2020-q4-major/bin/../lib/gcc/arm-none-eabi/10.2.1/../../../../arm-none-eabi/lib/thumb/v7e-m/nofp\libg.a(lib_a-__call_atexit.o)
[...]
Memory Configuration

Name             Origin             Length             Attributes
RAM              0x20000000         0x00010000         xrw
FLASH            0x08000000         0x00040000         xr
*default*        0x00000000         0xffffffff

Linker script and memory map

LOAD d:/software/10 2020-q4-major/bin/../lib/gcc/arm-none-eabi/10.2.1/thumb/v7e-m/nofp/crti.o
LOAD d:/software/10 2020-q4-major/bin/../lib/gcc/arm-none-eabi/10.2.1/thumb/v7e-m/nofp/crtbegin.o
LOAD d:/software/10 2020-q4-major/bin/../lib/gcc/arm-none-eabi/10.2.1/../../../../arm-none-eabi/lib/thumb/v7e-m/nofp/crt0.o
LOAD CMakeFiles/CtrledCar.elf.dir/Core/Src/gpio.c.obj
LOAD CMakeFiles/CtrledCar.elf.dir/Core/Src/main.c.obj
LOAD CMakeFiles/CtrledCar.elf.dir/Core/Src/stm32f4xx_hal_msp.c.obj
LOAD CMakeFiles/CtrledCar.elf.dir/Core/Src/stm32f4xx_it.c.obj
LOAD CMakeFiles/CtrledCar.elf.dir/Core/Src/syscalls.c.obj
LOAD CMakeFiles/CtrledCar.elf.dir/Core/Src/sysmem.c.obj
LOAD CMakeFiles/CtrledCar.elf.dir/Core/Src/system_stm32f4xx.c.obj
LOAD CMakeFiles/CtrledCar.elf.dir/Core/Src/tim.c.obj
LOAD CMakeFiles/CtrledCar.elf.dir/Core/Src/usart.c.obj
LOAD CMakeFiles/CtrledCar.elf.dir/Core/Startup/startup_stm32f401ccux.s.obj
LOAD CMakeFiles/CtrledCar.elf.dir/Debug/Debug.c.obj
LOAD CMakeFiles/CtrledCar.elf.dir/Drivers/STM32F4xx_HAL_Driver/Src/stm32f4xx_hal.c.obj
LOAD CMakeFiles/CtrledCar.elf.dir/Drivers/STM32F4xx_HAL_Driver/Src/stm32f4xx_hal_cortex.c.obj
LOAD CMakeFiles/CtrledCar.elf.dir/Drivers/STM32F4xx_HAL_Driver/Src/stm32f4xx_hal_dma.c.obj
LOAD CMakeFiles/CtrledCar.elf.dir/Drivers/STM32F4xx_HAL_Driver/Src/stm32f4xx_hal_dma_ex.c.obj
LOAD CMakeFiles/CtrledCar.elf.dir/Drivers/STM32F4xx_HAL_Driver/Src/stm32f4xx_hal_exti.c.obj
LOAD CMakeFiles/CtrledCar.elf.dir/Drivers/STM32F4xx_HAL_Driver/Src/stm32f4xx_hal_flash.c.obj
LOAD CMakeFiles/CtrledCar.elf.dir/Drivers/STM32F4xx_HAL_Driver/Src/stm32f4xx_hal_flash_ex.c.obj
LOAD CMakeFiles/CtrledCar.elf.dir/Drivers/STM32F4xx_HAL_Driver/Src/stm32f4xx_hal_flash_ramfunc.c.obj
LOAD CMakeFiles/CtrledCar.elf.dir/Drivers/STM32F4xx_HAL_Driver/Src/stm32f4xx_hal_gpio.c.obj
LOAD CMakeFiles/CtrledCar.elf.dir/Drivers/STM32F4xx_HAL_Driver/Src/stm32f4xx_hal_pwr.c.obj
LOAD CMakeFiles/CtrledCar.elf.dir/Drivers/STM32F4xx_HAL_Driver/Src/stm32f4xx_hal_pwr_ex.c.obj
LOAD CMakeFiles/CtrledCar.elf.dir/Drivers/STM32F4xx_HAL_Driver/Src/stm32f4xx_hal_rcc.c.obj
LOAD CMakeFiles/CtrledCar.elf.dir/Drivers/STM32F4xx_HAL_Driver/Src/stm32f4xx_hal_rcc_ex.c.obj
LOAD CMakeFiles/CtrledCar.elf.dir/Drivers/STM32F4xx_HAL_Driver/Src/stm32f4xx_hal_tim.c.obj
LOAD CMakeFiles/CtrledCar.elf.dir/Drivers/STM32F4xx_HAL_Driver/Src/stm32f4xx_hal_tim_ex.c.obj
LOAD CMakeFiles/CtrledCar.elf.dir/Drivers/STM32F4xx_HAL_Driver/Src/stm32f4xx_hal_uart.c.obj
LOAD CMakeFiles/CtrledCar.elf.dir/user/timepiece.c.obj
LOAD CMakeFiles/CtrledCar.elf.dir/user/user.c.obj
START GROUP
LOAD d:/software/10 2020-q4-major/bin/../lib/gcc/arm-none-eabi/10.2.1/thumb/v7e-m/nofp\libgcc.a
LOAD d:/software/10 2020-q4-major/bin/../lib/gcc/arm-none-eabi/10.2.1/../../../../arm-none-eabi/lib/thumb/v7e-m/nofp\libg.a
LOAD d:/software/10 2020-q4-major/bin/../lib/gcc/arm-none-eabi/10.2.1/../../../../arm-none-eabi/lib/thumb/v7e-m/nofp\libc.a
END GROUP
LOAD d:/software/10 2020-q4-major/bin/../lib/gcc/arm-none-eabi/10.2.1/thumb/v7e-m/nofp/crtend.o
LOAD d:/software/10 2020-q4-major/bin/../lib/gcc/arm-none-eabi/10.2.1/thumb/v7e-m/nofp/crtn.o
                0x20010000                _estack = (ORIGIN (RAM) + LENGTH (RAM))
                0x00000200                _Min_Heap_Size = 0x200
                0x00000400                _Min_Stack_Size = 0x400

.isr_vector     0x08000000      0x194
                0x08000000                . = ALIGN (0x4)
 *(.isr_vector)
 .isr_vector    0x08000000      0x194 CMakeFiles/CtrledCar.elf.dir/Core/Startup/startup_stm32f401ccux.s.obj
                0x08000000                g_pfnVectors
                0x08000194                . = ALIGN (0x4)

.text           0x080001c0     0xa574
                0x080001c0                . = ALIGN (0x4)
 *(.text)
 .text          0x080001c0       0x40 d:/software/10 2020-q4-major/bin/../lib/gcc/arm-none-eabi/10.2.1/thumb/v7e-m/nofp/crtbegin.o
 .text          0x08000200      0x378 d:/software/10 2020-q4-major/bin/../lib/gcc/arm-none-eabi/10.2.1/thumb/v7e-m/nofp\libgcc.a(_arm_addsubdf3.o)
                0x08000200                __aeabi_drsub
                0x08000208                __aeabi_dsub
                0x08000208                __subdf3
                0x0800020c                __aeabi_dadd
                0x0800020c                __adddf3
                0x08000484                __floatunsidf
                0x08000484                __aeabi_ui2d
                0x080004a4                __floatsidf
                0x080004a4                __aeabi_i2d
                0x080004c8                __aeabi_f2d
                0x080004c8                __extendsfdf2
                0x0800050c                __floatundidf
                0x0800050c                __aeabi_ul2d
                0x0800051c                __floatdidf
                0x0800051c                __aeabi_l2d
 .text          0x08000578      0x424 d:/software/10 2020-q4-major/bin/../lib/gcc/arm-none-eabi/10.2.1/thumb/v7e-m/nofp\libgcc.a(_arm_muldivdf3.o)
                0x08000578                __aeabi_dmul
                0x08000578                __muldf3
                0x080007cc                __divdf3
                0x080007cc                __aeabi_ddiv
 .text          0x0800099c      0x110 d:/software/10 2020-q4-major/bin/../lib/gcc/arm-none-eabi/10.2.1/thumb/v7e-m/nofp\libgcc.a(_arm_cmpdf2.o)
                0x0800099c                __gtdf2
                0x0800099c                __gedf2
                0x080009a4                __ltdf2
                0x080009a4                __ledf2
                0x080009ac                __nedf2
                0x080009ac                __eqdf2
                0x080009ac                __cmpdf2
                0x08000a28                __aeabi_cdrcmple
                0x08000a38                __aeabi_cdcmpeq
                0x08000a38                __aeabi_cdcmple
                0x08000a48                __aeabi_dcmpeq
                0x08000a5c                __aeabi_dcmplt
                0x08000a70                __aeabi_dcmple
                0x08000a84                __aeabi_dcmpge
                0x08000a98                __aeabi_dcmpgt
 .text          0x08000aac       0x40 d:/software/10 2020-q4-major/bin/../lib/gcc/arm-none-eabi/10.2.1/thumb/v7e-m/nofp\libgcc.a(_arm_fixunsdfsi.o)
                0x08000aac                __aeabi_d2uiz
                0x08000aac                __fixunsdfsi
 .text          0x08000aec       0xa0 d:/software/10 2020-q4-major/bin/../lib/gcc/arm-none-eabi/10.2.1/thumb/v7e-m/nofp\libgcc.a(_arm_truncdfsf2.o)
                0x08000aec                __truncdfsf2
                0x08000aec                __aeabi_d2f
 .text          0x08000b8c      0x21c d:/software/10 2020-q4-major/bin/../lib/gcc/arm-none-eabi/10.2.1/thumb/v7e-m/nofp\libgcc.a(_arm_addsubsf3.o)
                0x08000b8c                __aeabi_frsub
                0x08000b94                __subsf3
                0x08000b94                __aeabi_fsub
                0x08000b98                __aeabi_fadd
                0x08000b98                __addsf3
                0x08000cf8                __aeabi_ui2f
                0x08000cf8                __floatunsisf
                0x08000d00                __aeabi_i2f
                0x08000d00                __floatsisf
                0x08000d1c                __aeabi_ul2f
                0x08000d1c                __floatundisf
                0x08000d2c                __aeabi_l2f
                0x08000d2c                __floatdisf
 .text          0x08000da8      0x2a0 d:/software/10 2020-q4-major/bin/../lib/gcc/arm-none-eabi/10.2.1/thumb/v7e-m/nofp\libgcc.a(_arm_muldivsf3.o)
                0x08000da8                __mulsf3
                0x08000da8                __aeabi_fmul
                0x08000f10                __aeabi_fdiv
                0x08000f10                __divsf3
 .text          0x08001048       0xec d:/software/10 2020-q4-major/bin/../lib/gcc/arm-none-eabi/10.2.1/thumb/v7e-m/nofp\libgcc.a(_arm_cmpsf2.o)
                0x08001048                __gesf2
                0x08001048                __gtsf2
                0x08001050                __lesf2
                0x08001050                __ltsf2
                0x08001058                __nesf2
                0x08001058                __eqsf2
                0x08001058                __cmpsf2
                0x080010b8                __aeabi_cfrcmple
                0x080010c0                __aeabi_cfcmpeq
                0x080010c0                __aeabi_cfcmple
                0x080010d0                __aeabi_fcmpeq
                0x080010e4                __aeabi_fcmplt
                0x080010f8                __aeabi_fcmple
                0x0800110c                __aeabi_fcmpge
                0x08001120                __aeabi_fcmpgt
 .text          0x08001134       0x40 d:/software/10 2020-q4-major/bin/../lib/gcc/arm-none-eabi/10.2.1/thumb/v7e-m/nofp\libgcc.a(_arm_fixunssfsi.o)
                0x08001134                __fixunssfsi
                0x08001134                __aeabi_f2uiz
 .text          0x08001174       0x30 d:/software/10 2020-q4-major/bin/../lib/gcc/arm-none-eabi/10.2.1/thumb/v7e-m/nofp\libgcc.a(_aeabi_uldivmod.o)
                0x08001174                __aeabi_uldivmod
 .text          0x080011a4      0x2d0 d:/software/10 2020-q4-major/bin/../lib/gcc/arm-none-eabi/10.2.1/thumb/v7e-m/nofp\libgcc.a(_udivmoddi4.o)
                0x080011a4                __udivmoddi4
 .text          0x08001474        0x4 d:/software/10 2020-q4-major/bin/../lib/gcc/arm-none-eabi/10.2.1/thumb/v7e-m/nofp\libgcc.a(_dvmd_tls.o)
                0x08001474                __aeabi_idiv0
                0x08001474                __aeabi_ldiv0
 *fill*         0x08001478        0x8 
 .text          0x08001480       0xa0 d:/software/10 2020-q4-major/bin/../lib/gcc/arm-none-eabi/10.2.1/../../../../arm-none-eabi/lib/thumb/v7e-m/nofp\libg.a(lib_a-memchr.o)
                0x08001480                memchr
 .text          0x08001520      0x134 d:/software/10 2020-q4-major/bin/../lib/gcc/arm-none-eabi/10.2.1/../../../../arm-none-eabi/lib/thumb/v7e-m/nofp\libg.a(lib_a-memcpy.o)
                0x08001520                memcpy
 *fill*         0x08001654       0x2c 
 .text          0x08001680       0xdc d:/software/10 2020-q4-major/bin/../lib/gcc/arm-none-eabi/10.2.1/../../../../arm-none-eabi/lib/thumb/v7e-m/nofp\libg.a(lib_a-strlen.o)
                0x08001680                strlen
 .text          0x0800175c       0x2c d:/software/10 2020-q4-major/bin/../lib/gcc/arm-none-eabi/10.2.1/thumb/v7e-m/nofp\libgcc.a(_arm_unorddf2.o)
                0x0800175c                __unorddf2
                0x0800175c                __aeabi_dcmpun
 .text          0x08001788       0x50 d:/software/10 2020-q4-major/bin/../lib/gcc/arm-none-eabi/10.2.1/thumb/v7e-m/nofp\libgcc.a(_arm_fixdfsi.o)
                0x08001788                __aeabi_d2iz
                0x08001788                __fixdfsi
 *(.text*)
 .text.MX_GPIO_Init
                0x080017d8       0xc4 CMakeFiles/CtrledCar.elf.dir/Core/Src/gpio.c.obj
                0x080017d8                MX_GPIO_Init
 .text.Error_Handler
                0x0800189c        0x4 CMakeFiles/CtrledCar.elf.dir/Core/Src/main.c.obj
                0x0800189c                Error_Handler
 .text.SystemClock_Config
                0x080018a0       0xa8 CMakeFiles/CtrledCar.elf.dir/Core/Src/main.c.obj
                0x080018a0                SystemClock_Config
 .text.main     0x08001948      0x474 CMakeFiles/CtrledCar.elf.dir/Core/Src/main.c.obj
                0x08001948                main
 .text.HAL_MspInit
                0x08001dbc       0x38 CMakeFiles/CtrledCar.elf.dir/Core/Src/stm32f4xx_hal_msp.c.obj
                0x08001dbc                HAL_MspInit
 .text.NMI_Handler
                0x08001df4        0x2 CMakeFiles/CtrledCar.elf.dir/Core/Src/stm32f4xx_it.c.obj
                0x08001df4                NMI_Handler
 .text.HardFault_Handler
                0x08001df6        0x2 CMakeFiles/CtrledCar.elf.dir/Core/Src/stm32f4xx_it.c.obj
                0x08001df6                HardFault_Handler
 .text.MemManage_Handler
                0x08001df8        0x2 CMakeFiles/CtrledCar.elf.dir/Core/Src/stm32f4xx_it.c.obj
                0x08001df8                MemManage_Handler
 .text.BusFault_Handler
                0x08001dfa        0x2 CMakeFiles/CtrledCar.elf.dir/Core/Src/stm32f4xx_it.c.obj
                0x08001dfa                BusFault_Handler
 .text.UsageFault_Handler
                0x08001dfc        0x2 CMakeFiles/CtrledCar.elf.dir/Core/Src/stm32f4xx_it.c.obj
                0x08001dfc                UsageFault_Handler
 .text.SVC_Handler
                0x08001dfe        0x2 CMakeFiles/CtrledCar.elf.dir/Core/Src/stm32f4xx_it.c.obj
                0x08001dfe                SVC_Handler
 .text.DebugMon_Handler
                0x08001e00        0x2 CMakeFiles/CtrledCar.elf.dir/Core/Src/stm32f4xx_it.c.obj
                0x08001e00                DebugMon_Handler
 .text.PendSV_Handler
                0x08001e02        0x2 CMakeFiles/CtrledCar.elf.dir/Core/Src/stm32f4xx_it.c.obj
                0x08001e02                PendSV_Handler
 .text.SysTick_Handler
                0x08001e04        0x8 CMakeFiles/CtrledCar.elf.dir/Core/Src/stm32f4xx_it.c.obj
                0x08001e04                SysTick_Handler
 .text.TIM3_IRQHandler
                0x08001e0c       0x10 CMakeFiles/CtrledCar.elf.dir/Core/Src/stm32f4xx_it.c.obj
                0x08001e0c                TIM3_IRQHandler
 .text.USART1_IRQHandler
                0x08001e1c       0x34 CMakeFiles/CtrledCar.elf.dir/Core/Src/stm32f4xx_it.c.obj
                0x08001e1c                USART1_IRQHandler
 .text.USART2_IRQHandler
                0x08001e50       0x10 CMakeFiles/CtrledCar.elf.dir/Core/Src/stm32f4xx_it.c.obj
                0x08001e50                USART2_IRQHandler
 .text._getpid  0x08001e60        0x4 CMakeFiles/CtrledCar.elf.dir/Core/Src/syscalls.c.obj
                0x08001e60                _getpid
 .text._kill    0x08001e64       0x10 CMakeFiles/CtrledCar.elf.dir/Core/Src/syscalls.c.obj
                0x08001e64                _kill
 .text._exit    0x08001e74        0xc CMakeFiles/CtrledCar.elf.dir/Core/Src/syscalls.c.obj
                0x08001e74                _exit
 .text._read    0x08001e80       0x20 CMakeFiles/CtrledCar.elf.dir/Core/Src/syscalls.c.obj
                0x08001e80                _read
 .text._write   0x08001ea0       0x1c CMakeFiles/CtrledCar.elf.dir/Core/Src/syscalls.c.obj
                0x08001ea0                _write
 .text._close   0x08001ebc        0x6 CMakeFiles/CtrledCar.elf.dir/Core/Src/syscalls.c.obj
                0x08001ebc                _close
 .text._fstat   0x08001ec2        0xa CMakeFiles/CtrledCar.elf.dir/Core/Src/syscalls.c.obj
                0x08001ec2                _fstat
 .text._isatty  0x08001ecc        0x4 CMakeFiles/CtrledCar.elf.dir/Core/Src/syscalls.c.obj
                0x08001ecc                _isatty
 .text._lseek   0x08001ed0        0x4 CMakeFiles/CtrledCar.elf.dir/Core/Src/syscalls.c.obj
                0x08001ed0                _lseek
 .text._sbrk    0x08001ed4       0x48 CMakeFiles/CtrledCar.elf.dir/Core/Src/sysmem.c.obj
                0x08001ed4                _sbrk
 .text.SystemInit
                0x08001f1c        0x2 CMakeFiles/CtrledCar.elf.dir/Core/Src/system_stm32f4xx.c.obj
                0x08001f1c                SystemInit
 *fill*         0x08001f1e        0x2 
 .text.MX_TIM2_Init
                0x08001f20       0x60 CMakeFiles/CtrledCar.elf.dir/Core/Src/tim.c.obj
                0x08001f20                MX_TIM2_Init
 .text.MX_TIM3_Init
                0x08001f80       0x70 CMakeFiles/CtrledCar.elf.dir/Core/Src/tim.c.obj
                0x08001f80                MX_TIM3_Init
 .text.MX_TIM5_Init
                0x08001ff0       0x64 CMakeFiles/CtrledCar.elf.dir/Core/Src/tim.c.obj
                0x08001ff0                MX_TIM5_Init
 .text.HAL_TIM_Base_MspInit
                0x08002054       0x68 CMakeFiles/CtrledCar.elf.dir/Core/Src/tim.c.obj
                0x08002054                HAL_TIM_Base_MspInit
 .text.HAL_TIM_Encoder_MspInit
                0x080020bc       0xe0 CMakeFiles/CtrledCar.elf.dir/Core/Src/tim.c.obj
                0x080020bc                HAL_TIM_Encoder_MspInit
 .text.HAL_TIM_MspPostInit
                0x0800219c       0x5c CMakeFiles/CtrledCar.elf.dir/Core/Src/tim.c.obj
                0x0800219c                HAL_TIM_MspPostInit
 .text.MX_TIM1_Init
                0x080021f8       0xf8 CMakeFiles/CtrledCar.elf.dir/Core/Src/tim.c.obj
                0x080021f8                MX_TIM1_Init
 .text.MX_USART1_UART_Init
                0x080022f0       0x34 CMakeFiles/CtrledCar.elf.dir/Core/Src/usart.c.obj
                0x080022f0                MX_USART1_UART_Init
 .text.MX_USART2_UART_Init
                0x08002324       0x34 CMakeFiles/CtrledCar.elf.dir/Core/Src/usart.c.obj
                0x08002324                MX_USART2_UART_Init
 .text.HAL_UART_MspInit
                0x08002358      0x10c CMakeFiles/CtrledCar.elf.dir/Core/Src/usart.c.obj
                0x08002358                HAL_UART_MspInit
 .text.Reset_Handler
                0x08002464       0x50 CMakeFiles/CtrledCar.elf.dir/Core/Startup/startup_stm32f401ccux.s.obj
                0x08002464                Reset_Handler
 .text.Default_Handler
                0x080024b4        0x2 CMakeFiles/CtrledCar.elf.dir/Core/Startup/startup_stm32f401ccux.s.obj
                0x080024b4                RTC_Alarm_IRQHandler
                0x080024b4                EXTI2_IRQHandler
                0x080024b4                SPI4_IRQHandler
                0x080024b4                TIM1_CC_IRQHandler
                0x080024b4                DMA2_Stream5_IRQHandler
                0x080024b4                DMA1_Stream5_IRQHandler
                0x080024b4                PVD_IRQHandler
                0x080024b4                SDIO_IRQHandler
                0x080024b4                TAMP_STAMP_IRQHandler
                0x080024b4                EXTI3_IRQHandler
                0x080024b4                TIM1_UP_TIM10_IRQHandler
                0x080024b4                I2C3_ER_IRQHandler
                0x080024b4                EXTI0_IRQHandler
                0x080024b4                I2C2_EV_IRQHandler
                0x080024b4                DMA1_Stream2_IRQHandler
                0x080024b4                FPU_IRQHandler
                0x080024b4                DMA2_Stream2_IRQHandler
                0x080024b4                SPI1_IRQHandler
                0x080024b4                TIM1_BRK_TIM9_IRQHandler
                0x080024b4                DMA2_Stream3_IRQHandler
                0x080024b4                USART6_IRQHandler
                0x080024b4                DMA2_Stream0_IRQHandler
                0x080024b4                TIM4_IRQHandler
                0x080024b4                I2C1_EV_IRQHandler
                0x080024b4                DMA1_Stream6_IRQHandler
                0x080024b4                DMA1_Stream1_IRQHandler
                0x080024b4                RCC_IRQHandler
                0x080024b4                Default_Handler
                0x080024b4                EXTI15_10_IRQHandler
                0x080024b4                ADC_IRQHandler
                0x080024b4                DMA1_Stream7_IRQHandler
                0x080024b4                TIM5_IRQHandler
                0x080024b4                DMA2_Stream7_IRQHandler
                0x080024b4                I2C3_EV_IRQHandler
                0x080024b4                EXTI9_5_IRQHandler
                0x080024b4                RTC_WKUP_IRQHandler
                0x080024b4                SPI2_IRQHandler
                0x080024b4                DMA1_Stream0_IRQHandler
                0x080024b4                EXTI4_IRQHandler
                0x080024b4                WWDG_IRQHandler
                0x080024b4                TIM2_IRQHandler
                0x080024b4                OTG_FS_WKUP_IRQHandler
                0x080024b4                TIM1_TRG_COM_TIM11_IRQHandler
                0x080024b4                EXTI1_IRQHandler
                0x080024b4                I2C2_ER_IRQHandler
                0x080024b4                DMA2_Stream1_IRQHandler
                0x080024b4                FLASH_IRQHandler
                0x080024b4                DMA2_Stream4_IRQHandler
                0x080024b4                OTG_FS_IRQHandler
                0x080024b4                SPI3_IRQHandler
                0x080024b4                DMA1_Stream4_IRQHandler
                0x080024b4                I2C1_ER_IRQHandler
                0x080024b4                DMA2_Stream6_IRQHandler
                0x080024b4                DMA1_Stream3_IRQHandler
 .text.UART_printf
                0x080024b6       0x34 CMakeFiles/CtrledCar.elf.dir/Debug/Debug.c.obj
                0x080024b6                UART_printf
 *fill*         0x080024ea        0x2 
 .text.HAL_InitTick
                0x080024ec       0x4c CMakeFiles/CtrledCar.elf.dir/Drivers/STM32F4xx_HAL_Driver/Src/stm32f4xx_hal.c.obj
                0x080024ec                HAL_InitTick
 .text.HAL_Init
                0x08002538       0x34 CMakeFiles/CtrledCar.elf.dir/Drivers/STM32F4xx_HAL_Driver/Src/stm32f4xx_hal.c.obj
                0x08002538                HAL_Init
 .text.HAL_IncTick
                0x0800256c       0x18 CMakeFiles/CtrledCar.elf.dir/Drivers/STM32F4xx_HAL_Driver/Src/stm32f4xx_hal.c.obj
                0x0800256c                HAL_IncTick
 .text.HAL_GetTick
                0x08002584        0xc CMakeFiles/CtrledCar.elf.dir/Drivers/STM32F4xx_HAL_Driver/Src/stm32f4xx_hal.c.obj
                0x08002584                HAL_GetTick
 .text.HAL_Delay
                0x08002590       0x28 CMakeFiles/CtrledCar.elf.dir/Drivers/STM32F4xx_HAL_Driver/Src/stm32f4xx_hal.c.obj
                0x08002590                HAL_Delay
 .text.HAL_NVIC_SetPriorityGrouping
                0x080025b8       0x24 CMakeFiles/CtrledCar.elf.dir/Drivers/STM32F4xx_HAL_Driver/Src/stm32f4xx_hal_cortex.c.obj
                0x080025b8                HAL_NVIC_SetPriorityGrouping
 .text.HAL_NVIC_SetPriority
                0x080025dc       0x70 CMakeFiles/CtrledCar.elf.dir/Drivers/STM32F4xx_HAL_Driver/Src/stm32f4xx_hal_cortex.c.obj
                0x080025dc                HAL_NVIC_SetPriority
 .text.HAL_NVIC_EnableIRQ
                0x0800264c       0x1c CMakeFiles/CtrledCar.elf.dir/Drivers/STM32F4xx_HAL_Driver/Src/stm32f4xx_hal_cortex.c.obj
                0x0800264c                HAL_NVIC_EnableIRQ
 .text.HAL_SYSTICK_Config
                0x08002668       0x28 CMakeFiles/CtrledCar.elf.dir/Drivers/STM32F4xx_HAL_Driver/Src/stm32f4xx_hal_cortex.c.obj
                0x08002668                HAL_SYSTICK_Config
 .text.HAL_DMA_Abort
                0x08002690       0x94 CMakeFiles/CtrledCar.elf.dir/Drivers/STM32F4xx_HAL_Driver/Src/stm32f4xx_hal_dma.c.obj
                0x08002690                HAL_DMA_Abort
 .text.HAL_DMA_Abort_IT
                0x08002724       0x26 CMakeFiles/CtrledCar.elf.dir/Drivers/STM32F4xx_HAL_Driver/Src/stm32f4xx_hal_dma.c.obj
                0x08002724                HAL_DMA_Abort_IT
 *fill*         0x0800274a        0x2 
 .text.HAL_GPIO_Init
                0x0800274c      0x1c0 CMakeFiles/CtrledCar.elf.dir/Drivers/STM32F4xx_HAL_Driver/Src/stm32f4xx_hal_gpio.c.obj
                0x0800274c                HAL_GPIO_Init
 .text.HAL_GPIO_ReadPin
                0x0800290c        0xe CMakeFiles/CtrledCar.elf.dir/Drivers/STM32F4xx_HAL_Driver/Src/stm32f4xx_hal_gpio.c.obj
                0x0800290c                HAL_GPIO_ReadPin
 .text.HAL_GPIO_WritePin
                0x0800291a        0xc CMakeFiles/CtrledCar.elf.dir/Drivers/STM32F4xx_HAL_Driver/Src/stm32f4xx_hal_gpio.c.obj
                0x0800291a                HAL_GPIO_WritePin
 *fill*         0x08002926        0x2 
 .text.HAL_RCC_OscConfig
                0x08002928      0x3f8 CMakeFiles/CtrledCar.elf.dir/Drivers/STM32F4xx_HAL_Driver/Src/stm32f4xx_hal_rcc.c.obj
                0x08002928                HAL_RCC_OscConfig
 .text.HAL_RCC_GetSysClockFreq
                0x08002d20       0xa4 CMakeFiles/CtrledCar.elf.dir/Drivers/STM32F4xx_HAL_Driver/Src/stm32f4xx_hal_rcc.c.obj
                0x08002d20                HAL_RCC_GetSysClockFreq
 .text.HAL_RCC_ClockConfig
                0x08002dc4      0x160 CMakeFiles/CtrledCar.elf.dir/Drivers/STM32F4xx_HAL_Driver/Src/stm32f4xx_hal_rcc.c.obj
                0x08002dc4                HAL_RCC_ClockConfig
 .text.HAL_RCC_GetHCLKFreq
                0x08002f24        0xc CMakeFiles/CtrledCar.elf.dir/Drivers/STM32F4xx_HAL_Driver/Src/stm32f4xx_hal_rcc.c.obj
                0x08002f24                HAL_RCC_GetHCLKFreq
 .text.HAL_RCC_GetPCLK1Freq
                0x08002f30       0x20 CMakeFiles/CtrledCar.elf.dir/Drivers/STM32F4xx_HAL_Driver/Src/stm32f4xx_hal_rcc.c.obj
                0x08002f30                HAL_RCC_GetPCLK1Freq
 .text.HAL_RCC_GetPCLK2Freq
                0x08002f50       0x20 CMakeFiles/CtrledCar.elf.dir/Drivers/STM32F4xx_HAL_Driver/Src/stm32f4xx_hal_rcc.c.obj
                0x08002f50                HAL_RCC_GetPCLK2Freq
 .text.TIM_OC1_SetConfig
                0x08002f70       0x5c CMakeFiles/CtrledCar.elf.dir/Drivers/STM32F4xx_HAL_Driver/Src/stm32f4xx_hal_tim.c.obj
 .text.TIM_OC3_SetConfig
                0x08002fcc       0x64 CMakeFiles/CtrledCar.elf.dir/Drivers/STM32F4xx_HAL_Driver/Src/stm32f4xx_hal_tim.c.obj
 .text.TIM_OC4_SetConfig
                0x08003030       0x48 CMakeFiles/CtrledCar.elf.dir/Drivers/STM32F4xx_HAL_Driver/Src/stm32f4xx_hal_tim.c.obj
 .text.TIM_TI1_ConfigInputStage
                0x08003078       0x24 CMakeFiles/CtrledCar.elf.dir/Drivers/STM32F4xx_HAL_Driver/Src/stm32f4xx_hal_tim.c.obj
 .text.TIM_TI2_ConfigInputStage
                0x0800309c       0x26 CMakeFiles/CtrledCar.elf.dir/Drivers/STM32F4xx_HAL_Driver/Src/stm32f4xx_hal_tim.c.obj
 .text.TIM_ITRx_SetConfig
                0x080030c2       0x10 CMakeFiles/CtrledCar.elf.dir/Drivers/STM32F4xx_HAL_Driver/Src/stm32f4xx_hal_tim.c.obj
 *fill*         0x080030d2        0x2 
 .text.HAL_TIM_Base_Start_IT
                0x080030d4       0x78 CMakeFiles/CtrledCar.elf.dir/Drivers/STM32F4xx_HAL_Driver/Src/stm32f4xx_hal_tim.c.obj
                0x080030d4                HAL_TIM_Base_Start_IT
 .text.HAL_TIM_PWM_MspInit
                0x0800314c        0x2 CMakeFiles/CtrledCar.elf.dir/Drivers/STM32F4xx_HAL_Driver/Src/stm32f4xx_hal_tim.c.obj
                0x0800314c                HAL_TIM_PWM_MspInit
 .text.HAL_TIM_OC_DelayElapsedCallback
                0x0800314e        0x2 CMakeFiles/CtrledCar.elf.dir/Drivers/STM32F4xx_HAL_Driver/Src/stm32f4xx_hal_tim.c.obj
                0x0800314e                HAL_TIM_OC_DelayElapsedCallback
 .text.HAL_TIM_IC_CaptureCallback
                0x08003150        0x2 CMakeFiles/CtrledCar.elf.dir/Drivers/STM32F4xx_HAL_Driver/Src/stm32f4xx_hal_tim.c.obj
                0x08003150                HAL_TIM_IC_CaptureCallback
 .text.HAL_TIM_PWM_PulseFinishedCallback
                0x08003152        0x2 CMakeFiles/CtrledCar.elf.dir/Drivers/STM32F4xx_HAL_Driver/Src/stm32f4xx_hal_tim.c.obj
                0x08003152                HAL_TIM_PWM_PulseFinishedCallback
 .text.HAL_TIM_TriggerCallback
                0x08003154        0x2 CMakeFiles/CtrledCar.elf.dir/Drivers/STM32F4xx_HAL_Driver/Src/stm32f4xx_hal_tim.c.obj
                0x08003154                HAL_TIM_TriggerCallback
 .text.HAL_TIM_IRQHandler
                0x08003156      0x17a CMakeFiles/CtrledCar.elf.dir/Drivers/STM32F4xx_HAL_Driver/Src/stm32f4xx_hal_tim.c.obj
                0x08003156                HAL_TIM_IRQHandler
 .text.TIM_Base_SetConfig
                0x080032d0       0x9c CMakeFiles/CtrledCar.elf.dir/Drivers/STM32F4xx_HAL_Driver/Src/stm32f4xx_hal_tim.c.obj
                0x080032d0                TIM_Base_SetConfig
 .text.HAL_TIM_Base_Init
                0x0800336c       0x58 CMakeFiles/CtrledCar.elf.dir/Drivers/STM32F4xx_HAL_Driver/Src/stm32f4xx_hal_tim.c.obj
                0x0800336c                HAL_TIM_Base_Init
 .text.HAL_TIM_PWM_Init
                0x080033c4       0x58 CMakeFiles/CtrledCar.elf.dir/Drivers/STM32F4xx_HAL_Driver/Src/stm32f4xx_hal_tim.c.obj
                0x080033c4                HAL_TIM_PWM_Init
 .text.HAL_TIM_Encoder_Init
                0x0800341c       0xb8 CMakeFiles/CtrledCar.elf.dir/Drivers/STM32F4xx_HAL_Driver/Src/stm32f4xx_hal_tim.c.obj
                0x0800341c                HAL_TIM_Encoder_Init
 .text.TIM_OC2_SetConfig
                0x080034d4       0x64 CMakeFiles/CtrledCar.elf.dir/Drivers/STM32F4xx_HAL_Driver/Src/stm32f4xx_hal_tim.c.obj
                0x080034d4                TIM_OC2_SetConfig
 .text.HAL_TIM_PWM_ConfigChannel
                0x08003538       0xdc CMakeFiles/CtrledCar.elf.dir/Drivers/STM32F4xx_HAL_Driver/Src/stm32f4xx_hal_tim.c.obj
                0x08003538                HAL_TIM_PWM_ConfigChannel
 .text.TIM_ETR_SetConfig
                0x08003614       0x18 CMakeFiles/CtrledCar.elf.dir/Drivers/STM32F4xx_HAL_Driver/Src/stm32f4xx_hal_tim.c.obj
                0x08003614                TIM_ETR_SetConfig
 .text.HAL_TIM_ConfigClockSource
                0x0800362c       0xfe CMakeFiles/CtrledCar.elf.dir/Drivers/STM32F4xx_HAL_Driver/Src/stm32f4xx_hal_tim.c.obj
                0x0800362c                HAL_TIM_ConfigClockSource
 .text.TIM_CCxChannelCmd
                0x0800372a       0x1e CMakeFiles/CtrledCar.elf.dir/Drivers/STM32F4xx_HAL_Driver/Src/stm32f4xx_hal_tim.c.obj
                0x0800372a                TIM_CCxChannelCmd
 .text.HAL_TIM_PWM_Start
                0x08003748       0xf0 CMakeFiles/CtrledCar.elf.dir/Drivers/STM32F4xx_HAL_Driver/Src/stm32f4xx_hal_tim.c.obj
                0x08003748                HAL_TIM_PWM_Start
 .text.HAL_TIM_Encoder_Start
                0x08003838       0xcc CMakeFiles/CtrledCar.elf.dir/Drivers/STM32F4xx_HAL_Driver/Src/stm32f4xx_hal_tim.c.obj
                0x08003838                HAL_TIM_Encoder_Start
 .text.HAL_TIMEx_MasterConfigSynchronization
                0x08003904       0x7c CMakeFiles/CtrledCar.elf.dir/Drivers/STM32F4xx_HAL_Driver/Src/stm32f4xx_hal_tim_ex.c.obj
                0x08003904                HAL_TIMEx_MasterConfigSynchronization
 .text.HAL_TIMEx_ConfigBreakDeadTime
                0x08003980       0x52 CMakeFiles/CtrledCar.elf.dir/Drivers/STM32F4xx_HAL_Driver/Src/stm32f4xx_hal_tim_ex.c.obj
                0x08003980                HAL_TIMEx_ConfigBreakDeadTime
 .text.HAL_TIMEx_CommutCallback
                0x080039d2        0x2 CMakeFiles/CtrledCar.elf.dir/Drivers/STM32F4xx_HAL_Driver/Src/stm32f4xx_hal_tim_ex.c.obj
                0x080039d2                HAL_TIMEx_CommutCallback
 .text.HAL_TIMEx_BreakCallback
                0x080039d4        0x2 CMakeFiles/CtrledCar.elf.dir/Drivers/STM32F4xx_HAL_Driver/Src/stm32f4xx_hal_tim_ex.c.obj
                0x080039d4                HAL_TIMEx_BreakCallback
 .text.UART_EndRxTransfer
                0x080039d6       0x5c CMakeFiles/CtrledCar.elf.dir/Drivers/STM32F4xx_HAL_Driver/Src/stm32f4xx_hal_uart.c.obj
 .text.UART_Transmit_IT
                0x08003a32       0x60 CMakeFiles/CtrledCar.elf.dir/Drivers/STM32F4xx_HAL_Driver/Src/stm32f4xx_hal_uart.c.obj
 *fill*         0x08003a92        0x2 
 .text.UART_SetConfig
                0x08003a94      0x110 CMakeFiles/CtrledCar.elf.dir/Drivers/STM32F4xx_HAL_Driver/Src/stm32f4xx_hal_uart.c.obj
 .text.UART_WaitOnFlagUntilTimeout
                0x08003ba4       0x88 CMakeFiles/CtrledCar.elf.dir/Drivers/STM32F4xx_HAL_Driver/Src/stm32f4xx_hal_uart.c.obj
 .text.HAL_UART_Init
                0x08003c2c       0x5e CMakeFiles/CtrledCar.elf.dir/Drivers/STM32F4xx_HAL_Driver/Src/stm32f4xx_hal_uart.c.obj
                0x08003c2c                HAL_UART_Init
 .text.HAL_UART_Transmit
                0x08003c8a       0xd8 CMakeFiles/CtrledCar.elf.dir/Drivers/STM32F4xx_HAL_Driver/Src/stm32f4xx_hal_uart.c.obj
                0x08003c8a                HAL_UART_Transmit
 .text.HAL_UART_TxCpltCallback
                0x08003d62        0x2 CMakeFiles/CtrledCar.elf.dir/Drivers/STM32F4xx_HAL_Driver/Src/stm32f4xx_hal_uart.c.obj
                0x08003d62                HAL_UART_TxCpltCallback
 .text.UART_EndTransmit_IT
                0x08003d64       0x1a CMakeFiles/CtrledCar.elf.dir/Drivers/STM32F4xx_HAL_Driver/Src/stm32f4xx_hal_uart.c.obj
 .text.HAL_UART_ErrorCallback
                0x08003d7e        0x2 CMakeFiles/CtrledCar.elf.dir/Drivers/STM32F4xx_HAL_Driver/Src/stm32f4xx_hal_uart.c.obj
                0x08003d7e                HAL_UART_ErrorCallback
 .text.UART_DMAAbortOnError
                0x08003d80       0x10 CMakeFiles/CtrledCar.elf.dir/Drivers/STM32F4xx_HAL_Driver/Src/stm32f4xx_hal_uart.c.obj
 .text.HAL_UARTEx_RxEventCallback
                0x08003d90        0x2 CMakeFiles/CtrledCar.elf.dir/Drivers/STM32F4xx_HAL_Driver/Src/stm32f4xx_hal_uart.c.obj
                0x08003d90                HAL_UARTEx_RxEventCallback
 .text.UART_Receive_IT
                0x08003d92       0xe2 CMakeFiles/CtrledCar.elf.dir/Drivers/STM32F4xx_HAL_Driver/Src/stm32f4xx_hal_uart.c.obj
 .text.HAL_UART_IRQHandler
                0x08003e74      0x280 CMakeFiles/CtrledCar.elf.dir/Drivers/STM32F4xx_HAL_Driver/Src/stm32f4xx_hal_uart.c.obj
                0x08003e74                HAL_UART_IRQHandler
 .text.UART_Start_Receive_IT
                0x080040f4       0x36 CMakeFiles/CtrledCar.elf.dir/Drivers/STM32F4xx_HAL_Driver/Src/stm32f4xx_hal_uart.c.obj
                0x080040f4                UART_Start_Receive_IT
 .text.HAL_UART_Receive_IT
                0x0800412a       0x38 CMakeFiles/CtrledCar.elf.dir/Drivers/STM32F4xx_HAL_Driver/Src/stm32f4xx_hal_uart.c.obj
                0x0800412a                HAL_UART_Receive_IT
 *fill*         0x08004162        0x2 
 .text.SetInterruptPeriod
                0x08004164        0xc CMakeFiles/CtrledCar.elf.dir/user/timepiece.c.obj
                0x08004164                SetInterruptPeriod
 .text.TaskDicision
                0x08004170       0x4c CMakeFiles/CtrledCar.elf.dir/user/timepiece.c.obj
                0x08004170                TaskDicision
 .text.TaskRegister_Single
                0x080041bc       0x10 CMakeFiles/CtrledCar.elf.dir/user/timepiece.c.obj
                0x080041bc                TaskRegister_Single
 .text.TaskRegister_List
                0x080041cc       0x1e CMakeFiles/CtrledCar.elf.dir/user/timepiece.c.obj
                0x080041cc                TaskRegister_List
 *fill*         0x080041ea        0x2 
 .text.Get_DottedLine
                0x080041ec       0x14 CMakeFiles/CtrledCar.elf.dir/user/user.c.obj
                0x080041ec                Get_DottedLine
 .text.CalibrationDelay
                0x08004200       0x14 CMakeFiles/CtrledCar.elf.dir/user/user.c.obj
                0x08004200                CalibrationDelay
 .text.My_UART_IDLECallback
                0x08004214       0x24 CMakeFiles/CtrledCar.elf.dir/user/user.c.obj
                0x08004214                My_UART_IDLECallback
 .text.Set_Speed
                0x08004238       0x24 CMakeFiles/CtrledCar.elf.dir/user/user.c.obj
                0x08004238                Set_Speed
 .text.ForceTurn
                0x0800425c       0x98 CMakeFiles/CtrledCar.elf.dir/user/user.c.obj
                0x0800425c                ForceTurn
 .text.LED_ON   0x080042f4       0x64 CMakeFiles/CtrledCar.elf.dir/user/user.c.obj
                0x080042f4                LED_ON
 .text.PID_Realize
                0x08004358       0x8a CMakeFiles/CtrledCar.elf.dir/user/user.c.obj
                0x08004358                PID_Realize
 .text.PID_Init
                0x080043e2       0x1e CMakeFiles/CtrledCar.elf.dir/user/user.c.obj
                0x080043e2                PID_Init
 .text.Get_MedicineState
                0x08004400       0x14 CMakeFiles/CtrledCar.elf.dir/user/user.c.obj
                0x08004400                Get_MedicineState
 .text.HAL_UART_RxCpltCallback
                0x08004414      0x16c CMakeFiles/CtrledCar.elf.dir/user/user.c.obj
                0x08004414                HAL_UART_RxCpltCallback
 .text.HAL_TIM_PeriodElapsedCallback
                0x08004580       0x18 CMakeFiles/CtrledCar.elf.dir/user/user.c.obj
                0x08004580                HAL_TIM_PeriodElapsedCallback
 .text.LimitingOut
                0x08004598       0x22 CMakeFiles/CtrledCar.elf.dir/user/user.c.obj
                0x08004598                LimitingOut
 *fill*         0x080045ba        0x2 
 .text.PWM_Handle
                0x080045bc       0xd0 CMakeFiles/CtrledCar.elf.dir/user/user.c.obj
                0x080045bc                PWM_Handle
 .text.TaskPIDControlHandler
                0x0800468c      0x110 CMakeFiles/CtrledCar.elf.dir/user/user.c.obj
                0x0800468c                TaskPIDControlHandler
 .text.TaskStateDetectHandler
                0x0800479c       0x3c CMakeFiles/CtrledCar.elf.dir/user/user.c.obj
                0x0800479c                TaskStateDetectHandler
 .text.TaskLogOutputHandler
                0x080047d8        0x2 CMakeFiles/CtrledCar.elf.dir/user/user.c.obj
                0x080047d8                TaskLogOutputHandler
 *fill*         0x080047da        0x2 
 .text.TaskCrossDelayHandler
                0x080047dc       0x6c CMakeFiles/CtrledCar.elf.dir/user/user.c.obj
                0x080047dc                TaskCrossDelayHandler
 .text.__errno  0x08004848        0xc d:/software/10 2020-q4-major/bin/../lib/gcc/arm-none-eabi/10.2.1/../../../../arm-none-eabi/lib/thumb/v7e-m/nofp\libg.a(lib_a-errno.o)
                0x08004848                __errno
 .text.__libc_init_array
                0x08004854       0x48 d:/software/10 2020-q4-major/bin/../lib/gcc/arm-none-eabi/10.2.1/../../../../arm-none-eabi/lib/thumb/v7e-m/nofp\libg.a(lib_a-init.o)
                0x08004854                __libc_init_array
 .text.memset   0x0800489c       0xa4 d:/software/10 2020-q4-major/bin/../lib/gcc/arm-none-eabi/10.2.1/../../../../arm-none-eabi/lib/thumb/v7e-m/nofp\libg.a(lib_a-memset.o)
                0x0800489c                memset
 .text.vsnprintf
                0x08004940       0x70 d:/software/10 2020-q4-major/bin/../lib/gcc/arm-none-eabi/10.2.1/../../../../arm-none-eabi/lib/thumb/v7e-m/nofp\libg.a(lib_a-vsnprintf.o)
                0x08004940                vsnprintf
 .text.startup.register_fini
                0x080049b0       0x14 d:/software/10 2020-q4-major/bin/../lib/gcc/arm-none-eabi/10.2.1/../../../../arm-none-eabi/lib/thumb/v7e-m/nofp\libg.a(lib_a-__call_atexit.o)
 .text.atexit   0x080049c4        0xc d:/software/10 2020-q4-major/bin/../lib/gcc/arm-none-eabi/10.2.1/../../../../arm-none-eabi/lib/thumb/v7e-m/nofp\libg.a(lib_a-atexit.o)
                0x080049c4                atexit
 .text.__libc_fini_array
                0x080049d0       0x2c d:/software/10 2020-q4-major/bin/../lib/gcc/arm-none-eabi/10.2.1/../../../../arm-none-eabi/lib/thumb/v7e-m/nofp\libg.a(lib_a-fini.o)
                0x080049d0                __libc_fini_array
 .text.__retarget_lock_init_recursive
                0x080049fc        0x4 d:/software/10 2020-q4-major/bin/../lib/gcc/arm-none-eabi/10.2.1/../../../../arm-none-eabi/lib/thumb/v7e-m/nofp\libg.a(lib_a-lock.o)
                0x080049fc                __retarget_lock_init_recursive
 .text.__retarget_lock_close_recursive
                0x08004a00        0x4 d:/software/10 2020-q4-major/bin/../lib/gcc/arm-none-eabi/10.2.1/../../../../arm-none-eabi/lib/thumb/v7e-m/nofp\libg.a(lib_a-lock.o)
                0x08004a00                __retarget_lock_close_recursive
 .text.__retarget_lock_acquire_recursive
                0x08004a04        0x4 d:/software/10 2020-q4-major/bin/../lib/gcc/arm-none-eabi/10.2.1/../../../../arm-none-eabi/lib/thumb/v7e-m/nofp\libg.a(lib_a-lock.o)
                0x08004a04                __retarget_lock_acquire_recursive
 .text.__retarget_lock_release_recursive
                0x08004a08        0x4 d:/software/10 2020-q4-major/bin/../lib/gcc/arm-none-eabi/10.2.1/../../../../arm-none-eabi/lib/thumb/v7e-m/nofp\libg.a(lib_a-lock.o)
                0x08004a08                __retarget_lock_release_recursive
 .text._svfprintf_r
                0x08004a0c     0x1a3c d:/software/10 2020-q4-major/bin/../lib/gcc/arm-none-eabi/10.2.1/../../../../arm-none-eabi/lib/thumb/v7e-m/nofp\libg.a(lib_a-svfprintf.o)
                0x08004a0c                _svfprintf_r
 .text.__register_exitproc
                0x08006448       0x8c d:/software/10 2020-q4-major/bin/../lib/gcc/arm-none-eabi/10.2.1/../../../../arm-none-eabi/lib/thumb/v7e-m/nofp\libg.a(lib_a-__atexit.o)
                0x08006448                __register_exitproc
 .text.quorem   0x080064d4      0x124 d:/software/10 2020-q4-major/bin/../lib/gcc/arm-none-eabi/10.2.1/../../../../arm-none-eabi/lib/thumb/v7e-m/nofp\libg.a(lib_a-dtoa.o)
 .text._dtoa_r  0x080065f8      0xec4 d:/software/10 2020-q4-major/bin/../lib/gcc/arm-none-eabi/10.2.1/../../../../arm-none-eabi/lib/thumb/v7e-m/nofp\libg.a(lib_a-dtoa.o)
                0x080065f8                _dtoa_r
 .text._malloc_trim_r
                0x080074bc       0xa0 d:/software/10 2020-q4-major/bin/../lib/gcc/arm-none-eabi/10.2.1/../../../../arm-none-eabi/lib/thumb/v7e-m/nofp\libg.a(lib_a-freer.o)
                0x080074bc                _malloc_trim_r
 .text._free_r  0x0800755c      0x20c d:/software/10 2020-q4-major/bin/../lib/gcc/arm-none-eabi/10.2.1/../../../../arm-none-eabi/lib/thumb/v7e-m/nofp\libg.a(lib_a-freer.o)
                0x0800755c                _free_r
 .text._localeconv_r
                0x08007768        0x8 d:/software/10 2020-q4-major/bin/../lib/gcc/arm-none-eabi/10.2.1/../../../../arm-none-eabi/lib/thumb/v7e-m/nofp\libg.a(lib_a-localeconv.o)
                0x08007768                _localeconv_r
 .text._malloc_r
                0x08007770      0x560 d:/software/10 2020-q4-major/bin/../lib/gcc/arm-none-eabi/10.2.1/../../../../arm-none-eabi/lib/thumb/v7e-m/nofp\libg.a(lib_a-mallocr.o)
                0x08007770                _malloc_r
 .text.__malloc_lock
                0x08007cd0        0xc d:/software/10 2020-q4-major/bin/../lib/gcc/arm-none-eabi/10.2.1/../../../../arm-none-eabi/lib/thumb/v7e-m/nofp\libg.a(lib_a-mlock.o)
                0x08007cd0                __malloc_lock
 .text.__malloc_unlock
                0x08007cdc        0xc d:/software/10 2020-q4-major/bin/../lib/gcc/arm-none-eabi/10.2.1/../../../../arm-none-eabi/lib/thumb/v7e-m/nofp\libg.a(lib_a-mlock.o)
                0x08007cdc                __malloc_unlock
 .text._Balloc  0x08007ce8       0x4c d:/software/10 2020-q4-major/bin/../lib/gcc/arm-none-eabi/10.2.1/../../../../arm-none-eabi/lib/thumb/v7e-m/nofp\libg.a(lib_a-mprec.o)
                0x08007ce8                _Balloc
 .text._Bfree   0x08007d34       0x14 d:/software/10 2020-q4-major/bin/../lib/gcc/arm-none-eabi/10.2.1/../../../../arm-none-eabi/lib/thumb/v7e-m/nofp\libg.a(lib_a-mprec.o)
                0x08007d34                _Bfree
 .text.__multadd
                0x08007d48       0xa0 d:/software/10 2020-q4-major/bin/../lib/gcc/arm-none-eabi/10.2.1/../../../../arm-none-eabi/lib/thumb/v7e-m/nofp\libg.a(lib_a-mprec.o)
                0x08007d48                __multadd
 .text.__hi0bits
                0x08007de8       0x40 d:/software/10 2020-q4-major/bin/../lib/gcc/arm-none-eabi/10.2.1/../../../../arm-none-eabi/lib/thumb/v7e-m/nofp\libg.a(lib_a-mprec.o)
                0x08007de8                __hi0bits
 .text.__lo0bits
                0x08007e28       0x5c d:/software/10 2020-q4-major/bin/../lib/gcc/arm-none-eabi/10.2.1/../../../../arm-none-eabi/lib/thumb/v7e-m/nofp\libg.a(lib_a-mprec.o)
                0x08007e28                __lo0bits
 .text.__i2b    0x08007e84       0x5c d:/software/10 2020-q4-major/bin/../lib/gcc/arm-none-eabi/10.2.1/../../../../arm-none-eabi/lib/thumb/v7e-m/nofp\libg.a(lib_a-mprec.o)
                0x08007e84                __i2b
 .text.__multiply
                0x08007ee0      0x15c d:/software/10 2020-q4-major/bin/../lib/gcc/arm-none-eabi/10.2.1/../../../../arm-none-eabi/lib/thumb/v7e-m/nofp\libg.a(lib_a-mprec.o)
                0x08007ee0                __multiply
 .text.__pow5mult
                0x0800803c       0xc0 d:/software/10 2020-q4-major/bin/../lib/gcc/arm-none-eabi/10.2.1/../../../../arm-none-eabi/lib/thumb/v7e-m/nofp\libg.a(lib_a-mprec.o)
                0x0800803c                __pow5mult
 .text.__lshift
                0x080080fc       0xf0 d:/software/10 2020-q4-major/bin/../lib/gcc/arm-none-eabi/10.2.1/../../../../arm-none-eabi/lib/thumb/v7e-m/nofp\libg.a(lib_a-mprec.o)
                0x080080fc                __lshift
 .text.__mcmp   0x080081ec       0x40 d:/software/10 2020-q4-major/bin/../lib/gcc/arm-none-eabi/10.2.1/../../../../arm-none-eabi/lib/thumb/v7e-m/nofp\libg.a(lib_a-mprec.o)
                0x080081ec                __mcmp
 .text.__mdiff  0x0800822c      0x14c d:/software/10 2020-q4-major/bin/../lib/gcc/arm-none-eabi/10.2.1/../../../../arm-none-eabi/lib/thumb/v7e-m/nofp\libg.a(lib_a-mprec.o)
                0x0800822c                __mdiff
 .text.__d2b    0x08008378       0xc4 d:/software/10 2020-q4-major/bin/../lib/gcc/arm-none-eabi/10.2.1/../../../../arm-none-eabi/lib/thumb/v7e-m/nofp\libg.a(lib_a-mprec.o)
                0x08008378                __d2b
 .text.frexp    0x0800843c       0x70 d:/software/10 2020-q4-major/bin/../lib/gcc/arm-none-eabi/10.2.1/../../../../arm-none-eabi/lib/thumb/v7e-m/nofp\libg.a(lib_a-s_frexp.o)
                0x0800843c                frexp
 .text._sbrk_r  0x080084ac       0x24 d:/software/10 2020-q4-major/bin/../lib/gcc/arm-none-eabi/10.2.1/../../../../arm-none-eabi/lib/thumb/v7e-m/nofp\libg.a(lib_a-sbrkr.o)
                0x080084ac                _sbrk_r
 .text.strncpy  0x080084d0       0x64 d:/software/10 2020-q4-major/bin/../lib/gcc/arm-none-eabi/10.2.1/../../../../arm-none-eabi/lib/thumb/v7e-m/nofp\libg.a(lib_a-strncpy.o)
                0x080084d0                strncpy
 .text.__ssprint_r
                0x08008534       0xf8 d:/software/10 2020-q4-major/bin/../lib/gcc/arm-none-eabi/10.2.1/../../../../arm-none-eabi/lib/thumb/v7e-m/nofp\libg.a(lib_a-svfiprintf.o)
                0x08008534                __ssprint_r
 .text.__assert_func
                0x0800862c       0x40 d:/software/10 2020-q4-major/bin/../lib/gcc/arm-none-eabi/10.2.1/../../../../arm-none-eabi/lib/thumb/v7e-m/nofp\libg.a(lib_a-assert.o)
                0x0800862c                __assert_func
 .text._calloc_r
                0x0800866c       0x60 d:/software/10 2020-q4-major/bin/../lib/gcc/arm-none-eabi/10.2.1/../../../../arm-none-eabi/lib/thumb/v7e-m/nofp\libg.a(lib_a-callocr.o)
                0x0800866c                _calloc_r
 .text.fiprintf
                0x080086cc       0x28 d:/software/10 2020-q4-major/bin/../lib/gcc/arm-none-eabi/10.2.1/../../../../arm-none-eabi/lib/thumb/v7e-m/nofp\libg.a(lib_a-fiprintf.o)
                0x080086cc                fiprintf
 .text.__locale_mb_cur_max
                0x080086f4        0xc d:/software/10 2020-q4-major/bin/../lib/gcc/arm-none-eabi/10.2.1/../../../../arm-none-eabi/lib/thumb/v7e-m/nofp\libg.a(lib_a-locale.o)
                0x080086f4                __locale_mb_cur_max
 .text.__ascii_mbtowc
                0x08008700       0x2c d:/software/10 2020-q4-major/bin/../lib/gcc/arm-none-eabi/10.2.1/../../../../arm-none-eabi/lib/thumb/v7e-m/nofp\libg.a(lib_a-mbtowc_r.o)
                0x08008700                __ascii_mbtowc
 .text.memmove  0x0800872c       0xf8 d:/software/10 2020-q4-major/bin/../lib/gcc/arm-none-eabi/10.2.1/../../../../arm-none-eabi/lib/thumb/v7e-m/nofp\libg.a(lib_a-memmove.o)
                0x0800872c                memmove
 .text._realloc_r
                0x08008824      0x3d8 d:/software/10 2020-q4-major/bin/../lib/gcc/arm-none-eabi/10.2.1/../../../../arm-none-eabi/lib/thumb/v7e-m/nofp\libg.a(lib_a-reallocr.o)
                0x08008824                _realloc_r
 .text.__sprint_r.part.0
                0x08008bfc       0x78 d:/software/10 2020-q4-major/bin/../lib/gcc/arm-none-eabi/10.2.1/../../../../arm-none-eabi/lib/thumb/v7e-m/nofp\libg.a(lib_a-vfiprintf.o)
 .text._vfiprintf_r
                0x08008c74      0xd94 d:/software/10 2020-q4-major/bin/../lib/gcc/arm-none-eabi/10.2.1/../../../../arm-none-eabi/lib/thumb/v7e-m/nofp\libg.a(lib_a-vfiprintf.o)
                0x08008c74                _vfiprintf_r
 .text.__sbprintf
                0x08009a08       0x80 d:/software/10 2020-q4-major/bin/../lib/gcc/arm-none-eabi/10.2.1/../../../../arm-none-eabi/lib/thumb/v7e-m/nofp\libg.a(lib_a-vfiprintf.o)
 .text.__ascii_wctomb
                0x08009a88       0x1c d:/software/10 2020-q4-major/bin/../lib/gcc/arm-none-eabi/10.2.1/../../../../arm-none-eabi/lib/thumb/v7e-m/nofp\libg.a(lib_a-wctomb_r.o)
                0x08009a88                __ascii_wctomb
 .text.__swsetup_r
                0x08009aa4       0xd4 d:/software/10 2020-q4-major/bin/../lib/gcc/arm-none-eabi/10.2.1/../../../../arm-none-eabi/lib/thumb/v7e-m/nofp\libg.a(lib_a-wsetup.o)
                0x08009aa4                __swsetup_r
 .text.abort    0x08009b78       0x10 d:/software/10 2020-q4-major/bin/../lib/gcc/arm-none-eabi/10.2.1/../../../../arm-none-eabi/lib/thumb/v7e-m/nofp\libg.a(lib_a-abort.o)
                0x08009b78                abort
 .text.__sflush_r
                0x08009b88      0x120 d:/software/10 2020-q4-major/bin/../lib/gcc/arm-none-eabi/10.2.1/../../../../arm-none-eabi/lib/thumb/v7e-m/nofp\libg.a(lib_a-fflush.o)
                0x08009b88                __sflush_r
 .text._fflush_r
                0x08009ca8       0x5c d:/software/10 2020-q4-major/bin/../lib/gcc/arm-none-eabi/10.2.1/../../../../arm-none-eabi/lib/thumb/v7e-m/nofp\libg.a(lib_a-fflush.o)
                0x08009ca8                _fflush_r
 .text._cleanup_r
                0x08009d04        0xc d:/software/10 2020-q4-major/bin/../lib/gcc/arm-none-eabi/10.2.1/../../../../arm-none-eabi/lib/thumb/v7e-m/nofp\libg.a(lib_a-findfp.o)
                0x08009d04                _cleanup_r
 .text.__sinit  0x08009d10      0x10c d:/software/10 2020-q4-major/bin/../lib/gcc/arm-none-eabi/10.2.1/../../../../arm-none-eabi/lib/thumb/v7e-m/nofp\libg.a(lib_a-findfp.o)
                0x08009d10                __sinit
 .text.__sfp_lock_acquire
                0x08009e1c        0xc d:/software/10 2020-q4-major/bin/../lib/gcc/arm-none-eabi/10.2.1/../../../../arm-none-eabi/lib/thumb/v7e-m/nofp\libg.a(lib_a-findfp.o)
                0x08009e1c                __sfp_lock_acquire
 .text.__sfp_lock_release
                0x08009e28        0xc d:/software/10 2020-q4-major/bin/../lib/gcc/arm-none-eabi/10.2.1/../../../../arm-none-eabi/lib/thumb/v7e-m/nofp\libg.a(lib_a-findfp.o)
                0x08009e28                __sfp_lock_release
 .text.__fputwc
                0x08009e34       0xa8 d:/software/10 2020-q4-major/bin/../lib/gcc/arm-none-eabi/10.2.1/../../../../arm-none-eabi/lib/thumb/v7e-m/nofp\libg.a(lib_a-fputwc.o)
                0x08009e34                __fputwc
 .text._fputwc_r
                0x08009edc       0x68 d:/software/10 2020-q4-major/bin/../lib/gcc/arm-none-eabi/10.2.1/../../../../arm-none-eabi/lib/thumb/v7e-m/nofp\libg.a(lib_a-fputwc.o)
                0x08009edc                _fputwc_r
 .text.__sfvwrite_r
                0x08009f44      0x2e8 d:/software/10 2020-q4-major/bin/../lib/gcc/arm-none-eabi/10.2.1/../../../../arm-none-eabi/lib/thumb/v7e-m/nofp\libg.a(lib_a-fvwrite.o)
                0x08009f44                __sfvwrite_r
 .text._fwalk_reent
                0x0800a22c       0x48 d:/software/10 2020-q4-major/bin/../lib/gcc/arm-none-eabi/10.2.1/../../../../arm-none-eabi/lib/thumb/v7e-m/nofp\libg.a(lib_a-fwalk.o)
                0x0800a22c                _fwalk_reent
 .text.__smakebuf_r
                0x0800a274       0xe0 d:/software/10 2020-q4-major/bin/../lib/gcc/arm-none-eabi/10.2.1/../../../../arm-none-eabi/lib/thumb/v7e-m/nofp\libg.a(lib_a-makebuf.o)
                0x0800a274                __smakebuf_r
 .text.raise    0x0800a354       0x5c d:/software/10 2020-q4-major/bin/../lib/gcc/arm-none-eabi/10.2.1/../../../../arm-none-eabi/lib/thumb/v7e-m/nofp\libg.a(lib_a-signal.o)
                0x0800a354                raise
 .text._kill_r  0x0800a3b0       0x2c d:/software/10 2020-q4-major/bin/../lib/gcc/arm-none-eabi/10.2.1/../../../../arm-none-eabi/lib/thumb/v7e-m/nofp\libg.a(lib_a-signalr.o)
                0x0800a3b0                _kill_r
 .text._getpid_r
                0x0800a3dc        0x4 d:/software/10 2020-q4-major/bin/../lib/gcc/arm-none-eabi/10.2.1/../../../../arm-none-eabi/lib/thumb/v7e-m/nofp\libg.a(lib_a-signalr.o)
                0x0800a3dc                _getpid_r
 .text.__sread  0x0800a3e0       0x24 d:/software/10 2020-q4-major/bin/../lib/gcc/arm-none-eabi/10.2.1/../../../../arm-none-eabi/lib/thumb/v7e-m/nofp\libg.a(lib_a-stdio.o)
                0x0800a3e0                __sread
 .text.__swrite
                0x0800a404       0x40 d:/software/10 2020-q4-major/bin/../lib/gcc/arm-none-eabi/10.2.1/../../../../arm-none-eabi/lib/thumb/v7e-m/nofp\libg.a(lib_a-stdio.o)
                0x0800a404                __swrite
 .text.__sseek  0x0800a444       0x20 d:/software/10 2020-q4-major/bin/../lib/gcc/arm-none-eabi/10.2.1/../../../../arm-none-eabi/lib/thumb/v7e-m/nofp\libg.a(lib_a-stdio.o)
                0x0800a444                __sseek
 .text.__sclose
                0x0800a464        0x8 d:/software/10 2020-q4-major/bin/../lib/gcc/arm-none-eabi/10.2.1/../../../../arm-none-eabi/lib/thumb/v7e-m/nofp\libg.a(lib_a-stdio.o)
                0x0800a464                __sclose
 .text.__swbuf_r
                0x0800a46c       0xb0 d:/software/10 2020-q4-major/bin/../lib/gcc/arm-none-eabi/10.2.1/../../../../arm-none-eabi/lib/thumb/v7e-m/nofp\libg.a(lib_a-wbuf.o)
                0x0800a46c                __swbuf_r
 .text._wcrtomb_r
                0x0800a51c       0x3c d:/software/10 2020-q4-major/bin/../lib/gcc/arm-none-eabi/10.2.1/../../../../arm-none-eabi/lib/thumb/v7e-m/nofp\libg.a(lib_a-wcrtomb.o)
                0x0800a51c                _wcrtomb_r
 .text._write_r
                0x0800a558       0x2c d:/software/10 2020-q4-major/bin/../lib/gcc/arm-none-eabi/10.2.1/../../../../arm-none-eabi/lib/thumb/v7e-m/nofp\libg.a(lib_a-writer.o)
                0x0800a558                _write_r
 .text._close_r
                0x0800a584       0x24 d:/software/10 2020-q4-major/bin/../lib/gcc/arm-none-eabi/10.2.1/../../../../arm-none-eabi/lib/thumb/v7e-m/nofp\libg.a(lib_a-closer.o)
                0x0800a584                _close_r
 .text._fclose_r
                0x0800a5a8       0xcc d:/software/10 2020-q4-major/bin/../lib/gcc/arm-none-eabi/10.2.1/../../../../arm-none-eabi/lib/thumb/v7e-m/nofp\libg.a(lib_a-fclose.o)
                0x0800a5a8                _fclose_r
 .text._fstat_r
                0x0800a674       0x2c d:/software/10 2020-q4-major/bin/../lib/gcc/arm-none-eabi/10.2.1/../../../../arm-none-eabi/lib/thumb/v7e-m/nofp\libg.a(lib_a-fstatr.o)
                0x0800a674                _fstat_r
 .text._isatty_r
                0x0800a6a0       0x24 d:/software/10 2020-q4-major/bin/../lib/gcc/arm-none-eabi/10.2.1/../../../../arm-none-eabi/lib/thumb/v7e-m/nofp\libg.a(lib_a-isattyr.o)
                0x0800a6a0                _isatty_r
 .text._lseek_r
                0x0800a6c4       0x2c d:/software/10 2020-q4-major/bin/../lib/gcc/arm-none-eabi/10.2.1/../../../../arm-none-eabi/lib/thumb/v7e-m/nofp\libg.a(lib_a-lseekr.o)
                0x0800a6c4                _lseek_r
 .text._read_r  0x0800a6f0       0x2c d:/software/10 2020-q4-major/bin/../lib/gcc/arm-none-eabi/10.2.1/../../../../arm-none-eabi/lib/thumb/v7e-m/nofp\libg.a(lib_a-readr.o)
                0x0800a6f0                _read_r
 *(.glue_7)
 .glue_7        0x0800a71c        0x0 linker stubs
 *(.glue_7t)
 .glue_7t       0x0800a71c        0x0 linker stubs
 *(.eh_frame)
 .eh_frame      0x0800a71c        0x0 d:/software/10 2020-q4-major/bin/../lib/gcc/arm-none-eabi/10.2.1/thumb/v7e-m/nofp/crtbegin.o
 *(.init)
 .init          0x0800a71c        0x4 d:/software/10 2020-q4-major/bin/../lib/gcc/arm-none-eabi/10.2.1/thumb/v7e-m/nofp/crti.o
                0x0800a71c                _init
 .init          0x0800a720        0x8 d:/software/10 2020-q4-major/bin/../lib/gcc/arm-none-eabi/10.2.1/thumb/v7e-m/nofp/crtn.o
 *(.fini)
 .fini          0x0800a728        0x4 d:/software/10 2020-q4-major/bin/../lib/gcc/arm-none-eabi/10.2.1/thumb/v7e-m/nofp/crti.o
                0x0800a728                _fini
 .fini          0x0800a72c        0x8 d:/software/10 2020-q4-major/bin/../lib/gcc/arm-none-eabi/10.2.1/thumb/v7e-m/nofp/crtn.o
                0x0800a734                . = ALIGN (0x4)
                0x0800a734                _etext = .

.vfp11_veneer   0x0800a734        0x0
 .vfp11_veneer  0x0800a734        0x0 linker stubs

.v4_bx          0x0800a734        0x0
 .v4_bx         0x0800a734        0x0 linker stubs

.iplt           0x0800a734        0x0
 .iplt          0x0800a734        0x0 d:/software/10 2020-q4-major/bin/../lib/gcc/arm-none-eabi/10.2.1/thumb/v7e-m/nofp/crtbegin.o

.rodata         0x0800a738      0x420
                0x0800a738                . = ALIGN (0x4)
 *(.rodata)
 *(.rodata*)
 .rodata.main.str1.4
                0x0800a738        0x6 CMakeFiles/CtrledCar.elf.dir/Core/Src/main.c.obj
 *fill*         0x0800a73e        0x2 
 .rodata.AHBPrescTable
                0x0800a740       0x10 CMakeFiles/CtrledCar.elf.dir/Core/Src/system_stm32f4xx.c.obj
                0x0800a740                AHBPrescTable
 .rodata.APBPrescTable
                0x0800a750        0x8 CMakeFiles/CtrledCar.elf.dir/Core/Src/system_stm32f4xx.c.obj
                0x0800a750                APBPrescTable
 .rodata._global_impure_ptr
                0x0800a758        0x4 d:/software/10 2020-q4-major/bin/../lib/gcc/arm-none-eabi/10.2.1/../../../../arm-none-eabi/lib/thumb/v7e-m/nofp\libg.a(lib_a-impure.o)
                0x0800a758                _global_impure_ptr
 .rodata._svfprintf_r.str1.4
                0x0800a75c       0x42 d:/software/10 2020-q4-major/bin/../lib/gcc/arm-none-eabi/10.2.1/../../../../arm-none-eabi/lib/thumb/v7e-m/nofp\libg.a(lib_a-svfprintf.o)
 *fill*         0x0800a79e        0x2 
 .rodata.blanks.1
                0x0800a7a0       0x10 d:/software/10 2020-q4-major/bin/../lib/gcc/arm-none-eabi/10.2.1/../../../../arm-none-eabi/lib/thumb/v7e-m/nofp\libg.a(lib_a-svfprintf.o)
 .rodata.zeroes.0
                0x0800a7b0       0x10 d:/software/10 2020-q4-major/bin/../lib/gcc/arm-none-eabi/10.2.1/../../../../arm-none-eabi/lib/thumb/v7e-m/nofp\libg.a(lib_a-svfprintf.o)
 .rodata._dtoa_r.str1.4
                0x0800a7c0       0xa1 d:/software/10 2020-q4-major/bin/../lib/gcc/arm-none-eabi/10.2.1/../../../../arm-none-eabi/lib/thumb/v7e-m/nofp\libg.a(lib_a-dtoa.o)
                                 0xa5 (size before relaxing)
 *fill*         0x0800a861        0x3 
 .rodata.__multadd.str1.4
                0x0800a864       0x7e d:/software/10 2020-q4-major/bin/../lib/gcc/arm-none-eabi/10.2.1/../../../../arm-none-eabi/lib/thumb/v7e-m/nofp\libg.a(lib_a-mprec.o)
                                 0x92 (size before relaxing)
 *fill*         0x0800a8e2        0x6 
 .rodata.__mprec_bigtens
                0x0800a8e8       0x28 d:/software/10 2020-q4-major/bin/../lib/gcc/arm-none-eabi/10.2.1/../../../../arm-none-eabi/lib/thumb/v7e-m/nofp\libg.a(lib_a-mprec.o)
                0x0800a8e8                __mprec_bigtens
 .rodata.__mprec_tens
                0x0800a910       0xc8 d:/software/10 2020-q4-major/bin/../lib/gcc/arm-none-eabi/10.2.1/../../../../arm-none-eabi/lib/thumb/v7e-m/nofp\libg.a(lib_a-mprec.o)
                0x0800a910                __mprec_tens
 .rodata.p05.0  0x0800a9d8        0xc d:/software/10 2020-q4-major/bin/../lib/gcc/arm-none-eabi/10.2.1/../../../../arm-none-eabi/lib/thumb/v7e-m/nofp\libg.a(lib_a-mprec.o)
 .rodata.__assert_func.str1.4
                0x0800a9e4       0x3f d:/software/10 2020-q4-major/bin/../lib/gcc/arm-none-eabi/10.2.1/../../../../arm-none-eabi/lib/thumb/v7e-m/nofp\libg.a(lib_a-assert.o)
                                 0x43 (size before relaxing)
 *fill*         0x0800aa23        0x1 
 .rodata._setlocale_r.str1.4
                0x0800aa24        0xa d:/software/10 2020-q4-major/bin/../lib/gcc/arm-none-eabi/10.2.1/../../../../arm-none-eabi/lib/thumb/v7e-m/nofp\libg.a(lib_a-locale.o)
                                  0xd (size before relaxing)
 *fill*         0x0800aa2e        0x2 
 .rodata.str1.4
                0x0800aa30        0x2 d:/software/10 2020-q4-major/bin/../lib/gcc/arm-none-eabi/10.2.1/../../../../arm-none-eabi/lib/thumb/v7e-m/nofp\libg.a(lib_a-locale.o)
 .rodata._vfiprintf_r.str1.4
                0x0800aa32       0x2f d:/software/10 2020-q4-major/bin/../lib/gcc/arm-none-eabi/10.2.1/../../../../arm-none-eabi/lib/thumb/v7e-m/nofp\libg.a(lib_a-vfiprintf.o)
 *fill*         0x0800aa32        0x2 
 .rodata.blanks.1
                0x0800aa34       0x10 d:/software/10 2020-q4-major/bin/../lib/gcc/arm-none-eabi/10.2.1/../../../../arm-none-eabi/lib/thumb/v7e-m/nofp\libg.a(lib_a-vfiprintf.o)
 .rodata.zeroes.0
                0x0800aa44       0x10 d:/software/10 2020-q4-major/bin/../lib/gcc/arm-none-eabi/10.2.1/../../../../arm-none-eabi/lib/thumb/v7e-m/nofp\libg.a(lib_a-vfiprintf.o)
 .rodata._ctype_
                0x0800aa54      0x101 d:/software/10 2020-q4-major/bin/../lib/gcc/arm-none-eabi/10.2.1/../../../../arm-none-eabi/lib/thumb/v7e-m/nofp\libg.a(lib_a-ctype_.o)
                0x0800aa54                _ctype_
                0x0800ab58                . = ALIGN (0x4)
 *fill*         0x0800ab55        0x3 

.ARM.extab      0x0800ab58        0x0
                0x0800ab58                . = ALIGN (0x4)
 *(.ARM.extab* .gnu.linkonce.armextab.*)
                0x0800ab58                . = ALIGN (0x4)

.ARM            0x0800ab58        0x8
                0x0800ab58                . = ALIGN (0x4)
                0x0800ab58                __exidx_start = .
 *(.ARM.exidx*)
 .ARM.exidx     0x0800ab58        0x8 d:/software/10 2020-q4-major/bin/../lib/gcc/arm-none-eabi/10.2.1/thumb/v7e-m/nofp\libgcc.a(_udivmoddi4.o)
                0x0800ab60                __exidx_end = .
                0x0800ab60                . = ALIGN (0x4)

.rel.dyn        0x0800ab60        0x0
 .rel.iplt      0x0800ab60        0x0 d:/software/10 2020-q4-major/bin/../lib/gcc/arm-none-eabi/10.2.1/thumb/v7e-m/nofp/crtbegin.o

.preinit_array  0x0800ab60        0x0
                0x0800ab60                . = ALIGN (0x4)
                0x0800ab60                PROVIDE (__preinit_array_start = .)
 *(.preinit_array*)
                0x0800ab60                PROVIDE (__preinit_array_end = .)
                0x0800ab60                . = ALIGN (0x4)

.init_array     0x0800ab60        0x8
                0x0800ab60                . = ALIGN (0x4)
                0x0800ab60                PROVIDE (__init_array_start = .)
 *(SORT_BY_NAME(.init_array.*))
 .init_array.00000
                0x0800ab60        0x4 d:/software/10 2020-q4-major/bin/../lib/gcc/arm-none-eabi/10.2.1/../../../../arm-none-eabi/lib/thumb/v7e-m/nofp\libg.a(lib_a-__call_atexit.o)
 *(.init_array*)
 .init_array    0x0800ab64        0x4 d:/software/10 2020-q4-major/bin/../lib/gcc/arm-none-eabi/10.2.1/thumb/v7e-m/nofp/crtbegin.o
                0x0800ab68                PROVIDE (__init_array_end = .)
                0x0800ab68                . = ALIGN (0x4)

.fini_array     0x0800ab68        0x4
                0x0800ab68                . = ALIGN (0x4)
                0x0800ab68                PROVIDE (__fini_array_start = .)
 *(SORT_BY_NAME(.fini_array.*))
 *(.fini_array*)
 .fini_array    0x0800ab68        0x4 d:/software/10 2020-q4-major/bin/../lib/gcc/arm-none-eabi/10.2.1/thumb/v7e-m/nofp/crtbegin.o
                0x0800ab6c                PROVIDE (__fini_array_end = .)
                0x0800ab6c                . = ALIGN (0x4)
                0x0800ab6c                _sidata = LOADADDR (.data)

.data           0x20000000      0x9f0 load address 0x0800ab6c
                0x20000000                . = ALIGN (0x4)
                0x20000000                _sdata = .
 *(.data)
 *(.data*)
 .data.tasks    0x20000000       0x30 CMakeFiles/CtrledCar.elf.dir/Core/Src/main.c.obj
                0x20000000                tasks
 .data.SystemCoreClock
                0x20000030        0x4 CMakeFiles/CtrledCar.elf.dir/Core/Src/system_stm32f4xx.c.obj
                0x20000030                SystemCoreClock
 .data.uwTickFreq
                0x20000034        0x1 CMakeFiles/CtrledCar.elf.dir/Drivers/STM32F4xx_HAL_Driver/Src/stm32f4xx_hal.c.obj
                0x20000034                uwTickFreq
 *fill*         0x20000035        0x3 
 .data.uwTickPrio
                0x20000038        0x4 CMakeFiles/CtrledCar.elf.dir/Drivers/STM32F4xx_HAL_Driver/Src/stm32f4xx_hal.c.obj
                0x20000038                uwTickPrio
 .data.ITperiod
                0x2000003c        0x4 CMakeFiles/CtrledCar.elf.dir/user/timepiece.c.obj
 .data._impure_ptr
                0x20000040        0x4 d:/software/10 2020-q4-major/bin/../lib/gcc/arm-none-eabi/10.2.1/../../../../arm-none-eabi/lib/thumb/v7e-m/nofp\libg.a(lib_a-impure.o)
                0x20000040                _impure_ptr
 *fill*         0x20000044        0x4 
 .data.impure_data
                0x20000048      0x428 d:/software/10 2020-q4-major/bin/../lib/gcc/arm-none-eabi/10.2.1/../../../../arm-none-eabi/lib/thumb/v7e-m/nofp\libg.a(lib_a-impure.o)
 .data.__atexit_recursive_mutex
                0x20000470        0x4 d:/software/10 2020-q4-major/bin/../lib/gcc/arm-none-eabi/10.2.1/../../../../arm-none-eabi/lib/thumb/v7e-m/nofp\libg.a(lib_a-__call_atexit.o)
                0x20000470                __atexit_recursive_mutex
 .data.__malloc_av_
                0x20000474      0x408 d:/software/10 2020-q4-major/bin/../lib/gcc/arm-none-eabi/10.2.1/../../../../arm-none-eabi/lib/thumb/v7e-m/nofp\libg.a(lib_a-mallocr.o)
                0x20000474                __malloc_av_
 .data.__malloc_sbrk_base
                0x2000087c        0x4 d:/software/10 2020-q4-major/bin/../lib/gcc/arm-none-eabi/10.2.1/../../../../arm-none-eabi/lib/thumb/v7e-m/nofp\libg.a(lib_a-mallocr.o)
                0x2000087c                __malloc_sbrk_base
 .data.__malloc_trim_threshold
                0x20000880        0x4 d:/software/10 2020-q4-major/bin/../lib/gcc/arm-none-eabi/10.2.1/../../../../arm-none-eabi/lib/thumb/v7e-m/nofp\libg.a(lib_a-mallocr.o)
                0x20000880                __malloc_trim_threshold
 .data.__global_locale
                0x20000884      0x16c d:/software/10 2020-q4-major/bin/../lib/gcc/arm-none-eabi/10.2.1/../../../../arm-none-eabi/lib/thumb/v7e-m/nofp\libg.a(lib_a-locale.o)
                0x20000884                __global_locale
 *(.RamFunc)
 *(.RamFunc*)
                0x200009f0                . = ALIGN (0x4)
                0x200009f0                _edata = .

.igot.plt       0x200009f0        0x0 load address 0x0800b55c
 .igot.plt      0x200009f0        0x0 d:/software/10 2020-q4-major/bin/../lib/gcc/arm-none-eabi/10.2.1/thumb/v7e-m/nofp/crtbegin.o
                0x200009f0                . = ALIGN (0x4)

.bss            0x200009f0      0x394 load address 0x0800b55c
                0x200009f0                _sbss = .
                0x200009f0                __bss_start__ = _sbss
 *(.bss)
 .bss           0x200009f0       0x1c d:/software/10 2020-q4-major/bin/../lib/gcc/arm-none-eabi/10.2.1/thumb/v7e-m/nofp/crtbegin.o
 *(.bss*)
 .bss.crossHistroy
                0x20000a0c        0x1 CMakeFiles/CtrledCar.elf.dir/Core/Src/main.c.obj
                0x20000a0c                crossHistroy
 .bss.data      0x20000a0d        0x1 CMakeFiles/CtrledCar.elf.dir/Core/Src/main.c.obj
                0x20000a0d                data
 *fill*         0x20000a0e        0x2 
 .bss.i.0       0x20000a10        0x4 CMakeFiles/CtrledCar.elf.dir/Core/Src/main.c.obj
 .bss.__sbrk_heap_end
                0x20000a14        0x4 CMakeFiles/CtrledCar.elf.dir/Core/Src/sysmem.c.obj
 .bss.htim1     0x20000a18       0x48 CMakeFiles/CtrledCar.elf.dir/Core/Src/tim.c.obj
                0x20000a18                htim1
 .bss.htim2     0x20000a60       0x48 CMakeFiles/CtrledCar.elf.dir/Core/Src/tim.c.obj
                0x20000a60                htim2
 .bss.htim3     0x20000aa8       0x48 CMakeFiles/CtrledCar.elf.dir/Core/Src/tim.c.obj
                0x20000aa8                htim3
 .bss.htim5     0x20000af0       0x48 CMakeFiles/CtrledCar.elf.dir/Core/Src/tim.c.obj
                0x20000af0                htim5
 .bss.huart1    0x20000b38       0x44 CMakeFiles/CtrledCar.elf.dir/Core/Src/usart.c.obj
                0x20000b38                huart1
 .bss.huart2    0x20000b7c       0x44 CMakeFiles/CtrledCar.elf.dir/Core/Src/usart.c.obj
                0x20000b7c                huart2
 .bss.uwTick    0x20000bc0        0x4 CMakeFiles/CtrledCar.elf.dir/Drivers/STM32F4xx_HAL_Driver/Src/stm32f4xx_hal.c.obj
                0x20000bc0                uwTick
 .bss.taskList  0x20000bc4       0x28 CMakeFiles/CtrledCar.elf.dir/user/timepiece.c.obj
 .bss.TStateflag
                0x20000bec        0x1 CMakeFiles/CtrledCar.elf.dir/user/user.c.obj
                0x20000bec                TStateflag
 .bss.Tflag     0x20000bed        0x1 CMakeFiles/CtrledCar.elf.dir/user/user.c.obj
                0x20000bed                Tflag
 *fill*         0x20000bee        0x2 
 .bss.basicLeftSpd
                0x20000bf0        0x8 CMakeFiles/CtrledCar.elf.dir/user/user.c.obj
                0x20000bf0                basicLeftSpd
 .bss.basicRightSpd
                0x20000bf8        0x8 CMakeFiles/CtrledCar.elf.dir/user/user.c.obj
                0x20000bf8                basicRightSpd
 .bss.charflag.4
                0x20000c00        0x1 CMakeFiles/CtrledCar.elf.dir/user/user.c.obj
 .bss.command   0x20000c01        0x1 CMakeFiles/CtrledCar.elf.dir/user/user.c.obj
                0x20000c01                command
 .bss.crossState
                0x20000c02        0x1 CMakeFiles/CtrledCar.elf.dir/user/user.c.obj
                0x20000c02                crossState
 .bss.dataFrame
                0x20000c03        0x1 CMakeFiles/CtrledCar.elf.dir/user/user.c.obj
                0x20000c03                dataFrame
 .bss.delayFlag1
                0x20000c04        0x1 CMakeFiles/CtrledCar.elf.dir/user/user.c.obj
                0x20000c04                delayFlag1
 .bss.delayPreFlag1
                0x20000c05        0x1 CMakeFiles/CtrledCar.elf.dir/user/user.c.obj
                0x20000c05                delayPreFlag1
 *fill*         0x20000c06        0x2 
 .bss.dir       0x20000c08       0x58 CMakeFiles/CtrledCar.elf.dir/user/user.c.obj
                0x20000c08                dir
 .bss.dottedFlag
                0x20000c60        0x1 CMakeFiles/CtrledCar.elf.dir/user/user.c.obj
                0x20000c60                dottedFlag
 .bss.forceTurn
                0x20000c61        0x1 CMakeFiles/CtrledCar.elf.dir/user/user.c.obj
                0x20000c61                forceTurn
 .bss.getCross  0x20000c62        0x1 CMakeFiles/CtrledCar.elf.dir/user/user.c.obj
                0x20000c62                getCross
 .bss.getT      0x20000c63        0x1 CMakeFiles/CtrledCar.elf.dir/user/user.c.obj
                0x20000c63                getT
 .bss.leftCntLoad.7
                0x20000c64        0x4 CMakeFiles/CtrledCar.elf.dir/user/user.c.obj
 .bss.leftspd   0x20000c68       0x58 CMakeFiles/CtrledCar.elf.dir/user/user.c.obj
                0x20000c68                leftspd
 .bss.mainState
                0x20000cc0        0x1 CMakeFiles/CtrledCar.elf.dir/user/user.c.obj
                0x20000cc0                mainState
 *fill*         0x20000cc1        0x3 
 .bss.negtiveflag.3
                0x20000cc4        0x4 CMakeFiles/CtrledCar.elf.dir/user/user.c.obj
 .bss.pointflag.1
                0x20000cc8        0x4 CMakeFiles/CtrledCar.elf.dir/user/user.c.obj
 .bss.rightCntLoad.0
                0x20000ccc        0x4 CMakeFiles/CtrledCar.elf.dir/user/user.c.obj
 .bss.rightCntLoad.6
                0x20000cd0        0x4 CMakeFiles/CtrledCar.elf.dir/user/user.c.obj
 *fill*         0x20000cd4        0x4 
 .bss.rightspd  0x20000cd8       0x58 CMakeFiles/CtrledCar.elf.dir/user/user.c.obj
                0x20000cd8                rightspd
 .bss.subState  0x20000d30        0x1 CMakeFiles/CtrledCar.elf.dir/user/user.c.obj
                0x20000d30                subState
 *fill*         0x20000d31        0x3 
 .bss.valint.2  0x20000d34        0x4 CMakeFiles/CtrledCar.elf.dir/user/user.c.obj
 .bss.valpoint.5
                0x20000d38        0x4 CMakeFiles/CtrledCar.elf.dir/user/user.c.obj
 .bss.__lock___atexit_recursive_mutex
                0x20000d3c        0x1 d:/software/10 2020-q4-major/bin/../lib/gcc/arm-none-eabi/10.2.1/../../../../arm-none-eabi/lib/thumb/v7e-m/nofp\libg.a(lib_a-lock.o)
                0x20000d3c                __lock___atexit_recursive_mutex
 *fill*         0x20000d3d        0x3 
 .bss.__lock___malloc_recursive_mutex
                0x20000d40        0x1 d:/software/10 2020-q4-major/bin/../lib/gcc/arm-none-eabi/10.2.1/../../../../arm-none-eabi/lib/thumb/v7e-m/nofp\libg.a(lib_a-lock.o)
                0x20000d40                __lock___malloc_recursive_mutex
 *fill*         0x20000d41        0x3 
 .bss.__lock___sfp_recursive_mutex
                0x20000d44        0x1 d:/software/10 2020-q4-major/bin/../lib/gcc/arm-none-eabi/10.2.1/../../../../arm-none-eabi/lib/thumb/v7e-m/nofp\libg.a(lib_a-lock.o)
                0x20000d44                __lock___sfp_recursive_mutex
 *fill*         0x20000d45        0x3 
 .bss.__lock___sinit_recursive_mutex
                0x20000d48        0x1 d:/software/10 2020-q4-major/bin/../lib/gcc/arm-none-eabi/10.2.1/../../../../arm-none-eabi/lib/thumb/v7e-m/nofp\libg.a(lib_a-lock.o)
                0x20000d48                __lock___sinit_recursive_mutex
 *fill*         0x20000d49        0x3 
 .bss.__malloc_current_mallinfo
                0x20000d4c       0x28 d:/software/10 2020-q4-major/bin/../lib/gcc/arm-none-eabi/10.2.1/../../../../arm-none-eabi/lib/thumb/v7e-m/nofp\libg.a(lib_a-mallocr.o)
                0x20000d4c                __malloc_current_mallinfo
 .bss.__malloc_max_sbrked_mem
                0x20000d74        0x4 d:/software/10 2020-q4-major/bin/../lib/gcc/arm-none-eabi/10.2.1/../../../../arm-none-eabi/lib/thumb/v7e-m/nofp\libg.a(lib_a-mallocr.o)
                0x20000d74                __malloc_max_sbrked_mem
 .bss.__malloc_max_total_mem
                0x20000d78        0x4 d:/software/10 2020-q4-major/bin/../lib/gcc/arm-none-eabi/10.2.1/../../../../arm-none-eabi/lib/thumb/v7e-m/nofp\libg.a(lib_a-mallocr.o)
                0x20000d78                __malloc_max_total_mem
 .bss.__malloc_top_pad
                0x20000d7c        0x4 d:/software/10 2020-q4-major/bin/../lib/gcc/arm-none-eabi/10.2.1/../../../../arm-none-eabi/lib/thumb/v7e-m/nofp\libg.a(lib_a-mallocr.o)
                0x20000d7c                __malloc_top_pad
 .bss.errno     0x20000d80        0x4 d:/software/10 2020-q4-major/bin/../lib/gcc/arm-none-eabi/10.2.1/../../../../arm-none-eabi/lib/thumb/v7e-m/nofp\libg.a(lib_a-reent.o)
                0x20000d80                errno
 *(COMMON)
                0x20000d84                . = ALIGN (0x4)
                0x20000d84                _ebss = .
                0x20000d84                __bss_end__ = _ebss

._user_heap_stack
                0x20000d84      0x604 load address 0x0800b55c
                0x20000d88                . = ALIGN (0x8)
 *fill*         0x20000d84        0x4 
                [!provide]                PROVIDE (end = .)
                0x20000d88                PROVIDE (_end = .)
                0x20000f88                . = (. + _Min_Heap_Size)
 *fill*         0x20000d88      0x200 
                0x20001388                . = (. + _Min_Stack_Size)
 *fill*         0x20000f88      0x400 
                0x20001388                . = ALIGN (0x8)

/DISCARD/
 libc.a(*)
 libm.a(*)
 libgcc.a(*)

.ARM.attributes
                0x00000000       0x2a
 *(.ARM.attributes)
 .ARM.attributes
                0x00000000       0x1e d:/software/10 2020-q4-major/bin/../lib/gcc/arm-none-eabi/10.2.1/thumb/v7e-m/nofp/crti.o
 .ARM.attributes
                0x0000001e       0x2e d:/software/10 2020-q4-major/bin/../lib/gcc/arm-none-eabi/10.2.1/thumb/v7e-m/nofp/crtbegin.o
 .ARM.attributes
                0x0000004c       0x2e CMakeFiles/CtrledCar.elf.dir/Core/Src/gpio.c.obj
 .ARM.attributes
                0x0000007a       0x2e CMakeFiles/CtrledCar.elf.dir/Core/Src/main.c.obj
 .ARM.attributes
                0x000000a8       0x2e CMakeFiles/CtrledCar.elf.dir/Core/Src/stm32f4xx_hal_msp.c.obj
 .ARM.attributes
                0x000000d6       0x2e CMakeFiles/CtrledCar.elf.dir/Core/Src/stm32f4xx_it.c.obj
 .ARM.attributes
                0x00000104       0x2e CMakeFiles/CtrledCar.elf.dir/Core/Src/syscalls.c.obj
 .ARM.attributes
                0x00000132       0x2e CMakeFiles/CtrledCar.elf.dir/Core/Src/sysmem.c.obj
 .ARM.attributes
                0x00000160       0x2e CMakeFiles/CtrledCar.elf.dir/Core/Src/system_stm32f4xx.c.obj
 .ARM.attributes
                0x0000018e       0x2e CMakeFiles/CtrledCar.elf.dir/Core/Src/tim.c.obj
 .ARM.attributes
                0x000001bc       0x2e CMakeFiles/CtrledCar.elf.dir/Core/Src/usart.c.obj
 .ARM.attributes
                0x000001ea       0x21 CMakeFiles/CtrledCar.elf.dir/Core/Startup/startup_stm32f401ccux.s.obj
 .ARM.attributes
                0x0000020b       0x2e CMakeFiles/CtrledCar.elf.dir/Debug/Debug.c.obj
 .ARM.attributes
                0x00000239       0x2e CMakeFiles/CtrledCar.elf.dir/Drivers/STM32F4xx_HAL_Driver/Src/stm32f4xx_hal.c.obj
 .ARM.attributes
                0x00000267       0x2e CMakeFiles/CtrledCar.elf.dir/Drivers/STM32F4xx_HAL_Driver/Src/stm32f4xx_hal_cortex.c.obj
 .ARM.attributes
                0x00000295       0x2e CMakeFiles/CtrledCar.elf.dir/Drivers/STM32F4xx_HAL_Driver/Src/stm32f4xx_hal_dma.c.obj
 .ARM.attributes
                0x000002c3       0x2e CMakeFiles/CtrledCar.elf.dir/Drivers/STM32F4xx_HAL_Driver/Src/stm32f4xx_hal_gpio.c.obj
 .ARM.attributes
                0x000002f1       0x2e CMakeFiles/CtrledCar.elf.dir/Drivers/STM32F4xx_HAL_Driver/Src/stm32f4xx_hal_rcc.c.obj
 .ARM.attributes
                0x0000031f       0x2e CMakeFiles/CtrledCar.elf.dir/Drivers/STM32F4xx_HAL_Driver/Src/stm32f4xx_hal_tim.c.obj
 .ARM.attributes
                0x0000034d       0x2e CMakeFiles/CtrledCar.elf.dir/Drivers/STM32F4xx_HAL_Driver/Src/stm32f4xx_hal_tim_ex.c.obj
 .ARM.attributes
                0x0000037b       0x2e CMakeFiles/CtrledCar.elf.dir/Drivers/STM32F4xx_HAL_Driver/Src/stm32f4xx_hal_uart.c.obj
 .ARM.attributes
                0x000003a9       0x2e CMakeFiles/CtrledCar.elf.dir/user/timepiece.c.obj
 .ARM.attributes
                0x000003d7       0x2e CMakeFiles/CtrledCar.elf.dir/user/user.c.obj
 .ARM.attributes
                0x00000405       0x1e d:/software/10 2020-q4-major/bin/../lib/gcc/arm-none-eabi/10.2.1/thumb/v7e-m/nofp\libgcc.a(_arm_addsubdf3.o)
 .ARM.attributes
                0x00000423       0x1e d:/software/10 2020-q4-major/bin/../lib/gcc/arm-none-eabi/10.2.1/thumb/v7e-m/nofp\libgcc.a(_arm_muldivdf3.o)
 .ARM.attributes
                0x00000441       0x1e d:/software/10 2020-q4-major/bin/../lib/gcc/arm-none-eabi/10.2.1/thumb/v7e-m/nofp\libgcc.a(_arm_cmpdf2.o)
 .ARM.attributes
                0x0000045f       0x1e d:/software/10 2020-q4-major/bin/../lib/gcc/arm-none-eabi/10.2.1/thumb/v7e-m/nofp\libgcc.a(_arm_fixunsdfsi.o)
 .ARM.attributes
                0x0000047d       0x1e d:/software/10 2020-q4-major/bin/../lib/gcc/arm-none-eabi/10.2.1/thumb/v7e-m/nofp\libgcc.a(_arm_truncdfsf2.o)
 .ARM.attributes
                0x0000049b       0x1e d:/software/10 2020-q4-major/bin/../lib/gcc/arm-none-eabi/10.2.1/thumb/v7e-m/nofp\libgcc.a(_arm_addsubsf3.o)
 .ARM.attributes
                0x000004b9       0x1e d:/software/10 2020-q4-major/bin/../lib/gcc/arm-none-eabi/10.2.1/thumb/v7e-m/nofp\libgcc.a(_arm_muldivsf3.o)
 .ARM.attributes
                0x000004d7       0x1e d:/software/10 2020-q4-major/bin/../lib/gcc/arm-none-eabi/10.2.1/thumb/v7e-m/nofp\libgcc.a(_arm_cmpsf2.o)
 .ARM.attributes
                0x000004f5       0x1e d:/software/10 2020-q4-major/bin/../lib/gcc/arm-none-eabi/10.2.1/thumb/v7e-m/nofp\libgcc.a(_arm_fixunssfsi.o)
 .ARM.attributes
                0x00000513       0x1e d:/software/10 2020-q4-major/bin/../lib/gcc/arm-none-eabi/10.2.1/thumb/v7e-m/nofp\libgcc.a(_aeabi_uldivmod.o)
 .ARM.attributes
                0x00000531       0x2e d:/software/10 2020-q4-major/bin/../lib/gcc/arm-none-eabi/10.2.1/thumb/v7e-m/nofp\libgcc.a(_udivmoddi4.o)
 .ARM.attributes
                0x0000055f       0x1e d:/software/10 2020-q4-major/bin/../lib/gcc/arm-none-eabi/10.2.1/thumb/v7e-m/nofp\libgcc.a(_dvmd_tls.o)
 .ARM.attributes
                0x0000057d       0x2e d:/software/10 2020-q4-major/bin/../lib/gcc/arm-none-eabi/10.2.1/../../../../arm-none-eabi/lib/thumb/v7e-m/nofp\libg.a(lib_a-errno.o)
 .ARM.attributes
                0x000005ab       0x2e d:/software/10 2020-q4-major/bin/../lib/gcc/arm-none-eabi/10.2.1/../../../../arm-none-eabi/lib/thumb/v7e-m/nofp\libg.a(lib_a-impure.o)
 .ARM.attributes
                0x000005d9       0x2e d:/software/10 2020-q4-major/bin/../lib/gcc/arm-none-eabi/10.2.1/../../../../arm-none-eabi/lib/thumb/v7e-m/nofp\libg.a(lib_a-init.o)
 .ARM.attributes
                0x00000607       0x2e d:/software/10 2020-q4-major/bin/../lib/gcc/arm-none-eabi/10.2.1/../../../../arm-none-eabi/lib/thumb/v7e-m/nofp\libg.a(lib_a-memset.o)
 .ARM.attributes
                0x00000635       0x2e d:/software/10 2020-q4-major/bin/../lib/gcc/arm-none-eabi/10.2.1/../../../../arm-none-eabi/lib/thumb/v7e-m/nofp\libg.a(lib_a-vsnprintf.o)
 .ARM.attributes
                0x00000663       0x2e d:/software/10 2020-q4-major/bin/../lib/gcc/arm-none-eabi/10.2.1/../../../../arm-none-eabi/lib/thumb/v7e-m/nofp\libg.a(lib_a-__call_atexit.o)
 .ARM.attributes
                0x00000691       0x2e d:/software/10 2020-q4-major/bin/../lib/gcc/arm-none-eabi/10.2.1/../../../../arm-none-eabi/lib/thumb/v7e-m/nofp\libg.a(lib_a-atexit.o)
 .ARM.attributes
                0x000006bf       0x2e d:/software/10 2020-q4-major/bin/../lib/gcc/arm-none-eabi/10.2.1/../../../../arm-none-eabi/lib/thumb/v7e-m/nofp\libg.a(lib_a-fini.o)
 .ARM.attributes
                0x000006ed       0x2e d:/software/10 2020-q4-major/bin/../lib/gcc/arm-none-eabi/10.2.1/../../../../arm-none-eabi/lib/thumb/v7e-m/nofp\libg.a(lib_a-lock.o)
 .ARM.attributes
                0x0000071b       0x2e d:/software/10 2020-q4-major/bin/../lib/gcc/arm-none-eabi/10.2.1/../../../../arm-none-eabi/lib/thumb/v7e-m/nofp\libg.a(lib_a-svfprintf.o)
 .ARM.attributes
                0x00000749       0x2e d:/software/10 2020-q4-major/bin/../lib/gcc/arm-none-eabi/10.2.1/../../../../arm-none-eabi/lib/thumb/v7e-m/nofp\libg.a(lib_a-__atexit.o)
 .ARM.attributes
                0x00000777       0x2e d:/software/10 2020-q4-major/bin/../lib/gcc/arm-none-eabi/10.2.1/../../../../arm-none-eabi/lib/thumb/v7e-m/nofp\libg.a(lib_a-dtoa.o)
 .ARM.attributes
                0x000007a5       0x2e d:/software/10 2020-q4-major/bin/../lib/gcc/arm-none-eabi/10.2.1/../../../../arm-none-eabi/lib/thumb/v7e-m/nofp\libg.a(lib_a-freer.o)
 .ARM.attributes
                0x000007d3       0x2e d:/software/10 2020-q4-major/bin/../lib/gcc/arm-none-eabi/10.2.1/../../../../arm-none-eabi/lib/thumb/v7e-m/nofp\libg.a(lib_a-localeconv.o)
 .ARM.attributes
                0x00000801       0x2e d:/software/10 2020-q4-major/bin/../lib/gcc/arm-none-eabi/10.2.1/../../../../arm-none-eabi/lib/thumb/v7e-m/nofp\libg.a(lib_a-mallocr.o)
 .ARM.attributes
                0x0000082f       0x1c d:/software/10 2020-q4-major/bin/../lib/gcc/arm-none-eabi/10.2.1/../../../../arm-none-eabi/lib/thumb/v7e-m/nofp\libg.a(lib_a-memchr.o)
 .ARM.attributes
                0x0000084b       0x1c d:/software/10 2020-q4-major/bin/../lib/gcc/arm-none-eabi/10.2.1/../../../../arm-none-eabi/lib/thumb/v7e-m/nofp\libg.a(lib_a-memcpy.o)
 .ARM.attributes
                0x00000867       0x2e d:/software/10 2020-q4-major/bin/../lib/gcc/arm-none-eabi/10.2.1/../../../../arm-none-eabi/lib/thumb/v7e-m/nofp\libg.a(lib_a-mlock.o)
 .ARM.attributes
                0x00000895       0x2e d:/software/10 2020-q4-major/bin/../lib/gcc/arm-none-eabi/10.2.1/../../../../arm-none-eabi/lib/thumb/v7e-m/nofp\libg.a(lib_a-mprec.o)
 .ARM.attributes
                0x000008c3       0x2e d:/software/10 2020-q4-major/bin/../lib/gcc/arm-none-eabi/10.2.1/../../../../arm-none-eabi/lib/thumb/v7e-m/nofp\libg.a(lib_a-s_frexp.o)
 .ARM.attributes
                0x000008f1       0x2e d:/software/10 2020-q4-major/bin/../lib/gcc/arm-none-eabi/10.2.1/../../../../arm-none-eabi/lib/thumb/v7e-m/nofp\libg.a(lib_a-sbrkr.o)
 .ARM.attributes
                0x0000091f       0x1c d:/software/10 2020-q4-major/bin/../lib/gcc/arm-none-eabi/10.2.1/../../../../arm-none-eabi/lib/thumb/v7e-m/nofp\libg.a(lib_a-strlen.o)
 .ARM.attributes
                0x0000093b       0x2e d:/software/10 2020-q4-major/bin/../lib/gcc/arm-none-eabi/10.2.1/../../../../arm-none-eabi/lib/thumb/v7e-m/nofp\libg.a(lib_a-strncpy.o)
 .ARM.attributes
                0x00000969       0x2e d:/software/10 2020-q4-major/bin/../lib/gcc/arm-none-eabi/10.2.1/../../../../arm-none-eabi/lib/thumb/v7e-m/nofp\libg.a(lib_a-svfiprintf.o)
 .ARM.attributes
                0x00000997       0x2e d:/software/10 2020-q4-major/bin/../lib/gcc/arm-none-eabi/10.2.1/../../../../arm-none-eabi/lib/thumb/v7e-m/nofp\libg.a(lib_a-assert.o)
 .ARM.attributes
                0x000009c5       0x2e d:/software/10 2020-q4-major/bin/../lib/gcc/arm-none-eabi/10.2.1/../../../../arm-none-eabi/lib/thumb/v7e-m/nofp\libg.a(lib_a-callocr.o)
 .ARM.attributes
                0x000009f3       0x2e d:/software/10 2020-q4-major/bin/../lib/gcc/arm-none-eabi/10.2.1/../../../../arm-none-eabi/lib/thumb/v7e-m/nofp\libg.a(lib_a-fiprintf.o)
 .ARM.attributes
                0x00000a21       0x2e d:/software/10 2020-q4-major/bin/../lib/gcc/arm-none-eabi/10.2.1/../../../../arm-none-eabi/lib/thumb/v7e-m/nofp\libg.a(lib_a-locale.o)
 .ARM.attributes
                0x00000a4f       0x2e d:/software/10 2020-q4-major/bin/../lib/gcc/arm-none-eabi/10.2.1/../../../../arm-none-eabi/lib/thumb/v7e-m/nofp\libg.a(lib_a-mbtowc_r.o)
 .ARM.attributes
                0x00000a7d       0x2e d:/software/10 2020-q4-major/bin/../lib/gcc/arm-none-eabi/10.2.1/../../../../arm-none-eabi/lib/thumb/v7e-m/nofp\libg.a(lib_a-memmove.o)
 .ARM.attributes
                0x00000aab       0x2e d:/software/10 2020-q4-major/bin/../lib/gcc/arm-none-eabi/10.2.1/../../../../arm-none-eabi/lib/thumb/v7e-m/nofp\libg.a(lib_a-reallocr.o)
 .ARM.attributes
                0x00000ad9       0x2e d:/software/10 2020-q4-major/bin/../lib/gcc/arm-none-eabi/10.2.1/../../../../arm-none-eabi/lib/thumb/v7e-m/nofp\libg.a(lib_a-reent.o)
 .ARM.attributes
                0x00000b07       0x2e d:/software/10 2020-q4-major/bin/../lib/gcc/arm-none-eabi/10.2.1/../../../../arm-none-eabi/lib/thumb/v7e-m/nofp\libg.a(lib_a-vfiprintf.o)
 .ARM.attributes
                0x00000b35       0x2e d:/software/10 2020-q4-major/bin/../lib/gcc/arm-none-eabi/10.2.1/../../../../arm-none-eabi/lib/thumb/v7e-m/nofp\libg.a(lib_a-wctomb_r.o)
 .ARM.attributes
                0x00000b63       0x2e d:/software/10 2020-q4-major/bin/../lib/gcc/arm-none-eabi/10.2.1/../../../../arm-none-eabi/lib/thumb/v7e-m/nofp\libg.a(lib_a-wsetup.o)
 .ARM.attributes
                0x00000b91       0x2e d:/software/10 2020-q4-major/bin/../lib/gcc/arm-none-eabi/10.2.1/../../../../arm-none-eabi/lib/thumb/v7e-m/nofp\libg.a(lib_a-abort.o)
 .ARM.attributes
                0x00000bbf       0x2e d:/software/10 2020-q4-major/bin/../lib/gcc/arm-none-eabi/10.2.1/../../../../arm-none-eabi/lib/thumb/v7e-m/nofp\libg.a(lib_a-ctype_.o)
 .ARM.attributes
                0x00000bed       0x2e d:/software/10 2020-q4-major/bin/../lib/gcc/arm-none-eabi/10.2.1/../../../../arm-none-eabi/lib/thumb/v7e-m/nofp\libg.a(lib_a-fflush.o)
 .ARM.attributes
                0x00000c1b       0x2e d:/software/10 2020-q4-major/bin/../lib/gcc/arm-none-eabi/10.2.1/../../../../arm-none-eabi/lib/thumb/v7e-m/nofp\libg.a(lib_a-findfp.o)
 .ARM.attributes
                0x00000c49       0x2e d:/software/10 2020-q4-major/bin/../lib/gcc/arm-none-eabi/10.2.1/../../../../arm-none-eabi/lib/thumb/v7e-m/nofp\libg.a(lib_a-fputwc.o)
 .ARM.attributes
                0x00000c77       0x2e d:/software/10 2020-q4-major/bin/../lib/gcc/arm-none-eabi/10.2.1/../../../../arm-none-eabi/lib/thumb/v7e-m/nofp\libg.a(lib_a-fvwrite.o)
 .ARM.attributes
                0x00000ca5       0x2e d:/software/10 2020-q4-major/bin/../lib/gcc/arm-none-eabi/10.2.1/../../../../arm-none-eabi/lib/thumb/v7e-m/nofp\libg.a(lib_a-fwalk.o)
 .ARM.attributes
                0x00000cd3       0x2e d:/software/10 2020-q4-major/bin/../lib/gcc/arm-none-eabi/10.2.1/../../../../arm-none-eabi/lib/thumb/v7e-m/nofp\libg.a(lib_a-makebuf.o)
 .ARM.attributes
                0x00000d01       0x2e d:/software/10 2020-q4-major/bin/../lib/gcc/arm-none-eabi/10.2.1/../../../../arm-none-eabi/lib/thumb/v7e-m/nofp\libg.a(lib_a-signal.o)
 .ARM.attributes
                0x00000d2f       0x2e d:/software/10 2020-q4-major/bin/../lib/gcc/arm-none-eabi/10.2.1/../../../../arm-none-eabi/lib/thumb/v7e-m/nofp\libg.a(lib_a-signalr.o)
 .ARM.attributes
                0x00000d5d       0x2e d:/software/10 2020-q4-major/bin/../lib/gcc/arm-none-eabi/10.2.1/../../../../arm-none-eabi/lib/thumb/v7e-m/nofp\libg.a(lib_a-stdio.o)
 .ARM.attributes
                0x00000d8b       0x2e d:/software/10 2020-q4-major/bin/../lib/gcc/arm-none-eabi/10.2.1/../../../../arm-none-eabi/lib/thumb/v7e-m/nofp\libg.a(lib_a-wbuf.o)
 .ARM.attributes
                0x00000db9       0x2e d:/software/10 2020-q4-major/bin/../lib/gcc/arm-none-eabi/10.2.1/../../../../arm-none-eabi/lib/thumb/v7e-m/nofp\libg.a(lib_a-wcrtomb.o)
 .ARM.attributes
                0x00000de7       0x2e d:/software/10 2020-q4-major/bin/../lib/gcc/arm-none-eabi/10.2.1/../../../../arm-none-eabi/lib/thumb/v7e-m/nofp\libg.a(lib_a-writer.o)
 .ARM.attributes
                0x00000e15       0x2e d:/software/10 2020-q4-major/bin/../lib/gcc/arm-none-eabi/10.2.1/../../../../arm-none-eabi/lib/thumb/v7e-m/nofp\libg.a(lib_a-closer.o)
 .ARM.attributes
                0x00000e43       0x2e d:/software/10 2020-q4-major/bin/../lib/gcc/arm-none-eabi/10.2.1/../../../../arm-none-eabi/lib/thumb/v7e-m/nofp\libg.a(lib_a-fclose.o)
 .ARM.attributes
                0x00000e71       0x2e d:/software/10 2020-q4-major/bin/../lib/gcc/arm-none-eabi/10.2.1/../../../../arm-none-eabi/lib/thumb/v7e-m/nofp\libg.a(lib_a-fstatr.o)
 .ARM.attributes
                0x00000e9f       0x2e d:/software/10 2020-q4-major/bin/../lib/gcc/arm-none-eabi/10.2.1/../../../../arm-none-eabi/lib/thumb/v7e-m/nofp\libg.a(lib_a-isattyr.o)
 .ARM.attributes
                0x00000ecd       0x2e d:/software/10 2020-q4-major/bin/../lib/gcc/arm-none-eabi/10.2.1/../../../../arm-none-eabi/lib/thumb/v7e-m/nofp\libg.a(lib_a-lseekr.o)
 .ARM.attributes
                0x00000efb       0x2e d:/software/10 2020-q4-major/bin/../lib/gcc/arm-none-eabi/10.2.1/../../../../arm-none-eabi/lib/thumb/v7e-m/nofp\libg.a(lib_a-readr.o)
 .ARM.attributes
                0x00000f29       0x1e d:/software/10 2020-q4-major/bin/../lib/gcc/arm-none-eabi/10.2.1/thumb/v7e-m/nofp\libgcc.a(_arm_unorddf2.o)
 .ARM.attributes
                0x00000f47       0x1e d:/software/10 2020-q4-major/bin/../lib/gcc/arm-none-eabi/10.2.1/thumb/v7e-m/nofp\libgcc.a(_arm_fixdfsi.o)
 .ARM.attributes
                0x00000f65       0x1e d:/software/10 2020-q4-major/bin/../lib/gcc/arm-none-eabi/10.2.1/thumb/v7e-m/nofp/crtn.o
OUTPUT(CtrledCar.elf elf32-littlearm)
LOAD linker stubs
LOAD d:/software/10 2020-q4-major/bin/../lib/gcc/arm-none-eabi/10.2.1/../../../../arm-none-eabi/lib/thumb/v7e-m/nofp\libc.a
LOAD d:/software/10 2020-q4-major/bin/../lib/gcc/arm-none-eabi/10.2.1/../../../../arm-none-eabi/lib/thumb/v7e-m/nofp\libm.a
LOAD d:/software/10 2020-q4-major/bin/../lib/gcc/arm-none-eabi/10.2.1/thumb/v7e-m/nofp\libgcc.a

.debug_info     0x00000000    0x1479c
 .debug_info    0x00000000      0x4f6 CMakeFiles/CtrledCar.elf.dir/Core/Src/gpio.c.obj
 .debug_info    0x000004f6     0x15ec CMakeFiles/CtrledCar.elf.dir/Core/Src/main.c.obj
 .debug_info    0x00001ae2      0x2d0 CMakeFiles/CtrledCar.elf.dir/Core/Src/stm32f4xx_hal_msp.c.obj
 .debug_info    0x00001db2      0xa90 CMakeFiles/CtrledCar.elf.dir/Core/Src/stm32f4xx_it.c.obj
 .debug_info    0x00002842      0x7af CMakeFiles/CtrledCar.elf.dir/Core/Src/syscalls.c.obj
 .debug_info    0x00002ff1      0x174 CMakeFiles/CtrledCar.elf.dir/Core/Src/sysmem.c.obj
 .debug_info    0x00003165      0x3a9 CMakeFiles/CtrledCar.elf.dir/Core/Src/system_stm32f4xx.c.obj
 .debug_info    0x0000350e     0x14a1 CMakeFiles/CtrledCar.elf.dir/Core/Src/tim.c.obj
 .debug_info    0x000049af      0xd46 CMakeFiles/CtrledCar.elf.dir/Core/Src/usart.c.obj
 .debug_info    0x000056f5       0x22 CMakeFiles/CtrledCar.elf.dir/Core/Startup/startup_stm32f401ccux.s.obj
 .debug_info    0x00005717      0x694 CMakeFiles/CtrledCar.elf.dir/Debug/Debug.c.obj
 .debug_info    0x00005dab      0x97b CMakeFiles/CtrledCar.elf.dir/Drivers/STM32F4xx_HAL_Driver/Src/stm32f4xx_hal.c.obj
 .debug_info    0x00006726     0x1002 CMakeFiles/CtrledCar.elf.dir/Drivers/STM32F4xx_HAL_Driver/Src/stm32f4xx_hal_cortex.c.obj
 .debug_info    0x00007728      0xb37 CMakeFiles/CtrledCar.elf.dir/Drivers/STM32F4xx_HAL_Driver/Src/stm32f4xx_hal_dma.c.obj
 .debug_info    0x0000825f      0x7d4 CMakeFiles/CtrledCar.elf.dir/Drivers/STM32F4xx_HAL_Driver/Src/stm32f4xx_hal_gpio.c.obj
 .debug_info    0x00008a33      0xb2a CMakeFiles/CtrledCar.elf.dir/Drivers/STM32F4xx_HAL_Driver/Src/stm32f4xx_hal_rcc.c.obj
 .debug_info    0x0000955d     0x3d54 CMakeFiles/CtrledCar.elf.dir/Drivers/STM32F4xx_HAL_Driver/Src/stm32f4xx_hal_tim.c.obj
 .debug_info    0x0000d2b1     0x1ad6 CMakeFiles/CtrledCar.elf.dir/Drivers/STM32F4xx_HAL_Driver/Src/stm32f4xx_hal_tim_ex.c.obj
 .debug_info    0x0000ed87     0x422b CMakeFiles/CtrledCar.elf.dir/Drivers/STM32F4xx_HAL_Driver/Src/stm32f4xx_hal_uart.c.obj